Archive member included to satisfy reference by file (symbol)

C:/NXP/S32DS.3.5/S32DS/build_tools/gcc_b1620/gcc-6.3-arm32-eabi/lib/gcc/arm-none-eabi/6.3.1/thumb/v7e-m/fpv4-sp/hard\libgcc.a(_arm_addsubdf3.o)
                              build/smart_wheels_hl.o (__aeabi_ui2d)
C:/NXP/S32DS.3.5/S32DS/build_tools/gcc_b1620/gcc-6.3-arm32-eabi/lib/gcc/arm-none-eabi/6.3.1/thumb/v7e-m/fpv4-sp/hard\libgcc.a(_arm_fixunsdfsi.o)
                              build/smart_wheels_hl.o (__aeabi_d2uiz)
C:/NXP/S32DS.3.5/S32DS/build_tools/gcc_b1620/gcc-6.3-arm32-eabi/lib/gcc/arm-none-eabi/6.3.1/thumb/v7e-m/fpv4-sp/hard\libgcc.a(_aeabi_uldivmod.o)
                              build/lptmr_driver.o (__aeabi_uldivmod)
C:/NXP/S32DS.3.5/S32DS/build_tools/gcc_b1620/gcc-6.3-arm32-eabi/lib/gcc/arm-none-eabi/6.3.1/thumb/v7e-m/fpv4-sp/hard\libgcc.a(_udivmoddi4.o)
                              C:/NXP/S32DS.3.5/S32DS/build_tools/gcc_b1620/gcc-6.3-arm32-eabi/lib/gcc/arm-none-eabi/6.3.1/thumb/v7e-m/fpv4-sp/hard\libgcc.a(_aeabi_uldivmod.o) (__udivmoddi4)
C:/NXP/S32DS.3.5/S32DS/build_tools/gcc_b1620/gcc-6.3-arm32-eabi/lib/gcc/arm-none-eabi/6.3.1/thumb/v7e-m/fpv4-sp/hard\libgcc.a(_dvmd_tls.o)
                              C:/NXP/S32DS.3.5/S32DS/build_tools/gcc_b1620/gcc-6.3-arm32-eabi/lib/gcc/arm-none-eabi/6.3.1/thumb/v7e-m/fpv4-sp/hard\libgcc.a(_aeabi_uldivmod.o) (__aeabi_ldiv0)
C:/NXP/S32DS.3.5/S32DS/build_tools/gcc_b1620/gcc-6.3-arm32-eabi/arm-none-eabi/newlib/lib/thumb/v7e-m/fpv4-sp/hard\libc.a(lib_a-memset.o)
                              build/ancit_can_rx.o (memset)

Discarded input sections

 .group         0x00000000        0xc build/system_S32K144.o
 .group         0x00000000        0xc build/system_S32K144.o
 .group         0x00000000        0xc build/system_S32K144.o
 .group         0x00000000        0xc build/system_S32K144.o
 .group         0x00000000        0xc build/system_S32K144.o
 .group         0x00000000        0xc build/system_S32K144.o
 .group         0x00000000        0xc build/system_S32K144.o
 .group         0x00000000        0xc build/system_S32K144.o
 .group         0x00000000        0xc build/system_S32K144.o
 .group         0x00000000        0xc build/system_S32K144.o
 .group         0x00000000        0xc build/system_S32K144.o
 .group         0x00000000        0xc build/system_S32K144.o
 .group         0x00000000        0xc build/system_S32K144.o
 .group         0x00000000        0xc build/system_S32K144.o
 .text          0x00000000        0x0 build/system_S32K144.o
 .data          0x00000000        0x0 build/system_S32K144.o
 .bss           0x00000000        0x0 build/system_S32K144.o
 .text.SystemCoreClockUpdate
                0x00000000       0x88 build/system_S32K144.o
 .data.SystemCoreClock
                0x00000000        0x4 build/system_S32K144.o
 .group         0x00000000        0xc build/startup.o
 .group         0x00000000        0xc build/startup.o
 .group         0x00000000        0xc build/startup.o
 .group         0x00000000        0xc build/startup.o
 .group         0x00000000        0xc build/startup.o
 .group         0x00000000        0xc build/startup.o
 .group         0x00000000        0xc build/startup.o
 .group         0x00000000        0xc build/startup.o
 .group         0x00000000        0xc build/startup.o
 .group         0x00000000        0xc build/startup.o
 .group         0x00000000        0xc build/startup.o
 .group         0x00000000        0xc build/startup.o
 .group         0x00000000        0xc build/startup.o
 .text          0x00000000        0x0 build/startup.o
 .data          0x00000000        0x0 build/startup.o
 .bss           0x00000000        0x0 build/startup.o
 .debug_macro   0x00000000      0x8e0 build/startup.o
 .debug_macro   0x00000000       0x22 build/startup.o
 .debug_macro   0x00000000       0x56 build/startup.o
 .debug_macro   0x00000000       0x51 build/startup.o
 .debug_macro   0x00000000       0xef build/startup.o
 .debug_macro   0x00000000       0x6a build/startup.o
 .debug_macro   0x00000000      0x1df build/startup.o
 .debug_macro   0x00000000       0x10 build/startup.o
 .debug_macro   0x00000000       0x79 build/startup.o
 .debug_macro   0x00000000      0xbbd build/startup.o
 .debug_macro   0x00000000       0x22 build/startup.o
 .group         0x00000000        0xc build/adc_driver.o
 .group         0x00000000        0xc build/adc_driver.o
 .group         0x00000000        0xc build/adc_driver.o
 .group         0x00000000        0xc build/adc_driver.o
 .group         0x00000000        0xc build/adc_driver.o
 .group         0x00000000        0xc build/adc_driver.o
 .group         0x00000000        0xc build/adc_driver.o
 .group         0x00000000        0xc build/adc_driver.o
 .group         0x00000000        0xc build/adc_driver.o
 .group         0x00000000        0xc build/adc_driver.o
 .group         0x00000000        0xc build/adc_driver.o
 .group         0x00000000        0xc build/adc_driver.o
[...]
Memory Configuration

Name             Origin             Length             Attributes
m_interrupts     0x0000c000         0x00000400         xr
m_flash_config   0x0000c400         0x00000010         xr
m_text           0x0000c410         0x0007fbf0         xr
m_data           0x1fff8000         0x00008000         rw
m_data_2         0x20000000         0x00007000         rw
*default*        0x00000000         0xffffffff

Linker script and memory map

LOAD build/system_S32K144.o
LOAD build/startup.o
LOAD build/adc_driver.o
LOAD build/clock_S32K1xx.o
LOAD build/edma_driver.o
LOAD build/edma_hw_access.o
LOAD build/edma_irq.o
LOAD build/flash_driver.o
LOAD build/flexcan_driver.o
LOAD build/flexcan_hw_access.o
LOAD build/flexcan_irq.o
LOAD build/ftm_common.o
LOAD build/ftm_hw_access.o
LOAD build/ftm_pwm_driver.o
LOAD build/interrupt_manager.o
LOAD build/lptmr_driver.o
LOAD build/lptmr_hw_access.o
LOAD build/lpuart_driver.o
LOAD build/lpuart_hw_access.o
LOAD build/lpuart_irq.o
LOAD build/pins_driver.o
LOAD build/pins_port_hw_access.o
LOAD build/osif_baremetal.o
LOAD build/UdsBootMgr.o
LOAD build/UdsNvmMgr.o
LOAD build/ancit_driver_adc.o
LOAD build/ancit_driver_can.o
LOAD build/ancit_driver_digital_io.o
LOAD build/ancit_driver_timer.o
LOAD build/ancit_driver_uart.o
LOAD build/fota_uart.o
LOAD build/fota_uart_config.o
LOAD build/fota_utils.o
LOAD build/ancit_adc.o
LOAD build/ancit_can.o
LOAD build/ancit_can_rx.o
LOAD build/ancit_can_tx.o
LOAD build/ancit_dwin.o
LOAD build/ancit_dwin_rx.o
LOAD build/ancit_dwin_tx.o
LOAD build/ancit_di.o
LOAD build/ancit_do.o
LOAD build/ancit_pwm.o
LOAD build/ancit_common.o
LOAD build/ancit_scheduler.o
LOAD build/ancit_timer.o
LOAD build/ancit_uart_conn.o
LOAD build/clock_config.o
LOAD build/peripherals_MyADC_0.o
LOAD build/peripherals_MyADC_1.o
LOAD build/peripherals_edma_config_1.o
LOAD build/peripherals_flash_1.o
LOAD build/peripherals_flexTimer_pwm_1.o
LOAD build/peripherals_flexcan_config_1.o
LOAD build/peripherals_lptmr_1.o
LOAD build/peripherals_lpuart_1.o
LOAD build/peripherals_lpuart_2.o
LOAD build/peripherals_osif_1.o
LOAD build/pin_mux.o
LOAD build/ancit_head_light.o
LOAD build/ancit_orvm.o
LOAD build/genx_adc.o
LOAD build/genx_can_rx.o
LOAD build/genx_can_tx.o
LOAD build/genx_common.o
LOAD build/genx_di.o
LOAD build/genx_do.o
LOAD build/genx_runnables.o
LOAD build/genx_scheduler.o
LOAD build/main.o
LOAD build/smart_wheels_hl.o
LOAD build/startup_S32K144.o
START GROUP
LOAD C:/NXP/S32DS.3.5/S32DS/build_tools/gcc_b1620/gcc-6.3-arm32-eabi/lib/gcc/arm-none-eabi/6.3.1/thumb/v7e-m/fpv4-sp/hard\libgcc.a
LOAD C:/NXP/S32DS.3.5/S32DS/build_tools/gcc_b1620/gcc-6.3-arm32-eabi/arm-none-eabi/newlib/lib/thumb/v7e-m/fpv4-sp/hard\libc.a
LOAD C:/NXP/S32DS.3.5/S32DS/build_tools/gcc_b1620/gcc-6.3-arm32-eabi/arm-none-eabi/newlib/lib/thumb/v7e-m/fpv4-sp/hard\libnosys.a
END GROUP
START GROUP
LOAD C:/NXP/S32DS.3.5/S32DS/build_tools/gcc_b1620/gcc-6.3-arm32-eabi/lib/gcc/arm-none-eabi/6.3.1/thumb/v7e-m/fpv4-sp/hard\libgcc.a
LOAD C:/NXP/S32DS.3.5/S32DS/build_tools/gcc_b1620/gcc-6.3-arm32-eabi/arm-none-eabi/newlib/lib/thumb/v7e-m/fpv4-sp/hard\libc.a
END GROUP
START GROUP
LOAD C:/NXP/S32DS.3.5/S32DS/build_tools/gcc_b1620/gcc-6.3-arm32-eabi/lib/gcc/arm-none-eabi/6.3.1/thumb/v7e-m/fpv4-sp/hard\libgcc.a
LOAD C:/NXP/S32DS.3.5/S32DS/build_tools/gcc_b1620/gcc-6.3-arm32-eabi/arm-none-eabi/newlib/lib/thumb/v7e-m/fpv4-sp/hard\libc.a
LOAD C:/NXP/S32DS.3.5/S32DS/build_tools/gcc_b1620/gcc-6.3-arm32-eabi/arm-none-eabi/newlib/lib/thumb/v7e-m/fpv4-sp/hard\libnosys.a
END GROUP
                0x00000400                HEAP_SIZE = DEFINED (__heap_size__)?__heap_size__:0x400
                0x00000400                STACK_SIZE = DEFINED (__stack_size__)?__stack_size__:0x400
                0x00000400                M_VECTOR_RAM_SIZE = DEFINED (__flash_vector_table__)?0x0:0x400

.interrupts     0x0000c000      0x400
                0x0000c000                __VECTOR_TABLE = .
                0x0000c000                __interrupts_start__ = .
                0x0000c000                . = ALIGN (0x4)
 *(.isr_vector)
 .isr_vector    0x0000c000      0x400 build/startup_S32K144.o
                0x0000c000                __isr_vector
                0x0000c400                __interrupts_end__ = .
                0x0000c400                . = ALIGN (0x4)

.flash_config   0x0000c400       0x10
                0x0000c400                . = ALIGN (0x4)
 *(.FlashConfig)
 .FlashConfig   0x0000c400       0x10 build/startup_S32K144.o
                0x0000c410                . = ALIGN (0x4)

.text           0x0000c410     0x734c
                0x0000c410                . = ALIGN (0x4)
 *(.text)
 .text          0x0000c410       0x4c build/startup_S32K144.o
                0x0000c410                Reset_Handler
                0x0000c458                DebugMon_Handler
                0x0000c458                Reserved88_IRQHandler
                0x0000c458                HardFault_Handler
                0x0000c458                Reserved86_IRQHandler
                0x0000c458                Reserved103_IRQHandler
                0x0000c458                FTM2_Ovf_Reload_IRQHandler
                0x0000c458                Reserved50_IRQHandler
                0x0000c458                FTFC_Fault_IRQHandler
                0x0000c458                FTM0_Ch6_Ch7_IRQHandler
                0x0000c458                Reserved114_IRQHandler
                0x0000c458                PendSV_Handler
                0x0000c458                NMI_Handler
                0x0000c458                Reserved89_IRQHandler
                0x0000c458                ERM_double_fault_IRQHandler
                0x0000c458                Reserved59_IRQHandler
                0x0000c458                LPIT0_Ch0_IRQHandler
                0x0000c458                Reserved99_IRQHandler
                0x0000c458                FTM3_Ch6_Ch7_IRQHandler
                0x0000c458                LPIT0_Ch3_IRQHandler
                0x0000c458                Reserved92_IRQHandler
                0x0000c458                FTM0_Ch4_Ch5_IRQHandler
                0x0000c458                FTM3_Ch0_Ch1_IRQHandler
                0x0000c458                SWI_IRQHandler
                0x0000c458                ADC0_IRQHandler
                0x0000c458                FTM2_Ch4_Ch5_IRQHandler
                0x0000c458                UsageFault_Handler
                0x0000c458                FTM0_Ovf_Reload_IRQHandler
                0x0000c458                DefaultISR
                0x0000c458                Reserved58_IRQHandler
                0x0000c458                FTM1_Ch2_Ch3_IRQHandler
                0x0000c458                Reserved82_IRQHandler
                0x0000c458                LPI2C0_Slave_IRQHandler
                0x0000c458                Reserved71_IRQHandler
                0x0000c458                PORTD_IRQHandler
                0x0000c458                Reserved69_IRQHandler
                0x0000c458                PORTB_IRQHandler
                0x0000c458                Reserved70_IRQHandler
                0x0000c458                ADC1_IRQHandler
                0x0000c458                FTM2_Ch2_Ch3_IRQHandler
                0x0000c458                Reserved53_IRQHandler
                0x0000c458                RTC_IRQHandler
                0x0000c458                PDB0_IRQHandler
                0x0000c458                Reserved54_IRQHandler
                0x0000c458                FTM2_Ch6_Ch7_IRQHandler
                0x0000c458                FTM3_Ch2_Ch3_IRQHandler
                0x0000c458                FTM2_Ch0_Ch1_IRQHandler
                0x0000c458                LPSPI1_IRQHandler
                0x0000c458                LPUART1_RxTx_IRQHandler
                0x0000c458                RTC_Seconds_IRQHandler
                0x0000c458                Reserved72_IRQHandler
                0x0000c458                Reserved110_IRQHandler
                0x0000c458                Reserved107_IRQHandler
                0x0000c458                Read_Collision_IRQHandler
                0x0000c458                FTFC_IRQHandler
                0x0000c458                FTM1_Ch6_Ch7_IRQHandler
                0x0000c458                Reserved105_IRQHandler
                0x0000c458                LPIT0_Ch1_IRQHandler
                0x0000c458                FTM1_Ch4_Ch5_IRQHandler
                0x0000c458                FTM3_Ovf_Reload_IRQHandler
                0x0000c458                LPUART2_RxTx_IRQHandler
                0x0000c458                LPSPI0_IRQHandler
                0x0000c458                WDOG_EWM_IRQHandler
                0x0000c458                MemManage_Handler
                0x0000c458                Reserved90_IRQHandler
                0x0000c458                Reserved83_IRQHandler
                0x0000c458                FTM0_Fault_IRQHandler
                0x0000c458                Reserved48_IRQHandler
                0x0000c458                SVC_Handler
                0x0000c458                ERM_single_fault_IRQHandler
                0x0000c458                FTM2_Fault_IRQHandler
                0x0000c458                FTM0_Ch2_Ch3_IRQHandler
                0x0000c458                FTM0_Ch0_Ch1_IRQHandler
                0x0000c458                FTM3_Fault_IRQHandler
                0x0000c458                RCM_IRQHandler
                0x0000c458                Reserved100_IRQHandler
                0x0000c458                Reserved91_IRQHandler
                0x0000c458                SCG_IRQHandler
                0x0000c458                PDB1_IRQHandler
                0x0000c458                Reserved81_IRQHandler
                0x0000c458                Reserved46_IRQHandler
                0x0000c458                Reserved45_IRQHandler
                0x0000c458                Reserved112_IRQHandler
                0x0000c458                LPI2C0_Master_IRQHandler
                0x0000c458                FTM1_Fault_IRQHandler
                0x0000c458                Reserved106_IRQHandler
                0x0000c458                LVD_LVW_IRQHandler
                0x0000c458                LPIT0_Ch2_IRQHandler
                0x0000c458                PORTA_IRQHandler
                0x0000c458                MCM_IRQHandler
                0x0000c458                LPSPI2_IRQHandler
                0x0000c458                FTM3_Ch4_Ch5_IRQHandler
                0x0000c458                PORTE_IRQHandler
                0x0000c458                LPUART0_RxTx_IRQHandler
                0x0000c458                BusFault_Handler
                0x0000c458                Reserved87_IRQHandler
                0x0000c458                FTM1_Ovf_Reload_IRQHandler
                0x0000c458                Reserved93_IRQHandler
                0x0000c458                CMP0_IRQHandler
                0x0000c458                Reserved52_IRQHandler
                0x0000c458                PORTC_IRQHandler
                0x0000c458                FTM1_Ch0_Ch1_IRQHandler
                0x0000c458                FLEXIO_IRQHandler
                0x0000c458                Reserved113_IRQHandler
 .text          0x0000c45c       0x30 C:/NXP/S32DS.3.5/S32DS/build_tools/gcc_b1620/gcc-6.3-arm32-eabi/lib/gcc/arm-none-eabi/6.3.1/thumb/v7e-m/fpv4-sp/hard\libgcc.a(_aeabi_uldivmod.o)
                0x0000c45c                __aeabi_uldivmod
 .text          0x0000c48c      0x2e4 C:/NXP/S32DS.3.5/S32DS/build_tools/gcc_b1620/gcc-6.3-arm32-eabi/lib/gcc/arm-none-eabi/6.3.1/thumb/v7e-m/fpv4-sp/hard\libgcc.a(_udivmoddi4.o)
                0x0000c48c                __udivmoddi4
 .text          0x0000c770        0x4 C:/NXP/S32DS.3.5/S32DS/build_tools/gcc_b1620/gcc-6.3-arm32-eabi/lib/gcc/arm-none-eabi/6.3.1/thumb/v7e-m/fpv4-sp/hard\libgcc.a(_dvmd_tls.o)
                0x0000c770                __aeabi_idiv0
                0x0000c770                __aeabi_ldiv0
 *(.text*)
 .text.SystemInit
                0x0000c774       0x3c build/system_S32K144.o
                0x0000c774                SystemInit
 .text.SystemSoftwareReset
                0x0000c7b0       0x18 build/system_S32K144.o
                0x0000c7b0                SystemSoftwareReset
 .text.init_data_bss
                0x0000c7c8       0xd8 build/startup.o
                0x0000c7c8                init_data_bss
 .text.ADC_DRV_ConfigConverter
                0x0000c8a0      0x1a8 build/adc_driver.o
                0x0000c8a0                ADC_DRV_ConfigConverter
 .text.ADC_DRV_ConfigChan
                0x0000ca48       0x98 build/adc_driver.o
                0x0000ca48                ADC_DRV_ConfigChan
 .text.ADC_DRV_GetConvCompleteFlag
                0x0000cae0       0x24 build/adc_driver.o
                0x0000cae0                ADC_DRV_GetConvCompleteFlag
 .text.ADC_DRV_GetChanResult
                0x0000cb04       0x30 build/adc_driver.o
                0x0000cb04                ADC_DRV_GetChanResult
 .text.ADC_DRV_AutoCalibration
                0x0000cb34      0x174 build/adc_driver.o
                0x0000cb34                ADC_DRV_AutoCalibration
 .text.CLOCK_SYS_GetCurrentRunMode
                0x0000cca8       0x24 build/clock_S32K1xx.o
 .text.CLOCK_SYS_GetSysOscFreq
                0x0000cccc       0x1c build/clock_S32K1xx.o
 .text.CLOCK_SYS_ConfigureSOSC
                0x0000cce8      0x12c build/clock_S32K1xx.o
 .text.CLOCK_SYS_GetSircFreq
                0x0000ce14       0x2c build/clock_S32K1xx.o
 .text.CLOCK_SYS_ConfigureSIRC
                0x0000ce40       0xc4 build/clock_S32K1xx.o
 .text.CLOCK_SYS_GetFircFreq
                0x0000cf04       0x20 build/clock_S32K1xx.o
 .text.CLOCK_SYS_ConfigureFIRC
                0x0000cf24       0xb4 build/clock_S32K1xx.o
 .text.CLOCK_SYS_GetSysPllFreq
                0x0000cfd8       0x44 build/clock_S32K1xx.o
 .text.CLOCK_SYS_ConfigureSPLL
                0x0000d01c      0x12c build/clock_S32K1xx.o
 .text.CLOCK_SYS_SetSystemClockConfig
                0x0000d148      0x208 build/clock_S32K1xx.o
 .text.CLOCK_SYS_TransitionSystemClock
                0x0000d350       0x54 build/clock_S32K1xx.o
 .text.CLOCK_SYS_GetSystemClockFreq
                0x0000d3a4       0x80 build/clock_S32K1xx.o
 .text.CLOCK_SYS_GetScgClkOutFreq
                0x0000d424       0x48 build/clock_S32K1xx.o
 .text.CLOCK_SYS_GetSysAsyncFreq
                0x0000d46c       0xc8 build/clock_S32K1xx.o
 .text.CLOCK_SYS_GetSimRtcClkFreq
                0x0000d534       0x50 build/clock_S32K1xx.o
 .text.CLOCK_SYS_GetLpoFreq
                0x0000d584       0x54 build/clock_S32K1xx.o
 .text.CLOCK_SYS_GetSimClkOutFreq
                0x0000d5d8       0xac build/clock_S32K1xx.o
 .text.CLOCK_SYS_GetSimClockFreq
                0x0000d684      0x1a8 build/clock_S32K1xx.o
 .text.CLOCK_SYS_GetPeripheralClock
                0x0000d82c       0xcc build/clock_S32K1xx.o
 .text.CLOCK_DRV_Init
                0x0000d8f8      0x610 build/clock_S32K1xx.o
                0x0000d8f8                CLOCK_DRV_Init
 .text.CLOCK_DRV_GetFreq
                0x0000df08      0x20c build/clock_S32K1xx.o
                0x0000df08                CLOCK_DRV_GetFreq
 .text.CLOCK_SYS_Init
                0x0000e114       0x28 build/clock_S32K1xx.o
                0x0000e114                CLOCK_SYS_Init
 .text.CLOCK_SYS_UpdateConfiguration
                0x0000e13c       0xf4 build/clock_S32K1xx.o
                0x0000e13c                CLOCK_SYS_UpdateConfiguration
 .text.CLOCK_SYS_GetFreq
                0x0000e230        0x8 build/clock_S32K1xx.o
                0x0000e230                CLOCK_SYS_GetFreq
 .text.EDMA_DRV_ClearIntStatus
                0x0000e238       0x20 build/edma_driver.o
 .text.EDMA_DRV_InstallCallback
                0x0000e258       0x38 build/edma_driver.o
                0x0000e258                EDMA_DRV_InstallCallback
 .text.EDMA_DRV_IRQHandler
                0x0000e290       0x20 build/edma_driver.o
                0x0000e290                EDMA_DRV_IRQHandler
 .text.EDMA_DRV_ErrorIRQHandler
                0x0000e2b0       0x40 build/edma_driver.o
                0x0000e2b0                EDMA_DRV_ErrorIRQHandler
 .text.EDMA_DRV_ConfigSingleBlockTransfer
                0x0000e2f0      0x1f4 build/edma_driver.o
                0x0000e2f0                EDMA_DRV_ConfigSingleBlockTransfer
 .text.EDMA_DRV_ConfigMultiBlockTransfer
                0x0000e4e4       0x9c build/edma_driver.o
                0x0000e4e4                EDMA_DRV_ConfigMultiBlockTransfer
 .text.EDMA_DRV_StartChannel
                0x0000e580       0x38 build/edma_driver.o
                0x0000e580                EDMA_DRV_StartChannel
 .text.EDMA_DRV_StopChannel
                0x0000e5b8       0x38 build/edma_driver.o
                0x0000e5b8                EDMA_DRV_StopChannel
 .text.EDMA_DRV_SetDestAddr
                0x0000e5f0       0x38 build/edma_driver.o
                0x0000e5f0                EDMA_DRV_SetDestAddr
 .text.EDMA_DRV_SetMajorLoopIterationCount
                0x0000e628       0x34 build/edma_driver.o
                0x0000e628                EDMA_DRV_SetMajorLoopIterationCount
 .text.EDMA_DRV_GetRemainingMajorIterationsCount
                0x0000e65c       0x34 build/edma_driver.o
                0x0000e65c                EDMA_DRV_GetRemainingMajorIterationsCount
 .text.EDMA_DRV_GetDmaRegBaseAddr
                0x0000e690       0x10 build/edma_driver.o
                0x0000e690                EDMA_DRV_GetDmaRegBaseAddr
 .text.EDMA_SetDmaRequestCmd
                0x0000e6a0        0xa build/edma_hw_access.o
                0x0000e6a0                EDMA_SetDmaRequestCmd
 .text.EDMA_TCDClearReg
                0x0000e6aa       0x4a build/edma_hw_access.o
                0x0000e6aa                EDMA_TCDClearReg
 .text.EDMA_TCDSetAttribute
                0x0000e6f4       0x38 build/edma_hw_access.o
                0x0000e6f4                EDMA_TCDSetAttribute
 .text.EDMA_TCDSetNbytes
                0x0000e72c       0x64 build/edma_hw_access.o
                0x0000e72c                EDMA_TCDSetNbytes
 .text.EDMA_TCDSetMajorCount
                0x0000e790       0x68 build/edma_hw_access.o
                0x0000e790                EDMA_TCDSetMajorCount
 .text.EDMA_TCDGetCurrentMajorCount
                0x0000e7f8       0x2c build/edma_hw_access.o
                0x0000e7f8                EDMA_TCDGetCurrentMajorCount
 .text.DMA0_IRQHandler
                0x0000e824        0xa build/edma_irq.o
                0x0000e824                DMA0_IRQHandler
 .text.DMA1_IRQHandler
                0x0000e82e        0xa build/edma_irq.o
                0x0000e82e                DMA1_IRQHandler
 .text.DMA2_IRQHandler
                0x0000e838        0xa build/edma_irq.o
                0x0000e838                DMA2_IRQHandler
 .text.DMA3_IRQHandler
                0x0000e842        0xa build/edma_irq.o
                0x0000e842                DMA3_IRQHandler
 .text.DMA4_IRQHandler
                0x0000e84c        0xa build/edma_irq.o
                0x0000e84c                DMA4_IRQHandler
 .text.DMA5_IRQHandler
                0x0000e856        0xa build/edma_irq.o
                0x0000e856                DMA5_IRQHandler
 .text.DMA6_IRQHandler
                0x0000e860        0xa build/edma_irq.o
                0x0000e860                DMA6_IRQHandler
 .text.DMA7_IRQHandler
                0x0000e86a        0xa build/edma_irq.o
                0x0000e86a                DMA7_IRQHandler
 .text.DMA8_IRQHandler
                0x0000e874        0xa build/edma_irq.o
                0x0000e874                DMA8_IRQHandler
 .text.DMA9_IRQHandler
                0x0000e87e        0xa build/edma_irq.o
                0x0000e87e                DMA9_IRQHandler
 .text.DMA10_IRQHandler
                0x0000e888        0xa build/edma_irq.o
                0x0000e888                DMA10_IRQHandler
 .text.DMA11_IRQHandler
                0x0000e892        0xa build/edma_irq.o
                0x0000e892                DMA11_IRQHandler
 .text.DMA12_IRQHandler
                0x0000e89c        0xa build/edma_irq.o
                0x0000e89c                DMA12_IRQHandler
 .text.DMA13_IRQHandler
                0x0000e8a6        0xa build/edma_irq.o
                0x0000e8a6                DMA13_IRQHandler
 .text.DMA14_IRQHandler
                0x0000e8b0        0xa build/edma_irq.o
                0x0000e8b0                DMA14_IRQHandler
 .text.DMA15_IRQHandler
                0x0000e8ba        0xa build/edma_irq.o
                0x0000e8ba                DMA15_IRQHandler
 .text.DMA_Error_IRQHandler
                0x0000e8c4       0x28 build/edma_irq.o
                0x0000e8c4                DMA_Error_IRQHandler
 .text.FLASH_DRV_Init
                0x0000e8ec       0xf0 build/flash_driver.o
                0x0000e8ec                FLASH_DRV_Init
 .text.FLASH_DRV_EraseSector
                0x0000e9dc       0xb4 build/flash_driver.o
                0x0000e9dc                FLASH_DRV_EraseSector
 .text.FLASH_DRV_VerifySection
                0x0000ea90       0x8c build/flash_driver.o
                0x0000ea90                FLASH_DRV_VerifySection
 .text.FLASH_DRV_Program
                0x0000eb1c       0xc4 build/flash_driver.o
                0x0000eb1c                FLASH_DRV_Program
 .text.FLASH_DRV_ProgramCheck
                0x0000ebe0       0xf4 build/flash_driver.o
                0x0000ebe0                FLASH_DRV_ProgramCheck
 .text.FLEXCAN_SetTimeSegments
                0x0000ecd4       0x4c build/flexcan_driver.o
 .text.FLEXCAN_SetExtendedTimeSegments
                0x0000ed20       0x50 build/flexcan_driver.o
 .text.FLEXCAN_SetFDTimeSegments
                0x0000ed70       0x5c build/flexcan_driver.o
 .text.FLEXCAN_StartSendData
                0x0000edcc       0xb8 build/flexcan_driver.o
 .text.FLEXCAN_StartRxMessageBufferData
                0x0000ee84       0x88 build/flexcan_driver.o
 .text.FLEXCAN_CompleteRxMessageFifoData
                0x0000ef0c       0xbc build/flexcan_driver.o
 .text.FLEXCAN_CompleteTransfer
                0x0000efc8       0x3c build/flexcan_driver.o
 .text.FLEXCAN_DRV_Init
                0x0000f004      0x294 build/flexcan_driver.o
                0x0000f004                FLEXCAN_DRV_Init
 .text.FLEXCAN_DRV_Send
                0x0000f298       0x60 build/flexcan_driver.o
                0x0000f298                FLEXCAN_DRV_Send
 .text.FLEXCAN_DRV_ConfigRxMb
                0x0000f2f8       0x9c build/flexcan_driver.o
                0x0000f2f8                FLEXCAN_DRV_ConfigRxMb
 .text.FLEXCAN_DRV_Receive
                0x0000f394       0x34 build/flexcan_driver.o
                0x0000f394                FLEXCAN_DRV_Receive
 .text.FLEXCAN_BusOff_IRQHandler
                0x0000f3c8       0x30 build/flexcan_driver.o
                0x0000f3c8                FLEXCAN_BusOff_IRQHandler
 .text.FLEXCAN_IRQHandler
                0x0000f3f8      0x248 build/flexcan_driver.o
                0x0000f3f8                FLEXCAN_IRQHandler
 .text.FLEXCAN_Error_IRQHandler
                0x0000f640       0x30 build/flexcan_driver.o
                0x0000f640                FLEXCAN_Error_IRQHandler
 .text.FLEXCAN_WakeUpHandler
                0x0000f670       0x74 build/flexcan_driver.o
                0x0000f670                FLEXCAN_WakeUpHandler
 .text.FLEXCAN_DRV_GetTransferStatus
                0x0000f6e4       0x2c build/flexcan_driver.o
                0x0000f6e4                FLEXCAN_DRV_GetTransferStatus
 .text.FLEXCAN_ComputePayloadSize
                0x0000f710       0x3e build/flexcan_hw_access.o
 *fill*         0x0000f74e        0x2 
 .text.FLEXCAN_GetMaxMbNum
                0x0000f750       0x2c build/flexcan_hw_access.o
                0x0000f750                FLEXCAN_GetMaxMbNum
 .text.FLEXCAN_Enable
                0x0000f77c       0x2a build/flexcan_hw_access.o
                0x0000f77c                FLEXCAN_Enable
 .text.FLEXCAN_Disable
                0x0000f7a6       0x18 build/flexcan_hw_access.o
                0x0000f7a6                FLEXCAN_Disable
 *fill*         0x0000f7be        0x2 
 .text.FLEXCAN_Init
                0x0000f7c0       0x68 build/flexcan_hw_access.o
                0x0000f7c0                FLEXCAN_Init
 .text.FLEXCAN_EnableRxFifo
                0x0000f828       0x54 build/flexcan_hw_access.o
                0x0000f828                FLEXCAN_EnableRxFifo
 .text.FLEXCAN_SetMsgBuffIntCmd
                0x0000f87c       0x24 build/flexcan_hw_access.o
                0x0000f87c                FLEXCAN_SetMsgBuffIntCmd
 .text.FLEXCAN_ExitFreezeMode
                0x0000f8a0       0x1a build/flexcan_hw_access.o
                0x0000f8a0                FLEXCAN_ExitFreezeMode
 .text.FLEXCAN_EnterFreezeMode
                0x0000f8ba       0x9e build/flexcan_hw_access.o
                0x0000f8ba                FLEXCAN_EnterFreezeMode
 .text.FLEXCAN_ClearErrIntStatusFlag
                0x0000f958       0x18 build/flexcan_hw_access.o
                0x0000f958                FLEXCAN_ClearErrIntStatusFlag
 .text.FLEXCAN_ClearBusOffIntStatusFlag
                0x0000f970       0x14 build/flexcan_hw_access.o
                0x0000f970                FLEXCAN_ClearBusOffIntStatusFlag
 .text.FLEXCAN_ReadRxFifo
                0x0000f984       0x58 build/flexcan_hw_access.o
                0x0000f984                FLEXCAN_ReadRxFifo
 .text.FLEXCAN_SetOperationMode
                0x0000f9dc       0x68 build/flexcan_hw_access.o
                0x0000f9dc                FLEXCAN_SetOperationMode
 .text.FLEXCAN_IsOutOfRangeMbIdx
                0x0000fa44       0x2e build/flexcan_hw_access.o
                0x0000fa44                FLEXCAN_IsOutOfRangeMbIdx
 .text.FLEXCAN_SetPayloadSize
                0x0000fa72       0x30 build/flexcan_hw_access.o
                0x0000fa72                FLEXCAN_SetPayloadSize
 .text.FLEXCAN_GetPayloadSize
                0x0000faa2       0x20 build/flexcan_hw_access.o
                0x0000faa2                FLEXCAN_GetPayloadSize
 .text.FLEXCAN_GetMsgBuffRegion
                0x0000fac2       0x30 build/flexcan_hw_access.o
                0x0000fac2                FLEXCAN_GetMsgBuffRegion
 *fill*         0x0000faf2        0x2 
 .text.FLEXCAN_SetRxMsgBuff
                0x0000faf4       0xcc build/flexcan_hw_access.o
                0x0000faf4                FLEXCAN_SetRxMsgBuff
 .text.FLEXCAN_LockRxMsgBuff
                0x0000fbc0        0xa build/flexcan_hw_access.o
                0x0000fbc0                FLEXCAN_LockRxMsgBuff
 *fill*         0x0000fbca        0x2 
 .text.FLEXCAN_SetTxMsgBuff
                0x0000fbcc      0x1b8 build/flexcan_hw_access.o
                0x0000fbcc                FLEXCAN_SetTxMsgBuff
 .text.FLEXCAN_GetMsgBuff
                0x0000fd84       0x92 build/flexcan_hw_access.o
                0x0000fd84                FLEXCAN_GetMsgBuff
 .text.FLEXCAN_SetMaxMsgBuffNum
                0x0000fe16       0xaa build/flexcan_hw_access.o
                0x0000fe16                FLEXCAN_SetMaxMsgBuffNum
 .text.CAN0_ORed_IRQHandler
                0x0000fec0        0xa build/flexcan_irq.o
                0x0000fec0                CAN0_ORed_IRQHandler
 .text.CAN0_Error_IRQHandler
                0x0000feca        0xa build/flexcan_irq.o
                0x0000feca                CAN0_Error_IRQHandler
 .text.CAN0_Wake_Up_IRQHandler
                0x0000fed4        0xa build/flexcan_irq.o
                0x0000fed4                CAN0_Wake_Up_IRQHandler
 .text.CAN0_ORed_0_15_MB_IRQHandler
                0x0000fede        0xa build/flexcan_irq.o
                0x0000fede                CAN0_ORed_0_15_MB_IRQHandler
 .text.CAN0_ORed_16_31_MB_IRQHandler
                0x0000fee8        0xa build/flexcan_irq.o
                0x0000fee8                CAN0_ORed_16_31_MB_IRQHandler
 .text.CAN1_ORed_IRQHandler
                0x0000fef2        0xa build/flexcan_irq.o
                0x0000fef2                CAN1_ORed_IRQHandler
 .text.CAN1_Error_IRQHandler
                0x0000fefc        0xa build/flexcan_irq.o
                0x0000fefc                CAN1_Error_IRQHandler
 .text.CAN1_ORed_0_15_MB_IRQHandler
                0x0000ff06        0xa build/flexcan_irq.o
                0x0000ff06                CAN1_ORed_0_15_MB_IRQHandler
 .text.CAN2_ORed_IRQHandler
                0x0000ff10        0xa build/flexcan_irq.o
                0x0000ff10                CAN2_ORed_IRQHandler
 .text.CAN2_Error_IRQHandler
                0x0000ff1a        0xa build/flexcan_irq.o
                0x0000ff1a                CAN2_Error_IRQHandler
 .text.CAN2_ORed_0_15_MB_IRQHandler
                0x0000ff24        0xa build/flexcan_irq.o
                0x0000ff24                CAN2_ORed_0_15_MB_IRQHandler
 *fill*         0x0000ff2e        0x2 
 .text.FTM_DRV_SetSync
                0x0000ff30      0x1c8 build/ftm_common.o
                0x0000ff30                FTM_DRV_SetSync
 .text.FTM_DRV_GetFrequency
                0x000100f8       0x7c build/ftm_common.o
                0x000100f8                FTM_DRV_GetFrequency
 .text.FTM_DRV_Init
                0x00010174      0x108 build/ftm_common.o
                0x00010174                FTM_DRV_Init
 .text.FTM_DRV_ConvertFreqToPeriodTicks
                0x0001027c       0x24 build/ftm_common.o
                0x0001027c                FTM_DRV_ConvertFreqToPeriodTicks
 .text.FTM_DRV_InitModule
                0x000102a0       0x18 build/ftm_hw_access.o
                0x000102a0                FTM_DRV_InitModule
 .text.FTM_DRV_Reset
                0x000102b8       0x66 build/ftm_hw_access.o
                0x000102b8                FTM_DRV_Reset
 .text.FTM_DRV_SetChnTriggerCmd
                0x0001031e       0x36 build/ftm_hw_access.o
                0x0001031e                FTM_DRV_SetChnTriggerCmd
 .text.FTM_DRV_UpdatePwmChannel
                0x00010354      0x184 build/ftm_pwm_driver.o
                0x00010354                FTM_DRV_UpdatePwmChannel
 .text.FTM_DRV_InitPwm
                0x000104d8      0x838 build/ftm_pwm_driver.o
                0x000104d8                FTM_DRV_InitPwm
 .text.INT_SYS_InstallHandler
                0x00010d10       0x60 build/interrupt_manager.o
                0x00010d10                INT_SYS_InstallHandler
 .text.INT_SYS_EnableIRQ
                0x00010d70       0x28 build/interrupt_manager.o
                0x00010d70                INT_SYS_EnableIRQ
 .text.INT_SYS_DisableIRQ
                0x00010d98       0x2c build/interrupt_manager.o
                0x00010d98                INT_SYS_DisableIRQ
 .text.INT_SYS_EnableIRQGlobal
                0x00010dc4       0x1c build/interrupt_manager.o
                0x00010dc4                INT_SYS_EnableIRQGlobal
 .text.INT_SYS_DisableIRQGlobal
                0x00010de0       0x10 build/interrupt_manager.o
                0x00010de0                INT_SYS_DisableIRQGlobal
 .text.lptmr_GetClkFreq
                0x00010df0       0x52 build/lptmr_driver.o
 *fill*         0x00010e42        0x2 
 .text.LPTMR_DRV_SetConfig
                0x00010e44      0x244 build/lptmr_driver.o
                0x00010e44                LPTMR_DRV_SetConfig
 .text.LPTMR_DRV_Init
                0x00011088       0x2c build/lptmr_driver.o
                0x00011088                LPTMR_DRV_Init
 .text.LPTMR_DRV_ClearCompareFlag
                0x000110b4       0x18 build/lptmr_driver.o
                0x000110b4                LPTMR_DRV_ClearCompareFlag
 .text.LPTMR_DRV_StartCounter
                0x000110cc       0x48 build/lptmr_driver.o
                0x000110cc                LPTMR_DRV_StartCounter
 .text.LPTMR_Init
                0x00011114       0x18 build/lptmr_hw_access.o
                0x00011114                LPTMR_Init
 .text.LPUART_DRV_CompleteSendDataUsingInt
                0x0001112c       0x6c build/lpuart_driver.o
 .text.LPUART_DRV_StopTxDma
                0x00011198       0x64 build/lpuart_driver.o
 .text.LPUART_DRV_PutData
                0x000111fc       0x44 build/lpuart_driver.o
 .text.LPUART_DRV_StartReceiveDataUsingInt
                0x00011240       0x84 build/lpuart_driver.o
 .text.LPUART_DRV_StartReceiveDataUsingDma
                0x000112c4       0xa8 build/lpuart_driver.o
 .text.LPUART_DRV_CompleteReceiveDataUsingInt
                0x0001136c       0x68 build/lpuart_driver.o
 .text.LPUART_DRV_StopRxDma
                0x000113d4       0x64 build/lpuart_driver.o
 .text.LPUART_DRV_RxDmaCallback
                0x00011438       0xa4 build/lpuart_driver.o
 .text.LPUART_DRV_GetData
                0x000114dc       0x60 build/lpuart_driver.o
 .text.LPUART_DRV_SendDataPolling
                0x0001153c       0xac build/lpuart_driver.o
                0x0001153c                LPUART_DRV_SendDataPolling
 .text.LPUART_DRV_GetTransmitStatus
                0x000115e8       0x40 build/lpuart_driver.o
                0x000115e8                LPUART_DRV_GetTransmitStatus
 .text.LPUART_DRV_ReceiveData
                0x00011628       0x3c build/lpuart_driver.o
                0x00011628                LPUART_DRV_ReceiveData
 .text.LPUART_DRV_GetReceiveStatus
                0x00011664       0x40 build/lpuart_driver.o
                0x00011664                LPUART_DRV_GetReceiveStatus
 .text.LPUART_DRV_SetBaudRate
                0x000116a4      0x10c build/lpuart_driver.o
                0x000116a4                LPUART_DRV_SetBaudRate
 .text.LPUART_DRV_Init
                0x000117b0      0x138 build/lpuart_driver.o
                0x000117b0                LPUART_DRV_Init
 .text.LPUART_DRV_IRQHandler
                0x000118e8      0x274 build/lpuart_driver.o
                0x000118e8                LPUART_DRV_IRQHandler
 .text.LPUART_Init
                0x00011b5c       0x24 build/lpuart_hw_access.o
                0x00011b5c                LPUART_Init
 .text.LPUART_SetBitCountPerChar
                0x00011b80       0x30 build/lpuart_hw_access.o
                0x00011b80                LPUART_SetBitCountPerChar
 .text.LPUART_SetParityMode
                0x00011bb0       0x1e build/lpuart_hw_access.o
                0x00011bb0                LPUART_SetParityMode
 .text.LPUART_Putchar9
                0x00011bce       0x16 build/lpuart_hw_access.o
                0x00011bce                LPUART_Putchar9
 .text.LPUART_Putchar10
                0x00011be4       0x22 build/lpuart_hw_access.o
                0x00011be4                LPUART_Putchar10
 .text.LPUART_Getchar9
                0x00011c06       0x1e build/lpuart_hw_access.o
                0x00011c06                LPUART_Getchar9
 .text.LPUART_Getchar10
                0x00011c24       0x26 build/lpuart_hw_access.o
                0x00011c24                LPUART_Getchar10
 .text.LPUART_SetIntMode
                0x00011c4a       0x70 build/lpuart_hw_access.o
                0x00011c4a                LPUART_SetIntMode
 .text.LPUART_GetIntMode
                0x00011cba       0x4a build/lpuart_hw_access.o
                0x00011cba                LPUART_GetIntMode
 .text.LPUART_GetStatusFlag
                0x00011d04       0x4a build/lpuart_hw_access.o
                0x00011d04                LPUART_GetStatusFlag
 *fill*         0x00011d4e        0x2 
 .text.LPUART_SetErrorInterrupts
                0x00011d50       0x40 build/lpuart_hw_access.o
                0x00011d50                LPUART_SetErrorInterrupts
 .text.LPUART0_IrqHandler
                0x00011d90        0xa build/lpuart_irq.o
                0x00011d90                LPUART0_IrqHandler
 .text.LPUART1_IrqHandler
                0x00011d9a        0xa build/lpuart_irq.o
                0x00011d9a                LPUART1_IrqHandler
 .text.LPUART2_IrqHandler
                0x00011da4        0xa build/lpuart_irq.o
                0x00011da4                LPUART2_IrqHandler
 .text.PINS_DRV_Init
                0x00011dae       0x20 build/pins_driver.o
                0x00011dae                PINS_DRV_Init
 .text.PINS_DRV_WritePin
                0x00011dce       0x18 build/pins_driver.o
                0x00011dce                PINS_DRV_WritePin
 .text.PINS_DRV_ReadPins
                0x00011de6        0x4 build/pins_driver.o
                0x00011de6                PINS_DRV_ReadPins
 *fill*         0x00011dea        0x2 
 .text.PINS_GetAdcInterleaveVal
                0x00011dec       0x6c build/pins_port_hw_access.o
 .text.PINS_Init
                0x00011e58      0x138 build/pins_port_hw_access.o
                0x00011e58                PINS_Init
 .text.SysTick_Handler
                0x00011f90       0x10 build/osif_baremetal.o
                0x00011f90                SysTick_Handler
 .text.OSIF_SemaPost
                0x00011fa0       0x2c build/osif_baremetal.o
                0x00011fa0                OSIF_SemaPost
 .text.OSIF_SemaCreate
                0x00011fcc       0x1a build/osif_baremetal.o
                0x00011fcc                OSIF_SemaCreate
 .text.OSIF_SemaDestroy
                0x00011fe6        0xa build/osif_baremetal.o
                0x00011fe6                OSIF_SemaDestroy
 .text.UDS_BootManager_init
                0x00011ff0        0xc build/UdsBootMgr.o
                0x00011ff0                UDS_BootManager_init
 .text.UDS_BootManager_sm
                0x00011ffc       0x4c build/UdsBootMgr.o
                0x00011ffc                UDS_BootManager_sm
 .text.FlsHdlr_Init
                0x00012048       0x24 build/UdsNvmMgr.o
                0x00012048                FlsHdlr_Init
 .text.Uds_NvmMgr_init
                0x0001206c       0x1c build/UdsNvmMgr.o
                0x0001206c                Uds_NvmMgr_init
 .text.FlsHdlr_WriteData
                0x00012088       0x7c build/UdsNvmMgr.o
                0x00012088                FlsHdlr_WriteData
 .text.FlsHdlr_SectorErase
                0x00012104       0x28 build/UdsNvmMgr.o
                0x00012104                FlsHdlr_SectorErase
 .text.FlsHdlr_ReadData
                0x0001212c       0x22 build/UdsNvmMgr.o
                0x0001212c                FlsHdlr_ReadData
 *fill*         0x0001214e        0x2 
 .text.Uds_NvmMgr_sm
                0x00012150       0x88 build/UdsNvmMgr.o
                0x00012150                Uds_NvmMgr_sm
 .text.ancit_driver_adc_init
                0x000121d8        0x8 build/ancit_driver_adc.o
                0x000121d8                ancit_driver_adc_init
 .text.ancit_driver_adc_calibrate
                0x000121e0        0x8 build/ancit_driver_adc.o
                0x000121e0                ancit_driver_adc_calibrate
 .text.ancit_driver_adc_start_channel_conversion
                0x000121e8        0x8 build/ancit_driver_adc.o
                0x000121e8                ancit_driver_adc_start_channel_conversion
 .text.ancit_driver_adc_conv_complete
                0x000121f0        0xa build/ancit_driver_adc.o
                0x000121f0                ancit_driver_adc_conv_complete
 .text.ancit_driver_adc_get_result
                0x000121fa        0xc build/ancit_driver_adc.o
                0x000121fa                ancit_driver_adc_get_result
 .text.ancit_driver_can_init
                0x00012206        0x8 build/ancit_driver_can.o
                0x00012206                ancit_driver_can_init
 .text.ancit_driver_can_send
                0x0001220e       0x10 build/ancit_driver_can.o
                0x0001220e                ancit_driver_can_send
 .text.ancit_driver_can_GetTransferStatus
                0x0001221e        0x8 build/ancit_driver_can.o
                0x0001221e                ancit_driver_can_GetTransferStatus
 .text.ancit_driver_can_receive
                0x00012226        0x8 build/ancit_driver_can.o
                0x00012226                ancit_driver_can_receive
 .text.ancit_driver_can_ConfigRxMb
                0x0001222e        0x8 build/ancit_driver_can.o
                0x0001222e                ancit_driver_can_ConfigRxMb
 .text.ancit_dd_gpio_read
                0x00012236       0x22 build/ancit_driver_digital_io.o
                0x00012236                ancit_dd_gpio_read
 .text.ancit_dd_gpio_write
                0x00012258        0x8 build/ancit_driver_digital_io.o
                0x00012258                ancit_dd_gpio_write
 .text.LPTMR0_IRQHandler
                0x00012260        0xe build/ancit_driver_timer.o
                0x00012260                LPTMR0_IRQHandler
 .text.ancit_dd_timer_init
                0x0001226e        0x8 build/ancit_driver_timer.o
                0x0001226e                ancit_dd_timer_init
 .text.ancit_dd_timer_EnableIRQ
                0x00012276        0x8 build/ancit_driver_timer.o
                0x00012276                ancit_dd_timer_EnableIRQ
 .text.ancit_dd_timer_StartCounter
                0x0001227e        0x8 build/ancit_driver_timer.o
                0x0001227e                ancit_dd_timer_StartCounter
 *fill*         0x00012286        0x2 
 .text.fota_uart_init
                0x00012288       0x2c build/fota_uart.o
                0x00012288                fota_uart_init
 .text.fota_uart_tx_sm
                0x000122b4       0x60 build/fota_uart.o
                0x000122b4                fota_uart_tx_sm
 .text.fota_pre_process
                0x00012314       0x44 build/fota_uart.o
                0x00012314                fota_pre_process
 .text.fota_process_data
                0x00012358       0x3c build/fota_uart.o
                0x00012358                fota_process_data
 .text.fota_uart_rx_sm
                0x00012394       0x80 build/fota_uart.o
                0x00012394                fota_uart_rx_sm
 .text.hexToNibble
                0x00012414       0x32 build/fota_utils.o
 .text.asciiHexToBytes
                0x00012446       0x2c build/fota_utils.o
                0x00012446                asciiHexToBytes
 .text.asciiHexToUint32
                0x00012472       0x4a build/fota_utils.o
                0x00012472                asciiHexToUint32
 .text.asciiHexToByte
                0x000124bc       0x68 build/fota_utils.o
                0x000124bc                asciiHexToByte
 .text.ancit_adc_start
                0x00012524       0xb4 build/ancit_adc.o
                0x00012524                ancit_adc_start
 .text.get_triggered_index
                0x000125d8       0x70 build/ancit_adc.o
                0x000125d8                get_triggered_index
 .text.ancit_adc_post_process
                0x00012648       0xc0 build/ancit_adc.o
                0x00012648                ancit_adc_post_process
 .text.ancit_adc_sm
                0x00012708       0xcc build/ancit_adc.o
                0x00012708                ancit_adc_sm
 .text.ancit_adc_main
                0x000127d4        0x8 build/ancit_adc.o
                0x000127d4                ancit_adc_main
 .text.ancit_adc_one_ms
                0x000127dc       0x48 build/ancit_adc.o
                0x000127dc                ancit_adc_one_ms
 .text.ancit_can_start
                0x00012824       0x18 build/ancit_can.o
                0x00012824                ancit_can_start
 .text.ancit_can_rx_register_message
                0x0001283c       0x34 build/ancit_can_rx.o
                0x0001283c                ancit_can_rx_register_message
 .text.ancit_can_rx_init
                0x00012870       0x44 build/ancit_can_rx.o
                0x00012870                ancit_can_rx_init
 .text.ancit_can_rx_sm
                0x000128b4       0x88 build/ancit_can_rx.o
                0x000128b4                ancit_can_rx_sm
 .text.ancit_can_rx_main
                0x0001293c       0x40 build/ancit_can_rx.o
                0x0001293c                ancit_can_rx_main
 .text.ancit_can_tx_register_message
                0x0001297c       0x38 build/ancit_can_tx.o
                0x0001297c                ancit_can_tx_register_message
 .text.ancit_can_tx_init
                0x000129b4       0x4c build/ancit_can_tx.o
                0x000129b4                ancit_can_tx_init
 .text.ancit_can_tx_sm
                0x00012a00       0xd0 build/ancit_can_tx.o
                0x00012a00                ancit_can_tx_sm
 .text.ancit_can_tx_main
                0x00012ad0        0x8 build/ancit_can_tx.o
                0x00012ad0                ancit_can_tx_main
 .text.ancit_can_tx_onstart
                0x00012ad8       0x44 build/ancit_can_tx.o
                0x00012ad8                ancit_can_tx_onstart
 .text.ancit_can_tx_one_ms
                0x00012b1c       0x54 build/ancit_can_tx.o
                0x00012b1c                ancit_can_tx_one_ms
 .text.ancit_digital_input_state_machine
                0x00012b70      0x108 build/ancit_di.o
                0x00012b70                ancit_digital_input_state_machine
 .text.ancit_digital_input_start
                0x00012c78       0x2c build/ancit_di.o
                0x00012c78                ancit_digital_input_start
 .text.ancit_digital_input_main
                0x00012ca4       0x24 build/ancit_di.o
                0x00012ca4                ancit_digital_input_main
 .text.ancit_digital_output_write
                0x00012cc8       0x20 build/ancit_do.o
                0x00012cc8                ancit_digital_output_write
 .text.ancit_digital_output_toggle
                0x00012ce8       0x20 build/ancit_do.o
                0x00012ce8                ancit_digital_output_toggle
 .text.ancit_digital_output_start
                0x00012d08       0x38 build/ancit_do.o
                0x00012d08                ancit_digital_output_start
 .text.ancit_digital_output_main
                0x00012d40        0x2 build/ancit_do.o
                0x00012d40                ancit_digital_output_main
 .text.ancit_value_map
                0x00012d42       0x26 build/ancit_common.o
                0x00012d42                ancit_value_map
 .text.ancit_init_moving_average_filter
                0x00012d68       0x1a build/ancit_common.o
                0x00012d68                ancit_init_moving_average_filter
 .text.ancit_update_moving_average_filter
                0x00012d82       0x3a build/ancit_common.o
                0x00012d82                ancit_update_moving_average_filter
 .text.ancit_init_median_filter
                0x00012dbc       0x16 build/ancit_common.o
                0x00012dbc                ancit_init_median_filter
 .text.ancit_sort_array
                0x00012dd2       0x36 build/ancit_common.o
                0x00012dd2                ancit_sort_array
 .text.ancit_update_median_filter
                0x00012e08       0x82 build/ancit_common.o
                0x00012e08                ancit_update_median_filter
 *fill*         0x00012e8a        0x2 
 .text.ancit_init_IIR_filter
                0x00012e8c       0x24 build/ancit_common.o
                0x00012e8c                ancit_init_IIR_filter
 .text.ancit_update_IIR_filter
                0x00012eb0       0x4a build/ancit_common.o
                0x00012eb0                ancit_update_IIR_filter
 .text.ancit_init_OneCount_filter
                0x00012efa        0xa build/ancit_common.o
                0x00012efa                ancit_init_OneCount_filter
 .text.ancit_custom_round
                0x00012f04       0x20 build/ancit_common.o
                0x00012f04                ancit_custom_round
 .text.ancit_update_OneCount_filter
                0x00012f24       0xb2 build/ancit_common.o
                0x00012f24                ancit_update_OneCount_filter
 .text.ancit_scheduler_initialize_tasks
                0x00012fd6        0x2 build/ancit_scheduler.o
                0x00012fd6                ancit_scheduler_initialize_tasks
 .text.ancit_scheduler_one_ms
                0x00012fd8       0x58 build/ancit_scheduler.o
                0x00012fd8                ancit_scheduler_one_ms
 .text.ancit_scheduler_main
                0x00013030       0x44 build/ancit_scheduler.o
                0x00013030                ancit_scheduler_main
 .text.ancit_base_timer_start
                0x00013074       0x20 build/ancit_timer.o
                0x00013074                ancit_base_timer_start
 .text.ancit_one_ms_handler
                0x00013094       0x1c build/ancit_timer.o
                0x00013094                ancit_one_ms_handler
 .text.ancit_init_timeout
                0x000130b0       0x10 build/ancit_timer.o
                0x000130b0                ancit_init_timeout
 .text.is_timeout_expired
                0x000130c0       0x1c build/ancit_timer.o
                0x000130c0                is_timeout_expired
 .text.ancit_hl_pwm_start
                0x000130dc       0x24 build/ancit_head_light.o
                0x000130dc                ancit_hl_pwm_start
 .text.ancit_conv_complete_notfn_ANG_CH1
                0x00013100        0x2 build/genx_adc.o
                0x00013100                ancit_conv_complete_notfn_ANG_CH1
 *fill*         0x00013102        0x2 
 .text.genx_adc_init
                0x00013104       0x14 build/genx_adc.o
                0x00013104                genx_adc_init
 .text.ancit_can_rx_notification_head_light_left_sdv_ctrl
                0x00013118       0x28 build/genx_can_rx.o
                0x00013118                ancit_can_rx_notification_head_light_left_sdv_ctrl
 .text.ancit_can_rx_notification_head_light_right_sdv_ctrl
                0x00013140       0x30 build/genx_can_rx.o
                0x00013140                ancit_can_rx_notification_head_light_right_sdv_ctrl
 .text.genx_can_rx_init
                0x00013170       0x20 build/genx_can_rx.o
                0x00013170                genx_can_rx_init
 .text.ancit_can_setup_tx_message_display
                0x00013190       0x50 build/genx_can_tx.o
                0x00013190                ancit_can_setup_tx_message_display
 .text.ancit_can_setup_tx_message_head_light_left_btn_ctrl
                0x000131e0       0x40 build/genx_can_tx.o
                0x000131e0                ancit_can_setup_tx_message_head_light_left_btn_ctrl
 .text.ancit_can_setup_tx_message_head_light_right_btn_ctrl
                0x00013220       0x40 build/genx_can_tx.o
                0x00013220                ancit_can_setup_tx_message_head_light_right_btn_ctrl
 .text.genx_can_tx_init
                0x00013260       0x24 build/genx_can_tx.o
                0x00013260                genx_can_tx_init
 .text.genx_clock_init
                0x00013284       0x44 build/genx_common.o
                0x00013284                genx_clock_init
 .text.ancit_notifiction_dummy
                0x000132c8        0x2 build/genx_di.o
                0x000132c8                ancit_notifiction_dummy
 *fill*         0x000132ca        0x2 
 .text.genx_di_init
                0x000132cc       0x14 build/genx_di.o
                0x000132cc                genx_di_init
 .text.DO_LED_RED_toggle
                0x000132e0        0xa build/genx_do.o
                0x000132e0                DO_LED_RED_toggle
 *fill*         0x000132ea        0x2 
 .text.genx_do_init
                0x000132ec       0x14 build/genx_do.o
                0x000132ec                genx_do_init
 .text.Runnable_100ms
                0x00013300        0x8 build/genx_runnables.o
                0x00013300                Runnable_100ms
 .text.Runnable_1000ms
                0x00013308       0x10 build/genx_runnables.o
                0x00013308                Runnable_1000ms
 .text.Runnable_10ms
                0x00013318        0x2 build/genx_runnables.o
                0x00013318                Runnable_10ms
 .text.Runnable_500ms
                0x0001331a        0x2 build/genx_runnables.o
                0x0001331a                Runnable_500ms
 .text.Task_100ms
                0x0001331c        0x8 build/genx_scheduler.o
                0x0001331c                Task_100ms
 .text.Task_1000ms
                0x00013324        0x8 build/genx_scheduler.o
                0x00013324                Task_1000ms
 .text.Task_10ms
                0x0001332c        0x8 build/genx_scheduler.o
                0x0001332c                Task_10ms
 .text.Task_500ms
                0x00013334        0x8 build/genx_scheduler.o
                0x00013334                Task_500ms
 .text.genx_scheduler_init
                0x0001333c       0x14 build/genx_scheduler.o
                0x0001333c                genx_scheduler_init
 .text.main     0x00013350       0x60 build/main.o
                0x00013350                main
 .text.smart_wheels_hl_head_light_left_btn_ctrl_pack
                0x000133b0       0x3c build/smart_wheels_hl.o
                0x000133b0                smart_wheels_hl_head_light_left_btn_ctrl_pack
 .text.smart_wheels_hl_head_light_right_btn_ctrl_pack
                0x000133ec       0x3c build/smart_wheels_hl.o
                0x000133ec                smart_wheels_hl_head_light_right_btn_ctrl_pack
 .text.smart_wheels_hl_head_light_left_sdv_ctrl_unpack
                0x00013428       0x2c build/smart_wheels_hl.o
                0x00013428                smart_wheels_hl_head_light_left_sdv_ctrl_unpack
 .text.smart_wheels_hl_head_light_right_sdv_ctrl_unpack
                0x00013454       0x2c build/smart_wheels_hl.o
                0x00013454                smart_wheels_hl_head_light_right_sdv_ctrl_unpack
 .text.memset   0x00013480       0x10 C:/NXP/S32DS.3.5/S32DS/build_tools/gcc_b1620/gcc-6.3-arm32-eabi/arm-none-eabi/newlib/lib/thumb/v7e-m/fpv4-sp/hard\libc.a(lib_a-memset.o)
                0x00013480                memset
 .text.memset.__stub
                0x00013490        0x8 linker stubs
 *(.rodata)
 *(.rodata*)
 .rodata.s_adcBase
                0x00013498        0x8 build/adc_driver.o
 .rodata.clockNameMappings
                0x000134a0       0x9e build/clock_S32K1xx.o
                0x000134a0                clockNameMappings
 *fill*         0x0001353e        0x2 
 .rodata.maxSysClksInHSRUN.7631
                0x00013540       0x54 build/clock_S32K1xx.o
 .rodata.maxSysClksInRUN.7630
                0x00013594       0x54 build/clock_S32K1xx.o
 .rodata.maxSysClksInVLPR.7629
                0x000135e8       0x54 build/clock_S32K1xx.o
 .rodata.peripheralFeaturesList
                0x0001363c       0x4f build/clock_S32K1xx.o
                0x0001363c                peripheralFeaturesList
 *fill*         0x0001368b        0x1 
 .rodata.fdInstances.7260
                0x0001368c        0x3 build/flexcan_driver.o
 *fill*         0x0001368f        0x1 
 .rodata.g_flexcanBase
                0x00013690        0xc build/flexcan_driver.o
 .rodata.g_flexcanBusOffIrqId
                0x0001369c        0x3 build/flexcan_driver.o
 *fill*         0x0001369f        0x1 
 .rodata.g_flexcanErrorIrqId
                0x000136a0        0x3 build/flexcan_driver.o
 *fill*         0x000136a3        0x1 
 .rodata.g_flexcanOredMessageBufferIrqId
                0x000136a4        0x6 build/flexcan_driver.o
 *fill*         0x000136aa        0x2 
 .rodata.g_flexcanWakeUpIrqId
                0x000136ac        0x3 build/flexcan_driver.o
 *fill*         0x000136af        0x1 
 .rodata.payload_code.7358
                0x000136b0       0x41 build/flexcan_hw_access.o
 *fill*         0x000136f1        0x3 
 .rodata.g_ftmBase
                0x000136f4       0x10 build/ftm_common.o
                0x000136f4                g_ftmBase
 .rodata.g_ftmExtClockSel
                0x00013704        0x4 build/ftm_common.o
 .rodata.g_ftmOverflowIrqId
                0x00013708        0x4 build/ftm_common.o
                0x00013708                g_ftmOverflowIrqId
 .rodata.s_lpuartBase
                0x0001370c        0xc build/lpuart_driver.o
 .rodata.s_lpuartClkNames
                0x00013718        0x3 build/lpuart_driver.o
 *fill*         0x0001371b        0x1 
 .rodata.s_lpuartRxTxIrqId
                0x0001371c        0x3 build/lpuart_driver.o
 *fill*         0x0001371f        0x1 
 .rodata.ADC_0_ConvConfig0
                0x00013720        0xb build/peripherals_MyADC_0.o
                0x00013720                ADC_0_ConvConfig0
 *fill*         0x0001372b        0x1 
 .rodata.ADC_1_ConvConfig0
                0x0001372c        0xb build/peripherals_MyADC_1.o
                0x0001372c                ADC_1_ConvConfig0
 *fill*         0x00013737        0x1 
 .rodata.Flash_InitConfig0
                0x00013738       0x14 build/peripherals_flash_1.o
                0x00013738                Flash_InitConfig0
 .rodata.lptmr_1_config0
                0x0001374c       0x10 build/peripherals_lptmr_1.o
                0x0001374c                lptmr_1_config0
 *(.init)
 *(.fini)
 *(.eh_frame)
                0x0001375c                . = ALIGN (0x4)

.glue_7         0x0001375c        0x0
 .glue_7        0x0001375c        0x0 linker stubs

.glue_7t        0x0001375c        0x0
 .glue_7t       0x0001375c        0x0 linker stubs

.vfp11_veneer   0x0001375c        0x0
 .vfp11_veneer  0x0001375c        0x0 linker stubs

.v4_bx          0x0001375c        0x0
 .v4_bx         0x0001375c        0x0 linker stubs

.iplt           0x0001375c        0x0
 .iplt          0x0001375c        0x0 build/system_S32K144.o

.ARM            0x0001375c        0x8
                0x0001375c                __exidx_start = .
 *(.ARM.exidx*)
 .ARM.exidx     0x0001375c        0x8 C:/NXP/S32DS.3.5/S32DS/build_tools/gcc_b1620/gcc-6.3-arm32-eabi/lib/gcc/arm-none-eabi/6.3.1/thumb/v7e-m/fpv4-sp/hard\libgcc.a(_udivmoddi4.o)
                0x00013764                __exidx_end = .
                0x00013764                __etext = .
                0x00013764                __DATA_ROM = .

.interrupts_ram
                0x1fff8000      0x400
                0x1fff8000                . = ALIGN (0x4)
                0x1fff8000                __VECTOR_RAM__ = .
                0x1fff8000                __RAM_START = .
                0x1fff8000                __interrupts_ram_start__ = .
 *(.m_interrupts_ram)
                0x1fff8400                . = (. + M_VECTOR_RAM_SIZE)
 *fill*         0x1fff8000      0x400 
                0x1fff8400                . = ALIGN (0x4)
                0x1fff8400                __interrupts_ram_end__ = .
                0x1fff8000                __VECTOR_RAM = DEFINED (__flash_vector_table__)?ORIGIN (m_interrupts):__VECTOR_RAM__
                0x00000400                __RAM_VECTOR_TABLE_SIZE = DEFINED (__flash_vector_table__)?0x0:(__interrupts_ram_end__ - __interrupts_ram_start__)

.data           0x1fff8400      0x714 load address 0x00013764
                0x1fff8400                . = ALIGN (0x4)
                0x1fff8400                __DATA_RAM = .
                0x1fff8400                __data_start__ = .
 *(.data)
 *(.data*)
 .data.peripheralClockConfig.7378
                0x1fff8400       0xa0 build/clock_S32K1xx.o
 .data.g_lpuartIsr
                0x1fff84a0        0xc build/lpuart_irq.o
                0x1fff84a0                g_lpuartIsr
 .data.status   0x1fff84ac        0x2 build/UdsNvmMgr.o
                0x1fff84ac                status
 .data.last_index.8680
                0x1fff84ae        0x1 build/ancit_adc.o
 *fill*         0x1fff84af        0x1 
 .data.clockMan1_InitConfig0
                0x1fff84b0       0x88 build/clock_config.o
                0x1fff84b0                clockMan1_InitConfig0
 .data.g_clockManConfigsArr
                0x1fff8538        0x4 build/clock_config.o
                0x1fff8538                g_clockManConfigsArr
 .data.peripheralClockConfig0
                0x1fff853c       0xa0 build/clock_config.o
                0x1fff853c                peripheralClockConfig0
 .data.flexTimer_pwm_1_IndependentChannelsConfig
                0x1fff85dc        0xa build/peripherals_flexTimer_pwm_1.o
                0x1fff85dc                flexTimer_pwm_1_IndependentChannelsConfig
 *fill*         0x1fff85e6        0x2 
 .data.flexTimer_pwm_1_InitConfig
                0x1fff85e8       0x12 build/peripherals_flexTimer_pwm_1.o
                0x1fff85e8                flexTimer_pwm_1_InitConfig
 *fill*         0x1fff85fa        0x2 
 .data.flexTimer_pwm_1_PwmConfig
                0x1fff85fc       0x18 build/peripherals_flexTimer_pwm_1.o
                0x1fff85fc                flexTimer_pwm_1_PwmConfig
 .data.flexcanInitConfig0
                0x1fff8614       0x38 build/peripherals_flexcan_config_1.o
                0x1fff8614                flexcanInitConfig0
 .data.lpuart_0_InitConfig0
                0x1fff864c        0xc build/peripherals_lpuart_1.o
                0x1fff864c                lpuart_0_InitConfig0
 .data.g_pin_mux_InitConfigArr0
                0x1fff8658      0x348 build/pin_mux.o
                0x1fff8658                g_pin_mux_InitConfigArr0
 .data.adc_reg  0x1fff89a0       0x20 build/genx_adc.o
                0x1fff89a0                adc_reg
 .data.rx_reg   0x1fff89c0       0x18 build/genx_can_rx.o
                0x1fff89c0                rx_reg
 .data.tx_reg   0x1fff89d8       0x3c build/genx_can_tx.o
                0x1fff89d8                tx_reg
 .data.di_reg   0x1fff8a14       0xa8 build/genx_di.o
                0x1fff8a14                di_reg
 .data.do_reg   0x1fff8abc       0x18 build/genx_do.o
                0x1fff8abc                do_reg
 .data.task_reg
                0x1fff8ad4       0x40 build/genx_scheduler.o
                0x1fff8ad4                task_reg
                0x1fff8b14                . = ALIGN (0x4)
                0x1fff8b14                __data_end__ = .
                0x00013e78                __DATA_END = (__DATA_ROM + (__data_end__ - __data_start__))
                0x00013e78                __CODE_ROM = __DATA_END

.igot.plt       0x1fff8b14        0x0 load address 0x00013e78
 .igot.plt      0x1fff8b14        0x0 build/system_S32K144.o

.code           0x1fff8b14       0x38 load address 0x00013e78
                0x1fff8b14                . = ALIGN (0x4)
                0x1fff8b14                __CODE_RAM = .
                0x1fff8b14                __code_start__ = .
                0x1fff8b14                __code_ram_start__ = .
 *(.code_ram)
 .code_ram      0x1fff8b14       0x38 build/flash_driver.o
                0x1fff8b4c                . = ALIGN (0x4)
                0x1fff8b4c                __code_end__ = .
                0x1fff8b4c                __code_ram_end__ = .
                0x00013eb0                __CODE_END = (__CODE_ROM + (__code_end__ - __code_start__))
                0x00013eb0                __CUSTOM_ROM = __CODE_END

.rel.dyn        0x1fff8b4c        0x0 load address 0x00013eb0
 .rel.iplt      0x1fff8b4c        0x0 build/system_S32K144.o

.customSectionBlock
                0x20000000        0x0 load address 0x00013eb0
                0x20000000                __customSection_start__ = .
 *(.customSection)
                0x20000000                __customSection_end__ = .
                0x00013eb0                __CUSTOM_END = (__CUSTOM_ROM + (__customSection_end__ - __customSection_start__))
                0x00013eb0                __rom_end = __CUSTOM_END

.bss            0x20000000      0x638
                0x20000000                . = ALIGN (0x4)
                0x20000000                __BSS_START = .
                0x20000000                __bss_start__ = .
 *(.bss)
 *(.bss*)
 .bss.g_RtcClkInFreq
                0x20000000        0x4 build/clock_S32K1xx.o
                0x20000000                g_RtcClkInFreq
 .bss.g_TClkFreq
                0x20000004        0xc build/clock_S32K1xx.o
                0x20000004                g_TClkFreq
 .bss.g_clockState
                0x20000010       0x10 build/clock_S32K1xx.o
 .bss.g_xtal0ClkFreq
                0x20000020        0x4 build/clock_S32K1xx.o
                0x20000020                g_xtal0ClkFreq
 .bss.s_virtEdmaState
                0x20000024        0x4 build/edma_driver.o
 .bss.g_flexcanStatePtr
                0x20000028        0xc build/flexcan_driver.o
 .bss.ftmStatePtr
                0x20000034       0x10 build/ftm_common.o
                0x20000034                ftmStatePtr
 .bss.g_interruptDisableCount
                0x20000044        0x4 build/interrupt_manager.o
 .bss.s_lpuartStatePtr
                0x20000048        0xc build/lpuart_driver.o
 .bss.s_osif_tick_cnt
                0x20000054        0x4 build/osif_baremetal.o
 .bss.Uds_can_rx_data
                0x20000058        0x4 build/UdsBootMgr.o
                0x20000058                Uds_can_rx_data
 .bss.boot_mgr_state
                0x2000005c        0x1 build/UdsBootMgr.o
                0x2000005c                boot_mgr_state
 *fill*         0x2000005d        0x3 
 .bss.BootMng_ConfData
                0x20000060       0x18 build/UdsNvmMgr.o
                0x20000060                BootMng_ConfData
 .bss.boot_nvm_state
                0x20000078        0x1 build/UdsNvmMgr.o
                0x20000078                boot_nvm_state
 *fill*         0x20000079        0x3 
 .bss.btcnfptr  0x2000007c        0x4 build/UdsNvmMgr.o
                0x2000007c                btcnfptr
 .bss.flashSSDConfig
                0x20000080       0x1c build/UdsNvmMgr.o
                0x20000080                flashSSDConfig
 .bss.fls_status
                0x2000009c        0x1 build/UdsNvmMgr.o
                0x2000009c                fls_status
 .bss.write_status
                0x2000009d        0x1 build/UdsNvmMgr.o
                0x2000009d                write_status
 .bss.LPUARTStatus_rx
                0x2000009e        0x2 build/fota_uart.o
                0x2000009e                LPUARTStatus_rx
 .bss.LPUARTStatus_tx
                0x200000a0        0x2 build/fota_uart.o
                0x200000a0                LPUARTStatus_tx
 *fill*         0x200000a2        0x2 
 .bss.UartData  0x200000a4      0x111 build/fota_uart.o
                0x200000a4                UartData
 *fill*         0x200001b5        0x3 
 .bss.br        0x200001b8        0x4 build/fota_uart.o
                0x200001b8                br
 .bss.rx_state  0x200001bc        0x1 build/fota_uart.o
                0x200001bc                rx_state
 *fill*         0x200001bd        0x3 
 .bss.srec      0x200001c0       0x8c build/fota_uart.o
                0x200001c0                srec
 .bss.trigger_reset
                0x2000024c        0x1 build/fota_uart.o
                0x2000024c                trigger_reset
 .bss.tx_state  0x2000024d        0x1 build/fota_uart.o
                0x2000024d                tx_state
 .bss.adc_idx_sm.8701
                0x2000024e        0x1 build/ancit_adc.o
 .bss.adc_state
                0x2000024f        0x1 build/ancit_adc.o
 .bss.can_tx_sm_state
                0x20000250        0x1 build/ancit_can_tx.o
                0x20000250                can_tx_sm_state
 *fill*         0x20000251        0x3 
 .bss.tx_msg.8960
                0x20000254       0x28 build/ancit_can_tx.o
 .bss.gVars     0x2000027c        0x6 build/ancit_common.o
                0x2000027c                gVars
 *fill*         0x20000282        0x2 
 .bss.tickCount
                0x20000284        0x4 build/ancit_scheduler.o
                0x20000284                tickCount
 .bss.g_tickCount
                0x20000288        0x4 build/ancit_timer.o
                0x20000288                g_tickCount
 .bss.g_clockManCallbacksArr
                0x2000028c        0x4 build/clock_config.o
                0x2000028c                g_clockManCallbacksArr
 .bss.flexTimer_pwm_1_FaultConfig
                0x20000290       0x10 build/peripherals_flexTimer_pwm_1.o
                0x20000290                flexTimer_pwm_1_FaultConfig
 .bss.flexcanState0
                0x200002a0      0x114 build/peripherals_flexcan_config_1.o
                0x200002a0                flexcanState0
 .bss.lpUartState0
                0x200003b4       0x34 build/peripherals_lpuart_1.o
                0x200003b4                lpUartState0
 .bss.count     0x200003e8        0x4 build/ancit_head_light.o
                0x200003e8                count
 .bss.finalLightStatus_left
                0x200003ec        0x5 build/ancit_head_light.o
                0x200003ec                finalLightStatus_left
 *fill*         0x200003f1        0x3 
 .bss.finalLightStatus_left_sdv
                0x200003f4        0x5 build/ancit_head_light.o
                0x200003f4                finalLightStatus_left_sdv
 *fill*         0x200003f9        0x3 
 .bss.finalLightStatus_right
                0x200003fc        0x5 build/ancit_head_light.o
                0x200003fc                finalLightStatus_right
 *fill*         0x20000401        0x3 
 .bss.finalLightStatus_right_sdv
                0x20000404        0x5 build/ancit_head_light.o
                0x20000404                finalLightStatus_right_sdv
 *fill*         0x20000409        0x3 
 .bss.ftmStateStruct
                0x2000040c       0x64 build/ancit_head_light.o
                0x2000040c                ftmStateStruct
 .bss.adc_values
                0x20000470       0x7c build/genx_adc.o
                0x20000470                adc_values
 .bss.can_rx    0x200004ec       0xc0 build/genx_can_rx.o
                0x200004ec                can_rx
 .bss.can_rx_msg_head_light_left_sdv_ctrl_instance
                0x200005ac        0x4 build/genx_can_rx.o
                0x200005ac                can_rx_msg_head_light_left_sdv_ctrl_instance
 .bss.can_rx_msg_head_light_right_sdv_ctrl_instance
                0x200005b0        0x4 build/genx_can_rx.o
                0x200005b0                can_rx_msg_head_light_right_sdv_ctrl_instance
 .bss.can_tx_messages
                0x200005b4       0x78 build/genx_can_tx.o
                0x200005b4                can_tx_messages
 .bss.can_tx_msg_head_light_left_btn_ctrl_instance
                0x2000062c        0x4 build/genx_can_tx.o
                0x2000062c                can_tx_msg_head_light_left_btn_ctrl_instance
 .bss.can_tx_msg_head_light_right_btn_ctrl_instance
                0x20000630        0x4 build/genx_can_tx.o
                0x20000630                can_tx_msg_head_light_right_btn_ctrl_instance
 .bss.led       0x20000634        0x1 build/genx_runnables.o
                0x20000634                led
 *(COMMON)
                0x20000638                . = ALIGN (0x4)
 *fill*         0x20000635        0x3 
                0x20000638                __bss_end__ = .
                0x20000638                __BSS_END = .

.heap           0x20000638      0x400
                0x20000638                . = ALIGN (0x8)
                0x20000638                __end__ = .
                0x20000638                __heap_start__ = .
                [!provide]                PROVIDE (end = .)
                [!provide]                PROVIDE (_end = .)
                [!provide]                PROVIDE (__end = .)
                0x20000638                __HeapBase = .
                0x20000a38                . = (. + HEAP_SIZE)
 *fill*         0x20000638      0x400 
                0x20000a38                __HeapLimit = .
                0x20000a38                __heap_limit = .
                0x20000a38                __heap_end__ = .
                0x20007000                __StackTop = (ORIGIN (m_data_2) + LENGTH (m_data_2))
                0x20006c00                __StackLimit = (__StackTop - STACK_SIZE)
                [!provide]                PROVIDE (__stack = __StackTop)
                0x20007000                __RAM_END = __StackTop

.stack          0x20006c00      0x400
                0x20006c00                . = ALIGN (0x8)
                0x20006c00                __stack_start__ = .
                0x20007000                . = (. + STACK_SIZE)
 *fill*         0x20006c00      0x400 
                0x20007000                __stack_end__ = .

.ARM.attributes
                0x00000000       0x37
 *(.ARM.attributes)
 .ARM.attributes
                0x00000000       0x39 build/system_S32K144.o
 .ARM.attributes
                0x00000039       0x39 build/startup.o
 .ARM.attributes
                0x00000072       0x39 build/adc_driver.o
 .ARM.attributes
                0x000000ab       0x39 build/clock_S32K1xx.o
 .ARM.attributes
                0x000000e4       0x39 build/edma_driver.o
 .ARM.attributes
                0x0000011d       0x39 build/edma_hw_access.o
 .ARM.attributes
                0x00000156       0x39 build/edma_irq.o
 .ARM.attributes
                0x0000018f       0x39 build/flash_driver.o
 .ARM.attributes
                0x000001c8       0x39 build/flexcan_driver.o
 .ARM.attributes
                0x00000201       0x39 build/flexcan_hw_access.o
 .ARM.attributes
                0x0000023a       0x39 build/flexcan_irq.o
 .ARM.attributes
                0x00000273       0x39 build/ftm_common.o
 .ARM.attributes
                0x000002ac       0x39 build/ftm_hw_access.o
 .ARM.attributes
                0x000002e5       0x39 build/ftm_pwm_driver.o
 .ARM.attributes
                0x0000031e       0x39 build/interrupt_manager.o
 .ARM.attributes
                0x00000357       0x39 build/lptmr_driver.o
 .ARM.attributes
                0x00000390       0x39 build/lptmr_hw_access.o
 .ARM.attributes
                0x000003c9       0x39 build/lpuart_driver.o
 .ARM.attributes
                0x00000402       0x39 build/lpuart_hw_access.o
 .ARM.attributes
                0x0000043b       0x39 build/lpuart_irq.o
 .ARM.attributes
                0x00000474       0x39 build/pins_driver.o
 .ARM.attributes
                0x000004ad       0x39 build/pins_port_hw_access.o
 .ARM.attributes
                0x000004e6       0x39 build/osif_baremetal.o
 .ARM.attributes
                0x0000051f       0x39 build/UdsBootMgr.o
 .ARM.attributes
                0x00000558       0x39 build/UdsNvmMgr.o
 .ARM.attributes
                0x00000591       0x39 build/ancit_driver_adc.o
 .ARM.attributes
                0x000005ca       0x39 build/ancit_driver_can.o
 .ARM.attributes
                0x00000603       0x39 build/ancit_driver_digital_io.o
 .ARM.attributes
                0x0000063c       0x39 build/ancit_driver_timer.o
 .ARM.attributes
                0x00000675       0x39 build/fota_uart.o
 .ARM.attributes
                0x000006ae       0x39 build/fota_utils.o
 .ARM.attributes
                0x000006e7       0x39 build/ancit_adc.o
 .ARM.attributes
                0x00000720       0x39 build/ancit_can.o
 .ARM.attributes
                0x00000759       0x39 build/ancit_can_rx.o
 .ARM.attributes
                0x00000792       0x39 build/ancit_can_tx.o
 .ARM.attributes
                0x000007cb       0x39 build/ancit_di.o
 .ARM.attributes
                0x00000804       0x39 build/ancit_do.o
 .ARM.attributes
                0x0000083d       0x39 build/ancit_common.o
 .ARM.attributes
                0x00000876       0x39 build/ancit_scheduler.o
 .ARM.attributes
                0x000008af       0x39 build/ancit_timer.o
 .ARM.attributes
                0x000008e8       0x39 build/clock_config.o
 .ARM.attributes
                0x00000921       0x39 build/peripherals_MyADC_0.o
 .ARM.attributes
                0x0000095a       0x39 build/peripherals_MyADC_1.o
 .ARM.attributes
                0x00000993       0x39 build/peripherals_flash_1.o
 .ARM.attributes
                0x000009cc       0x39 build/peripherals_flexTimer_pwm_1.o
 .ARM.attributes
                0x00000a05       0x39 build/peripherals_flexcan_config_1.o
 .ARM.attributes
                0x00000a3e       0x39 build/peripherals_lptmr_1.o
 .ARM.attributes
                0x00000a77       0x39 build/peripherals_lpuart_1.o
 .ARM.attributes
                0x00000ab0       0x39 build/pin_mux.o
 .ARM.attributes
                0x00000ae9       0x39 build/ancit_head_light.o
 .ARM.attributes
                0x00000b22       0x39 build/genx_adc.o
 .ARM.attributes
                0x00000b5b       0x39 build/genx_can_rx.o
 .ARM.attributes
                0x00000b94       0x39 build/genx_can_tx.o
 .ARM.attributes
                0x00000bcd       0x39 build/genx_common.o
 .ARM.attributes
                0x00000c06       0x39 build/genx_di.o
 .ARM.attributes
                0x00000c3f       0x39 build/genx_do.o
 .ARM.attributes
                0x00000c78       0x39 build/genx_runnables.o
 .ARM.attributes
                0x00000cb1       0x39 build/genx_scheduler.o
 .ARM.attributes
                0x00000cea       0x39 build/main.o
 .ARM.attributes
                0x00000d23       0x39 build/smart_wheels_hl.o
 .ARM.attributes
                0x00000d5c       0x1f build/startup_S32K144.o
 .ARM.attributes
                0x00000d7b       0x22 C:/NXP/S32DS.3.5/S32DS/build_tools/gcc_b1620/gcc-6.3-arm32-eabi/lib/gcc/arm-none-eabi/6.3.1/thumb/v7e-m/fpv4-sp/hard\libgcc.a(_aeabi_uldivmod.o)
 .ARM.attributes
                0x00000d9d       0x34 C:/NXP/S32DS.3.5/S32DS/build_tools/gcc_b1620/gcc-6.3-arm32-eabi/lib/gcc/arm-none-eabi/6.3.1/thumb/v7e-m/fpv4-sp/hard\libgcc.a(_udivmoddi4.o)
 .ARM.attributes
                0x00000dd1       0x22 C:/NXP/S32DS.3.5/S32DS/build_tools/gcc_b1620/gcc-6.3-arm32-eabi/lib/gcc/arm-none-eabi/6.3.1/thumb/v7e-m/fpv4-sp/hard\libgcc.a(_dvmd_tls.o)
 .ARM.attributes
                0x00000df3       0x34 C:/NXP/S32DS.3.5/S32DS/build_tools/gcc_b1620/gcc-6.3-arm32-eabi/arm-none-eabi/newlib/lib/thumb/v7e-m/fpv4-sp/hard\libc.a(lib_a-memset.o)
                0x00000001                ASSERT ((__rom_end <= (ORIGIN (m_text) + LENGTH (m_text))), Region m_text overflowed!)
                0x00000001                ASSERT ((__StackLimit >= __HeapLimit), region m_data_2 overflowed with stack and heap)
OUTPUT(build/SubSys_Mini_HeadLight.elf elf32-littlearm)

.debug_info     0x00000000    0x7eda2
 .debug_info    0x00000000      0x525 build/system_S32K144.o
 .debug_info    0x00000525      0x2b1 build/startup.o
 .debug_info    0x000007d6     0x3544 build/adc_driver.o
 .debug_info    0x00003d1a     0x6231 build/clock_S32K1xx.o
 .debug_info    0x00009f4b     0x48a2 build/edma_driver.o
 .debug_info    0x0000e7ed      0xa56 build/edma_hw_access.o
 .debug_info    0x0000f243      0x6de build/edma_irq.o
 .debug_info    0x0000f921     0x1e9a build/flash_driver.o
 .debug_info    0x000117bb     0x5b85 build/flexcan_driver.o
 .debug_info    0x00017340     0x2027 build/flexcan_hw_access.o
 .debug_info    0x00019367      0x284 build/flexcan_irq.o
 .debug_info    0x000195eb     0x306b build/ftm_common.o
 .debug_info    0x0001c656      0x9db build/ftm_hw_access.o
 .debug_info    0x0001d031     0x32b3 build/ftm_pwm_driver.o
 .debug_info    0x000202e4      0xc9d build/interrupt_manager.o
 .debug_info    0x00020f81     0x2951 build/lptmr_driver.o
 .debug_info    0x000238d2      0x150 build/lptmr_hw_access.o
 .debug_info    0x00023a22     0x3763 build/lpuart_driver.o
 .debug_info    0x00027185      0x9bf build/lpuart_hw_access.o
 .debug_info    0x00027b44      0x12b build/lpuart_irq.o
 .debug_info    0x00027c6f     0x14bb build/pins_driver.o
 .debug_info    0x0002912a      0x9a9 build/pins_port_hw_access.o
 .debug_info    0x00029ad3      0xbd2 build/osif_baremetal.o
 .debug_info    0x0002a6a5      0x1a6 build/UdsBootMgr.o
 .debug_info    0x0002a84b     0x10e3 build/UdsNvmMgr.o
 .debug_info    0x0002b92e     0x32f8 build/ancit_driver_adc.o
 .debug_info    0x0002ec26     0x3274 build/ancit_driver_can.o
 .debug_info    0x00031e9a     0x3163 build/ancit_driver_digital_io.o
 .debug_info    0x00034ffd     0x30f2 build/ancit_driver_timer.o
 .debug_info    0x000380ef     0x3bcd build/fota_uart.o
 .debug_info    0x0003bcbc      0xc48 build/fota_utils.o
 .debug_info    0x0003c904     0x3754 build/ancit_adc.o
 .debug_info    0x00040058     0x3024 build/ancit_can.o
 .debug_info    0x0004307c     0x3b75 build/ancit_can_rx.o
 .debug_info    0x00046bf1     0x3c73 build/ancit_can_tx.o
 .debug_info    0x0004a864     0x323a build/ancit_di.o
 .debug_info    0x0004da9e     0x3192 build/ancit_do.o
 .debug_info    0x00050c30      0x5e9 build/ancit_common.o
 .debug_info    0x00051219     0x3150 build/ancit_scheduler.o
 .debug_info    0x00054369     0x31dc build/ancit_timer.o
 .debug_info    0x00057545     0x12b9 build/clock_config.o
 .debug_info    0x000587fe      0x2e5 build/peripherals_MyADC_0.o
 .debug_info    0x00058ae3      0x2e5 build/peripherals_MyADC_1.o
 .debug_info    0x00058dc8      0x10c build/peripherals_flash_1.o
 .debug_info    0x00058ed4      0xcca build/peripherals_flexTimer_pwm_1.o
 .debug_info    0x00059b9e      0x4f9 build/peripherals_flexcan_config_1.o
 .debug_info    0x0005a097      0x285 build/peripherals_lptmr_1.o
 .debug_info    0x0005a31c      0x5c8 build/peripherals_lpuart_1.o
 .debug_info    0x0005a8e4      0x409 build/pin_mux.o
 .debug_info    0x0005aced     0x3ce3 build/ancit_head_light.o
 .debug_info    0x0005e9d0     0x34b5 build/genx_adc.o
 .debug_info    0x00061e85     0x3d12 build/genx_can_rx.o
 .debug_info    0x00065b97     0x3e51 build/genx_can_tx.o
 .debug_info    0x000699e8     0x308c build/genx_common.o
 .debug_info    0x0006ca74     0x31c7 build/genx_di.o
 .debug_info    0x0006fc3b     0x3190 build/genx_do.o
 .debug_info    0x00072dcb     0x3240 build/genx_runnables.o
 .debug_info    0x0007600b     0x316b build/genx_scheduler.o
 .debug_info    0x00079176     0x428f build/main.o
 .debug_info    0x0007d405     0x1977 build/smart_wheels_hl.o
 .debug_info    0x0007ed7c       0x26 build/startup_S32K144.o

.debug_abbrev   0x00000000     0x7e1c
 .debug_abbrev  0x00000000      0x143 build/system_S32K144.o
 .debug_abbrev  0x00000143       0xe3 build/startup.o
 .debug_abbrev  0x00000226      0x3a1 build/adc_driver.o
 .debug_abbrev  0x000005c7      0x414 build/clock_S32K1xx.o
 .debug_abbrev  0x000009db      0x414 build/edma_driver.o
 .debug_abbrev  0x00000def      0x242 build/edma_hw_access.o
 .debug_abbrev  0x00001031      0x1bb build/edma_irq.o
 .debug_abbrev  0x000011ec      0x2fe build/flash_driver.o
 .debug_abbrev  0x000014ea      0x45d build/flexcan_driver.o
 .debug_abbrev  0x00001947      0x3b9 build/flexcan_hw_access.o
 .debug_abbrev  0x00001d00       0x6f build/flexcan_irq.o
 .debug_abbrev  0x00001d6f      0x377 build/ftm_common.o
 .debug_abbrev  0x000020e6      0x1cc build/ftm_hw_access.o
 .debug_abbrev  0x000022b2      0x310 build/ftm_pwm_driver.o
 .debug_abbrev  0x000025c2      0x27a build/interrupt_manager.o
 .debug_abbrev  0x0000283c      0x36a build/lptmr_driver.o
 .debug_abbrev  0x00002ba6       0xe6 build/lptmr_hw_access.o
 .debug_abbrev  0x00002c8c      0x3ad build/lpuart_driver.o
 .debug_abbrev  0x00003039      0x1ef build/lpuart_hw_access.o
 .debug_abbrev  0x00003228       0xbc build/lpuart_irq.o
 .debug_abbrev  0x000032e4      0x2f8 build/pins_driver.o
 .debug_abbrev  0x000035dc      0x234 build/pins_port_hw_access.o
 .debug_abbrev  0x00003810      0x2e1 build/osif_baremetal.o
 .debug_abbrev  0x00003af1       0xd7 build/UdsBootMgr.o
 .debug_abbrev  0x00003bc8      0x2aa build/UdsNvmMgr.o
 .debug_abbrev  0x00003e72      0x1d3 build/ancit_driver_adc.o
 .debug_abbrev  0x00004045      0x1d3 build/ancit_driver_can.o
 .debug_abbrev  0x00004218      0x1f1 build/ancit_driver_digital_io.o
 .debug_abbrev  0x00004409      0x1e0 build/ancit_driver_timer.o
 .debug_abbrev  0x000045e9      0x2b2 build/fota_uart.o
 .debug_abbrev  0x0000489b      0x289 build/fota_utils.o
 .debug_abbrev  0x00004b24      0x262 build/ancit_adc.o
 .debug_abbrev  0x00004d86      0x1a8 build/ancit_can.o
 .debug_abbrev  0x00004f2e      0x29b build/ancit_can_rx.o
 .debug_abbrev  0x000051c9      0x2dc build/ancit_can_tx.o
 .debug_abbrev  0x000054a5      0x22a build/ancit_di.o
 .debug_abbrev  0x000056cf      0x1ff build/ancit_do.o
 .debug_abbrev  0x000058ce      0x1aa build/ancit_common.o
 .debug_abbrev  0x00005a78      0x1f8 build/ancit_scheduler.o
 .debug_abbrev  0x00005c70      0x24a build/ancit_timer.o
 .debug_abbrev  0x00005eba      0x125 build/clock_config.o
 .debug_abbrev  0x00005fdf       0xb8 build/peripherals_MyADC_0.o
 .debug_abbrev  0x00006097       0xb8 build/peripherals_MyADC_1.o
 .debug_abbrev  0x0000614f       0x94 build/peripherals_flash_1.o
 .debug_abbrev  0x000061e3      0x129 build/peripherals_flexTimer_pwm_1.o
 .debug_abbrev  0x0000630c      0x10a build/peripherals_flexcan_config_1.o
 .debug_abbrev  0x00006416       0x8f build/peripherals_lptmr_1.o
 .debug_abbrev  0x000064a5       0xbf build/peripherals_lpuart_1.o
 .debug_abbrev  0x00006564       0xcd build/pin_mux.o
 .debug_abbrev  0x00006631      0x2ab build/ancit_head_light.o
 .debug_abbrev  0x000068dc      0x20e build/genx_adc.o
 .debug_abbrev  0x00006aea      0x27c build/genx_can_rx.o
 .debug_abbrev  0x00006d66      0x29a build/genx_can_tx.o
 .debug_abbrev  0x00007000      0x218 build/genx_common.o
 .debug_abbrev  0x00007218      0x1d0 build/genx_di.o
 .debug_abbrev  0x000073e8      0x1d3 build/genx_do.o
 .debug_abbrev  0x000075bb      0x1c5 build/genx_runnables.o
 .debug_abbrev  0x00007780      0x1b4 build/genx_scheduler.o
 .debug_abbrev  0x00007934      0x22f build/main.o
 .debug_abbrev  0x00007b63      0x2a5 build/smart_wheels_hl.o
 .debug_abbrev  0x00007e08       0x14 build/startup_S32K144.o

.debug_loc      0x00000000    0x1ed96
 .debug_loc     0x00000000      0x10a build/system_S32K144.o
 .debug_loc     0x0000010a       0xec build/startup.o
 .debug_loc     0x000001f6     0x1a7f build/adc_driver.o
 .debug_loc     0x00001c75     0x4fec build/clock_S32K1xx.o
 .debug_loc     0x00006c61     0x336f build/edma_driver.o
 .debug_loc     0x00009fd0      0x7b9 build/edma_hw_access.o
 .debug_loc     0x0000a789       0x50 build/edma_irq.o
 .debug_loc     0x0000a7d9     0x221c build/flash_driver.o
 .debug_loc     0x0000c9f5     0x3aac build/flexcan_driver.o
 .debug_loc     0x000104a1     0x1d8a build/flexcan_hw_access.o
 .debug_loc     0x0001222b     0x1d84 build/ftm_common.o
 .debug_loc     0x00013faf      0x24f build/ftm_hw_access.o
 .debug_loc     0x000141fe     0x2a03 build/ftm_pwm_driver.o
 .debug_loc     0x00016c01      0x678 build/interrupt_manager.o
 .debug_loc     0x00017279     0x18fd build/lptmr_driver.o
 .debug_loc     0x00018b76       0x36 build/lptmr_hw_access.o
 .debug_loc     0x00018bac     0x264e build/lpuart_driver.o
 .debug_loc     0x0001b1fa      0x784 build/lpuart_hw_access.o
 .debug_loc     0x0001b97e      0x7c7 build/pins_driver.o
 .debug_loc     0x0001c145      0x639 build/pins_port_hw_access.o
 .debug_loc     0x0001c77e      0x353 build/osif_baremetal.o
 .debug_loc     0x0001cad1      0x2b2 build/UdsNvmMgr.o
 .debug_loc     0x0001cd83      0x134 build/ancit_driver_adc.o
 .debug_loc     0x0001ceb7      0x210 build/ancit_driver_can.o
 .debug_loc     0x0001d0c7      0x13a build/ancit_driver_digital_io.o
 .debug_loc     0x0001d201       0xa5 build/ancit_driver_timer.o
 .debug_loc     0x0001d2a6      0x2d5 build/fota_utils.o
 .debug_loc     0x0001d57b      0x292 build/ancit_adc.o
 .debug_loc     0x0001d80d      0x140 build/ancit_can_rx.o
 .debug_loc     0x0001d94d      0x109 build/ancit_can_tx.o
 .debug_loc     0x0001da56       0x80 build/ancit_di.o
 .debug_loc     0x0001dad6       0xd9 build/ancit_do.o
 .debug_loc     0x0001dbaf      0x444 build/ancit_common.o
 .debug_loc     0x0001dff3       0x8c build/ancit_scheduler.o
 .debug_loc     0x0001e07f       0x42 build/ancit_timer.o
 .debug_loc     0x0001e0c1      0x217 build/ancit_head_light.o
 .debug_loc     0x0001e2d8       0x42 build/genx_can_tx.o
 .debug_loc     0x0001e31a       0x2a build/genx_common.o
 .debug_loc     0x0001e344       0x42 build/genx_do.o
 .debug_loc     0x0001e386      0xa10 build/smart_wheels_hl.o

.debug_aranges  0x00000000     0x18e0
 .debug_aranges
                0x00000000       0x30 build/system_S32K144.o
 .debug_aranges
                0x00000030       0x20 build/startup.o
 .debug_aranges
                0x00000050       0xe8 build/adc_driver.o
 .debug_aranges
                0x00000138      0x128 build/clock_S32K1xx.o
 .debug_aranges
                0x00000260      0x140 build/edma_driver.o
 .debug_aranges
                0x000003a0       0x88 build/edma_hw_access.o
 .debug_aranges
                0x00000428       0xa0 build/edma_irq.o
 .debug_aranges
                0x000004c8      0x130 build/flash_driver.o
 .debug_aranges
                0x000005f8      0x198 build/flexcan_driver.o
 .debug_aranges
                0x00000790       0xf8 build/flexcan_hw_access.o
 .debug_aranges
                0x00000888       0x80 build/flexcan_irq.o
 .debug_aranges
                0x00000908       0xc8 build/ftm_common.o
 .debug_aranges
                0x000009d0       0x38 build/ftm_hw_access.o
 .debug_aranges
                0x00000a08       0x50 build/ftm_pwm_driver.o
 .debug_aranges
                0x00000a58       0x70 build/interrupt_manager.o
 .debug_aranges
                0x00000ac8       0xa8 build/lptmr_driver.o
 .debug_aranges
                0x00000b70       0x20 build/lptmr_hw_access.o
 .debug_aranges
                0x00000b90      0x118 build/lpuart_driver.o
 .debug_aranges
                0x00000ca8       0x78 build/lpuart_hw_access.o
 .debug_aranges
                0x00000d20       0x30 build/lpuart_irq.o
 .debug_aranges
                0x00000d50       0xe0 build/pins_driver.o
 .debug_aranges
                0x00000e30       0x40 build/pins_port_hw_access.o
 .debug_aranges
                0x00000e70       0x70 build/osif_baremetal.o
 .debug_aranges
                0x00000ee0       0x28 build/UdsBootMgr.o
 .debug_aranges
                0x00000f08       0x48 build/UdsNvmMgr.o
 .debug_aranges
                0x00000f50       0x40 build/ancit_driver_adc.o
 .debug_aranges
                0x00000f90       0x40 build/ancit_driver_can.o
 .debug_aranges
                0x00000fd0       0x30 build/ancit_driver_digital_io.o
 .debug_aranges
                0x00001000       0x38 build/ancit_driver_timer.o
 .debug_aranges
                0x00001038       0x40 build/fota_uart.o
 .debug_aranges
                0x00001078       0x40 build/fota_utils.o
 .debug_aranges
                0x000010b8       0x48 build/ancit_adc.o
 .debug_aranges
                0x00001100       0x20 build/ancit_can.o
 .debug_aranges
                0x00001120       0x38 build/ancit_can_rx.o
 .debug_aranges
                0x00001158       0x48 build/ancit_can_tx.o
 .debug_aranges
                0x000011a0       0x38 build/ancit_di.o
 .debug_aranges
                0x000011d8       0x40 build/ancit_do.o
 .debug_aranges
                0x00001218       0x80 build/ancit_common.o
 .debug_aranges
                0x00001298       0x40 build/ancit_scheduler.o
 .debug_aranges
                0x000012d8       0x40 build/ancit_timer.o
 .debug_aranges
                0x00001318       0x18 build/clock_config.o
 .debug_aranges
                0x00001330       0x18 build/peripherals_MyADC_0.o
 .debug_aranges
                0x00001348       0x18 build/peripherals_MyADC_1.o
 .debug_aranges
                0x00001360       0x18 build/peripherals_flash_1.o
 .debug_aranges
                0x00001378       0x18 build/peripherals_flexTimer_pwm_1.o
 .debug_aranges
                0x00001390       0x18 build/peripherals_flexcan_config_1.o
 .debug_aranges
                0x000013a8       0x18 build/peripherals_lptmr_1.o
 .debug_aranges
                0x000013c0       0x18 build/peripherals_lpuart_1.o
 .debug_aranges
                0x000013d8       0x18 build/pin_mux.o
 .debug_aranges
                0x000013f0       0xd0 build/ancit_head_light.o
 .debug_aranges
                0x000014c0       0x50 build/genx_adc.o
 .debug_aranges
                0x00001510       0x30 build/genx_can_rx.o
 .debug_aranges
                0x00001540       0x38 build/genx_can_tx.o
 .debug_aranges
                0x00001578       0x20 build/genx_common.o
 .debug_aranges
                0x00001598       0x58 build/genx_di.o
 .debug_aranges
                0x000015f0       0x40 build/genx_do.o
 .debug_aranges
                0x00001630       0x38 build/genx_runnables.o
 .debug_aranges
                0x00001668       0x40 build/genx_scheduler.o
 .debug_aranges
                0x000016a8       0x20 build/main.o
 .debug_aranges
                0x000016c8      0x1f8 build/smart_wheels_hl.o
 .debug_aranges
                0x000018c0       0x20 build/startup_S32K144.o

.debug_ranges   0x00000000     0x2578
 .debug_ranges  0x00000000       0x20 build/system_S32K144.o
 .debug_ranges  0x00000020       0x10 build/startup.o
 .debug_ranges  0x00000030      0x180 build/adc_driver.o
 .debug_ranges  0x000001b0      0x3b0 build/clock_S32K1xx.o
 .debug_ranges  0x00000560      0x190 build/edma_driver.o
 .debug_ranges  0x000006f0       0x90 build/edma_hw_access.o
 .debug_ranges  0x00000780       0x90 build/edma_irq.o
 .debug_ranges  0x00000810      0x1b8 build/flash_driver.o
 .debug_ranges  0x000009c8      0x300 build/flexcan_driver.o
 .debug_ranges  0x00000cc8      0x148 build/flexcan_hw_access.o
 .debug_ranges  0x00000e10       0x70 build/flexcan_irq.o
 .debug_ranges  0x00000e80      0x230 build/ftm_common.o
 .debug_ranges  0x000010b0       0x28 build/ftm_hw_access.o
 .debug_ranges  0x000010d8      0x640 build/ftm_pwm_driver.o
 .debug_ranges  0x00001718       0x98 build/interrupt_manager.o
 .debug_ranges  0x000017b0      0x150 build/lptmr_driver.o
 .debug_ranges  0x00001900       0x10 build/lptmr_hw_access.o
 .debug_ranges  0x00001910      0x180 build/lpuart_driver.o
 .debug_ranges  0x00001a90       0x68 build/lpuart_hw_access.o
 .debug_ranges  0x00001af8       0x20 build/lpuart_irq.o
 .debug_ranges  0x00001b18       0xd0 build/pins_driver.o
 .debug_ranges  0x00001be8       0x48 build/pins_port_hw_access.o
 .debug_ranges  0x00001c30       0x98 build/osif_baremetal.o
 .debug_ranges  0x00001cc8       0x18 build/UdsBootMgr.o
 .debug_ranges  0x00001ce0       0x38 build/UdsNvmMgr.o
 .debug_ranges  0x00001d18       0x30 build/ancit_driver_adc.o
 .debug_ranges  0x00001d48       0x30 build/ancit_driver_can.o
 .debug_ranges  0x00001d78       0x20 build/ancit_driver_digital_io.o
 .debug_ranges  0x00001d98       0x28 build/ancit_driver_timer.o
 .debug_ranges  0x00001dc0       0x30 build/fota_uart.o
 .debug_ranges  0x00001df0       0x60 build/fota_utils.o
 .debug_ranges  0x00001e50       0x80 build/ancit_adc.o
 .debug_ranges  0x00001ed0       0x10 build/ancit_can.o
 .debug_ranges  0x00001ee0       0x40 build/ancit_can_rx.o
 .debug_ranges  0x00001f20       0xc8 build/ancit_can_tx.o
 .debug_ranges  0x00001fe8       0x28 build/ancit_di.o
 .debug_ranges  0x00002010       0x48 build/ancit_do.o
 .debug_ranges  0x00002058       0x88 build/ancit_common.o
 .debug_ranges  0x000020e0       0x48 build/ancit_scheduler.o
 .debug_ranges  0x00002128       0x30 build/ancit_timer.o
 .debug_ranges  0x00002158       0xc0 build/ancit_head_light.o
 .debug_ranges  0x00002218       0x40 build/genx_adc.o