Archive member included to satisfy reference by file (symbol)

C:/NXP/S32DS.3.5/S32DS/build_tools/gcc_b1620/gcc-6.3-arm32-eabi/lib/gcc/arm-none-eabi/6.3.1/thumb/v7e-m/fpv4-sp/hard\libgcc.a(_arm_addsubdf3.o)
                              build/ACC.o (__aeabi_dsub)
C:/NXP/S32DS.3.5/S32DS/build_tools/gcc_b1620/gcc-6.3-arm32-eabi/lib/gcc/arm-none-eabi/6.3.1/thumb/v7e-m/fpv4-sp/hard\libgcc.a(_arm_muldivdf3.o)
                              build/ACC.o (__aeabi_dmul)
C:/NXP/S32DS.3.5/S32DS/build_tools/gcc_b1620/gcc-6.3-arm32-eabi/lib/gcc/arm-none-eabi/6.3.1/thumb/v7e-m/fpv4-sp/hard\libgcc.a(_arm_cmpdf2.o)
                              build/ACC.o (__aeabi_dcmpeq)
C:/NXP/S32DS.3.5/S32DS/build_tools/gcc_b1620/gcc-6.3-arm32-eabi/lib/gcc/arm-none-eabi/6.3.1/thumb/v7e-m/fpv4-sp/hard\libgcc.a(_arm_unorddf2.o)
                              build/rt_nonfinite.o (__aeabi_dcmpun)
C:/NXP/S32DS.3.5/S32DS/build_tools/gcc_b1620/gcc-6.3-arm32-eabi/lib/gcc/arm-none-eabi/6.3.1/thumb/v7e-m/fpv4-sp/hard\libgcc.a(_arm_fixdfsi.o)
                              build/rt_logging.o (__aeabi_d2iz)
C:/NXP/S32DS.3.5/S32DS/build_tools/gcc_b1620/gcc-6.3-arm32-eabi/lib/gcc/arm-none-eabi/6.3.1/thumb/v7e-m/fpv4-sp/hard\libgcc.a(_arm_fixunsdfsi.o)
                              build/genx_simulink_bridge.o (__aeabi_d2uiz)
C:/NXP/S32DS.3.5/S32DS/build_tools/gcc_b1620/gcc-6.3-arm32-eabi/lib/gcc/arm-none-eabi/6.3.1/thumb/v7e-m/fpv4-sp/hard\libgcc.a(_arm_truncdfsf2.o)
                              build/rt_logging.o (__aeabi_d2f)
C:/NXP/S32DS.3.5/S32DS/build_tools/gcc_b1620/gcc-6.3-arm32-eabi/lib/gcc/arm-none-eabi/6.3.1/thumb/v7e-m/fpv4-sp/hard\libgcc.a(_aeabi_uldivmod.o)
                              build/lptmr_driver.o (__aeabi_uldivmod)
C:/NXP/S32DS.3.5/S32DS/build_tools/gcc_b1620/gcc-6.3-arm32-eabi/lib/gcc/arm-none-eabi/6.3.1/thumb/v7e-m/fpv4-sp/hard\libgcc.a(_udivmoddi4.o)
                              C:/NXP/S32DS.3.5/S32DS/build_tools/gcc_b1620/gcc-6.3-arm32-eabi/lib/gcc/arm-none-eabi/6.3.1/thumb/v7e-m/fpv4-sp/hard\libgcc.a(_aeabi_uldivmod.o) (__udivmoddi4)
C:/NXP/S32DS.3.5/S32DS/build_tools/gcc_b1620/gcc-6.3-arm32-eabi/lib/gcc/arm-none-eabi/6.3.1/thumb/v7e-m/fpv4-sp/hard\libgcc.a(_dvmd_tls.o)
                              C:/NXP/S32DS.3.5/S32DS/build_tools/gcc_b1620/gcc-6.3-arm32-eabi/lib/gcc/arm-none-eabi/6.3.1/thumb/v7e-m/fpv4-sp/hard\libgcc.a(_aeabi_uldivmod.o) (__aeabi_ldiv0)
C:/NXP/S32DS.3.5/S32DS/build_tools/gcc_b1620/gcc-6.3-arm32-eabi/arm-none-eabi/newlib/lib/thumb/v7e-m/fpv4-sp/hard\libc.a(lib_a-calloc.o)
                              build/rt_logging.o (calloc)
C:/NXP/S32DS.3.5/S32DS/build_tools/gcc_b1620/gcc-6.3-arm32-eabi/arm-none-eabi/newlib/lib/thumb/v7e-m/fpv4-sp/hard\libc.a(lib_a-callocr.o)
                              C:/NXP/S32DS.3.5/S32DS/build_tools/gcc_b1620/gcc-6.3-arm32-eabi/arm-none-eabi/newlib/lib/thumb/v7e-m/fpv4-sp/hard\libc.a(lib_a-calloc.o) (_calloc_r)
C:/NXP/S32DS.3.5/S32DS/build_tools/gcc_b1620/gcc-6.3-arm32-eabi/arm-none-eabi/newlib/lib/thumb/v7e-m/fpv4-sp/hard\libc.a(lib_a-exit.o)
                              build/rt_logging.o (exit)
C:/NXP/S32DS.3.5/S32DS/build_tools/gcc_b1620/gcc-6.3-arm32-eabi/arm-none-eabi/newlib/lib/thumb/v7e-m/fpv4-sp/hard\libc.a(lib_a-fclose.o)
                              build/rt_logging.o (fclose)
C:/NXP/S32DS.3.5/S32DS/build_tools/gcc_b1620/gcc-6.3-arm32-eabi/arm-none-eabi/newlib/lib/thumb/v7e-m/fpv4-sp/hard\libc.a(lib_a-fflush.o)
                              C:/NXP/S32DS.3.5/S32DS/build_tools/gcc_b1620/gcc-6.3-arm32-eabi/arm-none-eabi/newlib/lib/thumb/v7e-m/fpv4-sp/hard\libc.a(lib_a-fclose.o) (__sflush_r)
C:/NXP/S32DS.3.5/S32DS/build_tools/gcc_b1620/gcc-6.3-arm32-eabi/arm-none-eabi/newlib/lib/thumb/v7e-m/fpv4-sp/hard\libc.a(lib_a-findfp.o)
                              C:/NXP/S32DS.3.5/S32DS/build_tools/gcc_b1620/gcc-6.3-arm32-eabi/arm-none-eabi/newlib/lib/thumb/v7e-m/fpv4-sp/hard\libc.a(lib_a-fclose.o) (__sinit)
C:/NXP/S32DS.3.5/S32DS/build_tools/gcc_b1620/gcc-6.3-arm32-eabi/arm-none-eabi/newlib/lib/thumb/v7e-m/fpv4-sp/hard\libc.a(lib_a-fopen.o)
                              build/rt_logging.o (fopen)
C:/NXP/S32DS.3.5/S32DS/build_tools/gcc_b1620/gcc-6.3-arm32-eabi/arm-none-eabi/newlib/lib/thumb/v7e-m/fpv4-sp/hard\libc.a(lib_a-fprintf.o)
                              build/rt_logging.o (fprintf)
C:/NXP/S32DS.3.5/S32DS/build_tools/gcc_b1620/gcc-6.3-arm32-eabi/arm-none-eabi/newlib/lib/thumb/v7e-m/fpv4-sp/hard\libc.a(lib_a-fread.o)
                              build/rt_logging.o (fread)
C:/NXP/S32DS.3.5/S32DS/build_tools/gcc_b1620/gcc-6.3-arm32-eabi/arm-none-eabi/newlib/lib/thumb/v7e-m/fpv4-sp/hard\libc.a(lib_a-freer.o)
                              C:/NXP/S32DS.3.5/S32DS/build_tools/gcc_b1620/gcc-6.3-arm32-eabi/arm-none-eabi/newlib/lib/thumb/v7e-m/fpv4-sp/hard\libc.a(lib_a-fclose.o) (_free_r)
C:/NXP/S32DS.3.5/S32DS/build_tools/gcc_b1620/gcc-6.3-arm32-eabi/arm-none-eabi/newlib/lib/thumb/v7e-m/fpv4-sp/hard\libc.a(lib_a-fseek.o)
[...]
Memory Configuration

Name             Origin             Length             Attributes
m_interrupts     0x0000c000         0x00000400         xr
m_flash_config   0x0000c400         0x00000010         xr
m_text           0x0000c410         0x0007fbf0         xr
m_data           0x1fff8000         0x00008000         rw
m_data_2         0x20000000         0x00007000         rw
*default*        0x00000000         0xffffffff

Linker script and memory map

LOAD build/system_S32K144.o
LOAD build/startup.o
LOAD build/clock_S32K1xx.o
LOAD build/interrupt_manager.o
LOAD build/pins_driver.o
LOAD build/pins_port_hw_access.o
LOAD build/adc_driver.o
LOAD build/edma_driver.o
LOAD build/edma_hw_access.o
LOAD build/edma_irq.o
LOAD build/flash_driver.o
LOAD build/flexcan_driver.o
LOAD build/flexcan_hw_access.o
LOAD build/flexcan_irq.o
LOAD build/ftm_common.o
LOAD build/ftm_hw_access.o
LOAD build/ftm_ic_driver.o
LOAD build/ftm_pwm_driver.o
LOAD build/lpi2c_driver.o
LOAD build/lpi2c_hw_access.o
LOAD build/lpi2c_irq.o
LOAD build/lptmr_driver.o
LOAD build/lptmr_hw_access.o
LOAD build/lpuart_driver.o
LOAD build/lpuart_hw_access.o
LOAD build/lpuart_irq.o
LOAD build/osif_baremetal.o
LOAD build/UdsBootMgr.o
LOAD build/UdsNvmMgr.o
LOAD build/ancit_driver_digital_io.o
LOAD build/ancit_driver_timer.o
LOAD build/ancit_driver_uart.o
LOAD build/fota_uart.o
LOAD build/fota_uart_config.o
LOAD build/fota_utils.o
LOAD build/ancit_di.o
LOAD build/ancit_pwm.o
LOAD build/ancit_common.o
LOAD build/ancit_scheduler.o
LOAD build/ancit_timer.o
LOAD build/ancit_uart_rte.o
LOAD build/ancit_ultrasonic.o
LOAD build/ancit_i2c_manager.o
LOAD build/ancit_oled_driver.o
LOAD build/ancit_oled_handler.o
LOAD build/ssd1306_fonts.o
LOAD build/clock_config.o
LOAD build/peripherals_MyADC_0.o
LOAD build/peripherals_MyADC_1.o
LOAD build/peripherals_edma_config_1.o
LOAD build/peripherals_flash_1.o
LOAD build/peripherals_flexTimer_ic_echo.o
LOAD build/peripherals_flexTimer_pwm_0.o
LOAD build/peripherals_flexcan_config_0.o
LOAD build/peripherals_lpi2c_config_1.o
LOAD build/peripherals_lptmr_1.o
LOAD build/peripherals_lpuart_1.o
LOAD build/peripherals_osif_1.o
LOAD build/pin_mux.o
LOAD build/ACC.o
LOAD build/ACC_data.o
LOAD build/SK_DC.o
LOAD build/genx_common.o
LOAD build/genx_i2c_manager.o
LOAD build/genx_oled.o
LOAD build/genx_pwm.o
LOAD build/genx_scheduler.o
LOAD build/genx_simulink_bridge.o
LOAD build/genx_uart_rte.o
LOAD build/main.o
LOAD build/rt_logging.o
LOAD build/rt_nonfinite.o
LOAD build/startup_S32K144.o
START GROUP
LOAD C:/NXP/S32DS.3.5/S32DS/build_tools/gcc_b1620/gcc-6.3-arm32-eabi/lib/gcc/arm-none-eabi/6.3.1/thumb/v7e-m/fpv4-sp/hard\libgcc.a
LOAD C:/NXP/S32DS.3.5/S32DS/build_tools/gcc_b1620/gcc-6.3-arm32-eabi/arm-none-eabi/newlib/lib/thumb/v7e-m/fpv4-sp/hard\libc.a
LOAD C:/NXP/S32DS.3.5/S32DS/build_tools/gcc_b1620/gcc-6.3-arm32-eabi/arm-none-eabi/newlib/lib/thumb/v7e-m/fpv4-sp/hard\libm.a
LOAD C:/NXP/S32DS.3.5/S32DS/build_tools/gcc_b1620/gcc-6.3-arm32-eabi/arm-none-eabi/newlib/lib/thumb/v7e-m/fpv4-sp/hard\libnosys.a
END GROUP
START GROUP
LOAD C:/NXP/S32DS.3.5/S32DS/build_tools/gcc_b1620/gcc-6.3-arm32-eabi/lib/gcc/arm-none-eabi/6.3.1/thumb/v7e-m/fpv4-sp/hard\libgcc.a
LOAD C:/NXP/S32DS.3.5/S32DS/build_tools/gcc_b1620/gcc-6.3-arm32-eabi/arm-none-eabi/newlib/lib/thumb/v7e-m/fpv4-sp/hard\libc.a
END GROUP
START GROUP
LOAD C:/NXP/S32DS.3.5/S32DS/build_tools/gcc_b1620/gcc-6.3-arm32-eabi/lib/gcc/arm-none-eabi/6.3.1/thumb/v7e-m/fpv4-sp/hard\libgcc.a
LOAD C:/NXP/S32DS.3.5/S32DS/build_tools/gcc_b1620/gcc-6.3-arm32-eabi/arm-none-eabi/newlib/lib/thumb/v7e-m/fpv4-sp/hard\libc.a
LOAD C:/NXP/S32DS.3.5/S32DS/build_tools/gcc_b1620/gcc-6.3-arm32-eabi/arm-none-eabi/newlib/lib/thumb/v7e-m/fpv4-sp/hard\libnosys.a
END GROUP
                0x00000400                HEAP_SIZE = DEFINED (__heap_size__)?__heap_size__:0x400
                0x00000400                STACK_SIZE = DEFINED (__stack_size__)?__stack_size__:0x400
                0x00000400                M_VECTOR_RAM_SIZE = DEFINED (__flash_vector_table__)?0x0:0x400

.interrupts     0x0000c000      0x400
                0x0000c000                __VECTOR_TABLE = .
                0x0000c000                __interrupts_start__ = .
                0x0000c000                . = ALIGN (0x4)
 *(.isr_vector)
 .isr_vector    0x0000c000      0x400 build/startup_S32K144.o
                0x0000c000                __isr_vector
                0x0000c400                __interrupts_end__ = .
                0x0000c400                . = ALIGN (0x4)

.flash_config   0x0000c400       0x10
                0x0000c400                . = ALIGN (0x4)
 *(.FlashConfig)
 .FlashConfig   0x0000c400       0x10 build/startup_S32K144.o
                0x0000c410                . = ALIGN (0x4)

.text           0x0000c410    0x18a1c
                0x0000c410                . = ALIGN (0x4)
 *(.text)
 .text          0x0000c410       0x4c build/startup_S32K144.o
                0x0000c410                Reset_Handler
                0x0000c458                DebugMon_Handler
                0x0000c458                Reserved88_IRQHandler
                0x0000c458                HardFault_Handler
                0x0000c458                Reserved86_IRQHandler
                0x0000c458                Reserved103_IRQHandler
                0x0000c458                Reserved50_IRQHandler
                0x0000c458                FTFC_Fault_IRQHandler
                0x0000c458                Reserved114_IRQHandler
                0x0000c458                PendSV_Handler
                0x0000c458                NMI_Handler
                0x0000c458                Reserved89_IRQHandler
                0x0000c458                ERM_double_fault_IRQHandler
                0x0000c458                Reserved59_IRQHandler
                0x0000c458                LPIT0_Ch0_IRQHandler
                0x0000c458                Reserved99_IRQHandler
                0x0000c458                LPIT0_Ch3_IRQHandler
                0x0000c458                Reserved92_IRQHandler
                0x0000c458                SWI_IRQHandler
                0x0000c458                ADC0_IRQHandler
                0x0000c458                UsageFault_Handler
                0x0000c458                FTM0_Ovf_Reload_IRQHandler
                0x0000c458                DefaultISR
                0x0000c458                Reserved58_IRQHandler
                0x0000c458                Reserved82_IRQHandler
                0x0000c458                Reserved71_IRQHandler
                0x0000c458                PORTD_IRQHandler
                0x0000c458                Reserved69_IRQHandler
                0x0000c458                PORTB_IRQHandler
                0x0000c458                Reserved70_IRQHandler
                0x0000c458                ADC1_IRQHandler
                0x0000c458                Reserved53_IRQHandler
                0x0000c458                RTC_IRQHandler
                0x0000c458                PDB0_IRQHandler
                0x0000c458                Reserved54_IRQHandler
                0x0000c458                LPSPI1_IRQHandler
                0x0000c458                LPUART1_RxTx_IRQHandler
                0x0000c458                RTC_Seconds_IRQHandler
                0x0000c458                Reserved72_IRQHandler
                0x0000c458                Reserved110_IRQHandler
                0x0000c458                Reserved107_IRQHandler
                0x0000c458                Read_Collision_IRQHandler
                0x0000c458                FTFC_IRQHandler
                0x0000c458                Reserved105_IRQHandler
                0x0000c458                LPIT0_Ch1_IRQHandler
                0x0000c458                FTM3_Ovf_Reload_IRQHandler
                0x0000c458                LPUART2_RxTx_IRQHandler
                0x0000c458                LPSPI0_IRQHandler
                0x0000c458                WDOG_EWM_IRQHandler
                0x0000c458                MemManage_Handler
                0x0000c458                Reserved90_IRQHandler
                0x0000c458                Reserved83_IRQHandler
                0x0000c458                FTM0_Fault_IRQHandler
                0x0000c458                Reserved48_IRQHandler
                0x0000c458                SVC_Handler
                0x0000c458                ERM_single_fault_IRQHandler
                0x0000c458                FTM2_Fault_IRQHandler
                0x0000c458                FTM3_Fault_IRQHandler
                0x0000c458                RCM_IRQHandler
                0x0000c458                Reserved100_IRQHandler
                0x0000c458                Reserved91_IRQHandler
                0x0000c458                SCG_IRQHandler
                0x0000c458                PDB1_IRQHandler
                0x0000c458                Reserved81_IRQHandler
                0x0000c458                Reserved46_IRQHandler
                0x0000c458                Reserved45_IRQHandler
                0x0000c458                Reserved112_IRQHandler
                0x0000c458                FTM1_Fault_IRQHandler
                0x0000c458                Reserved106_IRQHandler
                0x0000c458                LVD_LVW_IRQHandler
                0x0000c458                LPIT0_Ch2_IRQHandler
                0x0000c458                PORTA_IRQHandler
                0x0000c458                MCM_IRQHandler
                0x0000c458                LPSPI2_IRQHandler
                0x0000c458                PORTE_IRQHandler
                0x0000c458                LPUART0_RxTx_IRQHandler
                0x0000c458                BusFault_Handler
                0x0000c458                Reserved87_IRQHandler
                0x0000c458                FTM1_Ovf_Reload_IRQHandler
                0x0000c458                Reserved93_IRQHandler
                0x0000c458                CMP0_IRQHandler
                0x0000c458                Reserved52_IRQHandler
                0x0000c458                PORTC_IRQHandler
                0x0000c458                FLEXIO_IRQHandler
                0x0000c458                Reserved113_IRQHandler
 .text          0x0000c45c      0x378 C:/NXP/S32DS.3.5/S32DS/build_tools/gcc_b1620/gcc-6.3-arm32-eabi/lib/gcc/arm-none-eabi/6.3.1/thumb/v7e-m/fpv4-sp/hard\libgcc.a(_arm_addsubdf3.o)
                0x0000c45c                __aeabi_drsub
                0x0000c464                __aeabi_dsub
                0x0000c464                __subdf3
                0x0000c468                __aeabi_dadd
                0x0000c468                __adddf3
                0x0000c6e0                __floatunsidf
                0x0000c6e0                __aeabi_ui2d
                0x0000c700                __floatsidf
                0x0000c700                __aeabi_i2d
                0x0000c724                __aeabi_f2d
                0x0000c724                __extendsfdf2
                0x0000c768                __floatundidf
                0x0000c768                __aeabi_ul2d
                0x0000c778                __floatdidf
                0x0000c778                __aeabi_l2d
 .text          0x0000c7d4      0x424 C:/NXP/S32DS.3.5/S32DS/build_tools/gcc_b1620/gcc-6.3-arm32-eabi/lib/gcc/arm-none-eabi/6.3.1/thumb/v7e-m/fpv4-sp/hard\libgcc.a(_arm_muldivdf3.o)
                0x0000c7d4                __aeabi_dmul
                0x0000c7d4                __muldf3
                0x0000ca28                __divdf3
                0x0000ca28                __aeabi_ddiv
 .text          0x0000cbf8      0x110 C:/NXP/S32DS.3.5/S32DS/build_tools/gcc_b1620/gcc-6.3-arm32-eabi/lib/gcc/arm-none-eabi/6.3.1/thumb/v7e-m/fpv4-sp/hard\libgcc.a(_arm_cmpdf2.o)
                0x0000cbf8                __gtdf2
                0x0000cbf8                __gedf2
                0x0000cc00                __ltdf2
                0x0000cc00                __ledf2
                0x0000cc08                __nedf2
                0x0000cc08                __eqdf2
                0x0000cc08                __cmpdf2
                0x0000cc84                __aeabi_cdrcmple
                0x0000cc94                __aeabi_cdcmpeq
                0x0000cc94                __aeabi_cdcmple
                0x0000cca4                __aeabi_dcmpeq
                0x0000ccb8                __aeabi_dcmplt
                0x0000cccc                __aeabi_dcmple
                0x0000cce0                __aeabi_dcmpge
                0x0000ccf4                __aeabi_dcmpgt
 .text          0x0000cd08       0x2c C:/NXP/S32DS.3.5/S32DS/build_tools/gcc_b1620/gcc-6.3-arm32-eabi/lib/gcc/arm-none-eabi/6.3.1/thumb/v7e-m/fpv4-sp/hard\libgcc.a(_arm_unorddf2.o)
                0x0000cd08                __unorddf2
                0x0000cd08                __aeabi_dcmpun
 .text          0x0000cd34       0x50 C:/NXP/S32DS.3.5/S32DS/build_tools/gcc_b1620/gcc-6.3-arm32-eabi/lib/gcc/arm-none-eabi/6.3.1/thumb/v7e-m/fpv4-sp/hard\libgcc.a(_arm_fixdfsi.o)
                0x0000cd34                __aeabi_d2iz
                0x0000cd34                __fixdfsi
 .text          0x0000cd84       0x40 C:/NXP/S32DS.3.5/S32DS/build_tools/gcc_b1620/gcc-6.3-arm32-eabi/lib/gcc/arm-none-eabi/6.3.1/thumb/v7e-m/fpv4-sp/hard\libgcc.a(_arm_fixunsdfsi.o)
                0x0000cd84                __aeabi_d2uiz
                0x0000cd84                __fixunsdfsi
 .text          0x0000cdc4       0xa0 C:/NXP/S32DS.3.5/S32DS/build_tools/gcc_b1620/gcc-6.3-arm32-eabi/lib/gcc/arm-none-eabi/6.3.1/thumb/v7e-m/fpv4-sp/hard\libgcc.a(_arm_truncdfsf2.o)
                0x0000cdc4                __truncdfsf2
                0x0000cdc4                __aeabi_d2f
 .text          0x0000ce64       0x30 C:/NXP/S32DS.3.5/S32DS/build_tools/gcc_b1620/gcc-6.3-arm32-eabi/lib/gcc/arm-none-eabi/6.3.1/thumb/v7e-m/fpv4-sp/hard\libgcc.a(_aeabi_uldivmod.o)
                0x0000ce64                __aeabi_uldivmod
 .text          0x0000ce94      0x2e4 C:/NXP/S32DS.3.5/S32DS/build_tools/gcc_b1620/gcc-6.3-arm32-eabi/lib/gcc/arm-none-eabi/6.3.1/thumb/v7e-m/fpv4-sp/hard\libgcc.a(_udivmoddi4.o)
                0x0000ce94                __udivmoddi4
 .text          0x0000d178        0x4 C:/NXP/S32DS.3.5/S32DS/build_tools/gcc_b1620/gcc-6.3-arm32-eabi/lib/gcc/arm-none-eabi/6.3.1/thumb/v7e-m/fpv4-sp/hard\libgcc.a(_dvmd_tls.o)
                0x0000d178                __aeabi_idiv0
                0x0000d178                __aeabi_ldiv0
 .text          0x0000d17c       0x14 C:/NXP/S32DS.3.5/S32DS/build_tools/gcc_b1620/gcc-6.3-arm32-eabi/arm-none-eabi/newlib/lib/thumb/v7e-m/fpv4-sp/hard\libc.a(lib_a-strcmp.o)
                0x0000d17c                strcmp
 .text          0x0000d190       0x10 C:/NXP/S32DS.3.5/S32DS/build_tools/gcc_b1620/gcc-6.3-arm32-eabi/arm-none-eabi/newlib/lib/thumb/v7e-m/fpv4-sp/hard\libc.a(lib_a-strlen.o)
                0x0000d190                strlen
 .text          0x0000d1a0       0xa0 C:/NXP/S32DS.3.5/S32DS/build_tools/gcc_b1620/gcc-6.3-arm32-eabi/arm-none-eabi/newlib/lib/thumb/v7e-m/fpv4-sp/hard\libc.a(lib_a-memchr.o)
                0x0000d1a0                memchr
 .text          0x0000d240       0x30 C:/NXP/S32DS.3.5/S32DS/build_tools/gcc_b1620/gcc-6.3-arm32-eabi/lib/gcc/arm-none-eabi/6.3.1/thumb/v7e-m/fpv4-sp/hard\libgcc.a(_fixdfdi.o)
                0x0000d240                __fixdfdi
                0x0000d240                __aeabi_d2lz
 .text          0x0000d270       0x48 C:/NXP/S32DS.3.5/S32DS/build_tools/gcc_b1620/gcc-6.3-arm32-eabi/lib/gcc/arm-none-eabi/6.3.1/thumb/v7e-m/fpv4-sp/hard\libgcc.a(_fixunsdfdi.o)
                0x0000d270                __fixunsdfdi
                0x0000d270                __aeabi_d2ulz
 *(.text*)
 .text.SystemInit
                0x0000d2b8       0x3c build/system_S32K144.o
                0x0000d2b8                SystemInit
 .text.init_data_bss
                0x0000d2f4       0xd8 build/startup.o
                0x0000d2f4                init_data_bss
 .text.CLOCK_SYS_GetCurrentRunMode
                0x0000d3cc       0x24 build/clock_S32K1xx.o
 .text.CLOCK_SYS_GetSysOscFreq
                0x0000d3f0       0x1c build/clock_S32K1xx.o
 .text.CLOCK_SYS_ConfigureSOSC
                0x0000d40c      0x12c build/clock_S32K1xx.o
 .text.CLOCK_SYS_GetSircFreq
                0x0000d538       0x2c build/clock_S32K1xx.o
 .text.CLOCK_SYS_ConfigureSIRC
                0x0000d564       0xc4 build/clock_S32K1xx.o
 .text.CLOCK_SYS_GetFircFreq
                0x0000d628       0x20 build/clock_S32K1xx.o
 .text.CLOCK_SYS_ConfigureFIRC
                0x0000d648       0xb4 build/clock_S32K1xx.o
 .text.CLOCK_SYS_GetSysPllFreq
                0x0000d6fc       0x44 build/clock_S32K1xx.o
 .text.CLOCK_SYS_ConfigureSPLL
                0x0000d740      0x12c build/clock_S32K1xx.o
 .text.CLOCK_SYS_SetSystemClockConfig
                0x0000d86c      0x208 build/clock_S32K1xx.o
 .text.CLOCK_SYS_TransitionSystemClock
                0x0000da74       0x54 build/clock_S32K1xx.o
 .text.CLOCK_SYS_GetSystemClockFreq
                0x0000dac8       0x80 build/clock_S32K1xx.o
 .text.CLOCK_SYS_GetScgClkOutFreq
                0x0000db48       0x48 build/clock_S32K1xx.o
 .text.CLOCK_SYS_GetSysAsyncFreq
                0x0000db90       0xc8 build/clock_S32K1xx.o
 .text.CLOCK_SYS_GetSimRtcClkFreq
                0x0000dc58       0x50 build/clock_S32K1xx.o
 .text.CLOCK_SYS_GetLpoFreq
                0x0000dca8       0x54 build/clock_S32K1xx.o
 .text.CLOCK_SYS_GetSimClkOutFreq
                0x0000dcfc       0xac build/clock_S32K1xx.o
 .text.CLOCK_SYS_GetSimClockFreq
                0x0000dda8      0x1a8 build/clock_S32K1xx.o
 .text.CLOCK_SYS_GetPeripheralClock
                0x0000df50       0xcc build/clock_S32K1xx.o
 .text.CLOCK_DRV_Init
                0x0000e01c      0x610 build/clock_S32K1xx.o
                0x0000e01c                CLOCK_DRV_Init
 .text.CLOCK_DRV_GetFreq
                0x0000e62c      0x20c build/clock_S32K1xx.o
                0x0000e62c                CLOCK_DRV_GetFreq
 .text.CLOCK_SYS_Init
                0x0000e838       0x28 build/clock_S32K1xx.o
                0x0000e838                CLOCK_SYS_Init
 .text.CLOCK_SYS_UpdateConfiguration
                0x0000e860       0xf4 build/clock_S32K1xx.o
                0x0000e860                CLOCK_SYS_UpdateConfiguration
 .text.CLOCK_SYS_GetFreq
                0x0000e954        0x8 build/clock_S32K1xx.o
                0x0000e954                CLOCK_SYS_GetFreq
 .text.INT_SYS_InstallHandler
                0x0000e95c       0x60 build/interrupt_manager.o
                0x0000e95c                INT_SYS_InstallHandler
 .text.INT_SYS_EnableIRQ
                0x0000e9bc       0x28 build/interrupt_manager.o
                0x0000e9bc                INT_SYS_EnableIRQ
 .text.INT_SYS_DisableIRQ
                0x0000e9e4       0x2c build/interrupt_manager.o
                0x0000e9e4                INT_SYS_DisableIRQ
 .text.INT_SYS_EnableIRQGlobal
                0x0000ea10       0x1c build/interrupt_manager.o
                0x0000ea10                INT_SYS_EnableIRQGlobal
 .text.INT_SYS_DisableIRQGlobal
                0x0000ea2c       0x10 build/interrupt_manager.o
                0x0000ea2c                INT_SYS_DisableIRQGlobal
 .text.PINS_DRV_Init
                0x0000ea3c       0x20 build/pins_driver.o
                0x0000ea3c                PINS_DRV_Init
 .text.PINS_DRV_SetPins
                0x0000ea5c        0x4 build/pins_driver.o
                0x0000ea5c                PINS_DRV_SetPins
 .text.PINS_DRV_ClearPins
                0x0000ea60        0x4 build/pins_driver.o
                0x0000ea60                PINS_DRV_ClearPins
 .text.PINS_GetAdcInterleaveVal
                0x0000ea64       0x6c build/pins_port_hw_access.o
 .text.PINS_Init
                0x0000ead0      0x138 build/pins_port_hw_access.o
                0x0000ead0                PINS_Init
 .text.EDMA_DRV_ClearIntStatus
                0x0000ec08       0x20 build/edma_driver.o
 .text.EDMA_DRV_InstallCallback
                0x0000ec28       0x38 build/edma_driver.o
                0x0000ec28                EDMA_DRV_InstallCallback
 .text.EDMA_DRV_IRQHandler
                0x0000ec60       0x20 build/edma_driver.o
                0x0000ec60                EDMA_DRV_IRQHandler
 .text.EDMA_DRV_ErrorIRQHandler
                0x0000ec80       0x40 build/edma_driver.o
                0x0000ec80                EDMA_DRV_ErrorIRQHandler
 .text.EDMA_DRV_ConfigSingleBlockTransfer
                0x0000ecc0      0x1f4 build/edma_driver.o
                0x0000ecc0                EDMA_DRV_ConfigSingleBlockTransfer
 .text.EDMA_DRV_ConfigMultiBlockTransfer
                0x0000eeb4       0x9c build/edma_driver.o
                0x0000eeb4                EDMA_DRV_ConfigMultiBlockTransfer
 .text.EDMA_DRV_StartChannel
                0x0000ef50       0x38 build/edma_driver.o
                0x0000ef50                EDMA_DRV_StartChannel
 .text.EDMA_DRV_StopChannel
                0x0000ef88       0x38 build/edma_driver.o
                0x0000ef88                EDMA_DRV_StopChannel
 .text.EDMA_DRV_SetChannelRequestAndTrigger
                0x0000efc0       0x7c build/edma_driver.o
                0x0000efc0                EDMA_DRV_SetChannelRequestAndTrigger
 .text.EDMA_DRV_SetSrcAddr
                0x0000f03c       0x34 build/edma_driver.o
                0x0000f03c                EDMA_DRV_SetSrcAddr
 .text.EDMA_DRV_SetSrcLastAddrAdjustment
                0x0000f070       0x38 build/edma_driver.o
                0x0000f070                EDMA_DRV_SetSrcLastAddrAdjustment
 .text.EDMA_DRV_SetDestAddr
                0x0000f0a8       0x38 build/edma_driver.o
                0x0000f0a8                EDMA_DRV_SetDestAddr
 .text.EDMA_DRV_SetMajorLoopIterationCount
                0x0000f0e0       0x34 build/edma_driver.o
                0x0000f0e0                EDMA_DRV_SetMajorLoopIterationCount
 .text.EDMA_DRV_GetRemainingMajorIterationsCount
                0x0000f114       0x34 build/edma_driver.o
                0x0000f114                EDMA_DRV_GetRemainingMajorIterationsCount
 .text.EDMA_DRV_DisableRequestsOnTransferComplete
                0x0000f148       0x58 build/edma_driver.o
                0x0000f148                EDMA_DRV_DisableRequestsOnTransferComplete
 .text.EDMA_DRV_GetDmaRegBaseAddr
                0x0000f1a0       0x10 build/edma_driver.o
                0x0000f1a0                EDMA_DRV_GetDmaRegBaseAddr
 .text.EDMA_SetDmaRequestCmd
                0x0000f1b0        0xa build/edma_hw_access.o
                0x0000f1b0                EDMA_SetDmaRequestCmd
 .text.EDMA_TCDClearReg
                0x0000f1ba       0x4a build/edma_hw_access.o
                0x0000f1ba                EDMA_TCDClearReg
 .text.EDMA_TCDSetAttribute
                0x0000f204       0x38 build/edma_hw_access.o
                0x0000f204                EDMA_TCDSetAttribute
 .text.EDMA_TCDSetNbytes
                0x0000f23c       0x64 build/edma_hw_access.o
                0x0000f23c                EDMA_TCDSetNbytes
 .text.EDMA_TCDSetMajorCount
                0x0000f2a0       0x68 build/edma_hw_access.o
                0x0000f2a0                EDMA_TCDSetMajorCount
 .text.EDMA_TCDGetCurrentMajorCount
                0x0000f308       0x2c build/edma_hw_access.o
                0x0000f308                EDMA_TCDGetCurrentMajorCount
 .text.DMA0_IRQHandler
                0x0000f334        0xa build/edma_irq.o
                0x0000f334                DMA0_IRQHandler
 .text.DMA1_IRQHandler
                0x0000f33e        0xa build/edma_irq.o
                0x0000f33e                DMA1_IRQHandler
 .text.DMA2_IRQHandler
                0x0000f348        0xa build/edma_irq.o
                0x0000f348                DMA2_IRQHandler
 .text.DMA3_IRQHandler
                0x0000f352        0xa build/edma_irq.o
                0x0000f352                DMA3_IRQHandler
 .text.DMA4_IRQHandler
                0x0000f35c        0xa build/edma_irq.o
                0x0000f35c                DMA4_IRQHandler
 .text.DMA5_IRQHandler
                0x0000f366        0xa build/edma_irq.o
                0x0000f366                DMA5_IRQHandler
 .text.DMA6_IRQHandler
                0x0000f370        0xa build/edma_irq.o
                0x0000f370                DMA6_IRQHandler
 .text.DMA7_IRQHandler
                0x0000f37a        0xa build/edma_irq.o
                0x0000f37a                DMA7_IRQHandler
 .text.DMA8_IRQHandler
                0x0000f384        0xa build/edma_irq.o
                0x0000f384                DMA8_IRQHandler
 .text.DMA9_IRQHandler
                0x0000f38e        0xa build/edma_irq.o
                0x0000f38e                DMA9_IRQHandler
 .text.DMA10_IRQHandler
                0x0000f398        0xa build/edma_irq.o
                0x0000f398                DMA10_IRQHandler
 .text.DMA11_IRQHandler
                0x0000f3a2        0xa build/edma_irq.o
                0x0000f3a2                DMA11_IRQHandler
 .text.DMA12_IRQHandler
                0x0000f3ac        0xa build/edma_irq.o
                0x0000f3ac                DMA12_IRQHandler
 .text.DMA13_IRQHandler
                0x0000f3b6        0xa build/edma_irq.o
                0x0000f3b6                DMA13_IRQHandler
 .text.DMA14_IRQHandler
                0x0000f3c0        0xa build/edma_irq.o
                0x0000f3c0                DMA14_IRQHandler
 .text.DMA15_IRQHandler
                0x0000f3ca        0xa build/edma_irq.o
                0x0000f3ca                DMA15_IRQHandler
 .text.DMA_Error_IRQHandler
                0x0000f3d4       0x28 build/edma_irq.o
                0x0000f3d4                DMA_Error_IRQHandler
 .text.FLEXCAN_CompleteRxMessageFifoData
                0x0000f3fc       0xbc build/flexcan_driver.o
 .text.FLEXCAN_CompleteTransfer
                0x0000f4b8       0x3c build/flexcan_driver.o
 .text.FLEXCAN_BusOff_IRQHandler
                0x0000f4f4       0x30 build/flexcan_driver.o
                0x0000f4f4                FLEXCAN_BusOff_IRQHandler
 .text.FLEXCAN_IRQHandler
                0x0000f524      0x248 build/flexcan_driver.o
                0x0000f524                FLEXCAN_IRQHandler
 .text.FLEXCAN_Error_IRQHandler
                0x0000f76c       0x30 build/flexcan_driver.o
                0x0000f76c                FLEXCAN_Error_IRQHandler
 .text.FLEXCAN_WakeUpHandler
                0x0000f79c       0x74 build/flexcan_driver.o
                0x0000f79c                FLEXCAN_WakeUpHandler
 .text.FLEXCAN_ComputePayloadSize
                0x0000f810       0x3e build/flexcan_hw_access.o
 .text.FLEXCAN_SetMsgBuffIntCmd
                0x0000f84e       0x24 build/flexcan_hw_access.o
                0x0000f84e                FLEXCAN_SetMsgBuffIntCmd
 *fill*         0x0000f872        0x2 
 .text.FLEXCAN_ClearErrIntStatusFlag
                0x0000f874       0x18 build/flexcan_hw_access.o
                0x0000f874                FLEXCAN_ClearErrIntStatusFlag
 .text.FLEXCAN_ClearBusOffIntStatusFlag
                0x0000f88c       0x14 build/flexcan_hw_access.o
                0x0000f88c                FLEXCAN_ClearBusOffIntStatusFlag
 .text.FLEXCAN_ReadRxFifo
                0x0000f8a0       0x58 build/flexcan_hw_access.o
                0x0000f8a0                FLEXCAN_ReadRxFifo
 .text.FLEXCAN_GetPayloadSize
                0x0000f8f8       0x20 build/flexcan_hw_access.o
                0x0000f8f8                FLEXCAN_GetPayloadSize
 .text.FLEXCAN_GetMsgBuffRegion
                0x0000f918       0x30 build/flexcan_hw_access.o
                0x0000f918                FLEXCAN_GetMsgBuffRegion
 .text.FLEXCAN_LockRxMsgBuff
                0x0000f948        0xa build/flexcan_hw_access.o
                0x0000f948                FLEXCAN_LockRxMsgBuff
 .text.FLEXCAN_GetMsgBuff
                0x0000f952       0x92 build/flexcan_hw_access.o
                0x0000f952                FLEXCAN_GetMsgBuff
 .text.CAN0_ORed_IRQHandler
                0x0000f9e4        0xa build/flexcan_irq.o
                0x0000f9e4                CAN0_ORed_IRQHandler
 .text.CAN0_Error_IRQHandler
                0x0000f9ee        0xa build/flexcan_irq.o
                0x0000f9ee                CAN0_Error_IRQHandler
 .text.CAN0_Wake_Up_IRQHandler
                0x0000f9f8        0xa build/flexcan_irq.o
                0x0000f9f8                CAN0_Wake_Up_IRQHandler
 .text.CAN0_ORed_0_15_MB_IRQHandler
                0x0000fa02        0xa build/flexcan_irq.o
                0x0000fa02                CAN0_ORed_0_15_MB_IRQHandler
 .text.CAN0_ORed_16_31_MB_IRQHandler
                0x0000fa0c        0xa build/flexcan_irq.o
                0x0000fa0c                CAN0_ORed_16_31_MB_IRQHandler
 .text.CAN1_ORed_IRQHandler
                0x0000fa16        0xa build/flexcan_irq.o
                0x0000fa16                CAN1_ORed_IRQHandler
 .text.CAN1_Error_IRQHandler
                0x0000fa20        0xa build/flexcan_irq.o
                0x0000fa20                CAN1_Error_IRQHandler
 .text.CAN1_ORed_0_15_MB_IRQHandler
                0x0000fa2a        0xa build/flexcan_irq.o
                0x0000fa2a                CAN1_ORed_0_15_MB_IRQHandler
 .text.CAN2_ORed_IRQHandler
                0x0000fa34        0xa build/flexcan_irq.o
                0x0000fa34                CAN2_ORed_IRQHandler
 .text.CAN2_Error_IRQHandler
                0x0000fa3e        0xa build/flexcan_irq.o
                0x0000fa3e                CAN2_Error_IRQHandler
 .text.CAN2_ORed_0_15_MB_IRQHandler
                0x0000fa48        0xa build/flexcan_irq.o
                0x0000fa48                CAN2_ORed_0_15_MB_IRQHandler
 *fill*         0x0000fa52        0x2 
 .text.FTM_DRV_SetSync
                0x0000fa54      0x1c8 build/ftm_common.o
                0x0000fa54                FTM_DRV_SetSync
 .text.FTM_DRV_ClearStatusFlags
                0x0000fc1c       0xa0 build/ftm_common.o
                0x0000fc1c                FTM_DRV_ClearStatusFlags
 .text.FTM_DRV_GetFrequency
                0x0000fcbc       0x7c build/ftm_common.o
                0x0000fcbc                FTM_DRV_GetFrequency
 .text.FTM_DRV_Init
                0x0000fd38      0x108 build/ftm_common.o
                0x0000fd38                FTM_DRV_Init
 .text.FTM_DRV_ConvertFreqToPeriodTicks
                0x0000fe40       0x24 build/ftm_common.o
                0x0000fe40                FTM_DRV_ConvertFreqToPeriodTicks
 .text.FTM_DRV_CounterReset
                0x0000fe64       0x30 build/ftm_common.o
                0x0000fe64                FTM_DRV_CounterReset
 .text.FTM_DRV_InitModule
                0x0000fe94       0x18 build/ftm_hw_access.o
                0x0000fe94                FTM_DRV_InitModule
 .text.FTM_DRV_Reset
                0x0000feac       0x66 build/ftm_hw_access.o
                0x0000feac                FTM_DRV_Reset
 .text.FTM_DRV_SetChnTriggerCmd
                0x0000ff12       0x36 build/ftm_hw_access.o
                0x0000ff12                FTM_DRV_SetChnTriggerCmd
 .text.FTM_DRV_SetChnInputCaptureFilter
                0x0000ff48       0x5a build/ftm_hw_access.o
                0x0000ff48                FTM_DRV_SetChnInputCaptureFilter
 *fill*         0x0000ffa2        0x2 
 .text.FTM_DRV_IrqHandler
                0x0000ffa4      0x128 build/ftm_ic_driver.o
 .text.FTM_DRV_InitInputCapture
                0x000100cc      0x3ac build/ftm_ic_driver.o
                0x000100cc                FTM_DRV_InitInputCapture
 .text.FTM_DRV_GetInputCaptureMeasurement
                0x00010478       0x28 build/ftm_ic_driver.o
                0x00010478                FTM_DRV_GetInputCaptureMeasurement
 .text.FTM0_Ch0_Ch1_IRQHandler
                0x000104a0        0xc build/ftm_ic_driver.o
                0x000104a0                FTM0_Ch0_Ch1_IRQHandler
 .text.FTM0_Ch2_Ch3_IRQHandler
                0x000104ac        0xc build/ftm_ic_driver.o
                0x000104ac                FTM0_Ch2_Ch3_IRQHandler
 .text.FTM0_Ch4_Ch5_IRQHandler
                0x000104b8        0xc build/ftm_ic_driver.o
                0x000104b8                FTM0_Ch4_Ch5_IRQHandler
 .text.FTM0_Ch6_Ch7_IRQHandler
                0x000104c4        0xc build/ftm_ic_driver.o
                0x000104c4                FTM0_Ch6_Ch7_IRQHandler
 .text.FTM1_Ch0_Ch1_IRQHandler
                0x000104d0        0xc build/ftm_ic_driver.o
                0x000104d0                FTM1_Ch0_Ch1_IRQHandler
 .text.FTM1_Ch2_Ch3_IRQHandler
                0x000104dc        0xc build/ftm_ic_driver.o
                0x000104dc                FTM1_Ch2_Ch3_IRQHandler
 .text.FTM1_Ch4_Ch5_IRQHandler
                0x000104e8        0xc build/ftm_ic_driver.o
                0x000104e8                FTM1_Ch4_Ch5_IRQHandler
 .text.FTM1_Ch6_Ch7_IRQHandler
                0x000104f4        0xc build/ftm_ic_driver.o
                0x000104f4                FTM1_Ch6_Ch7_IRQHandler
 .text.FTM2_Ch0_Ch1_IRQHandler
                0x00010500        0xc build/ftm_ic_driver.o
                0x00010500                FTM2_Ch0_Ch1_IRQHandler
 .text.FTM2_Ch2_Ch3_IRQHandler
                0x0001050c        0xc build/ftm_ic_driver.o
                0x0001050c                FTM2_Ch2_Ch3_IRQHandler
 .text.FTM2_Ch4_Ch5_IRQHandler
                0x00010518        0xc build/ftm_ic_driver.o
                0x00010518                FTM2_Ch4_Ch5_IRQHandler
 .text.FTM2_Ch6_Ch7_IRQHandler
                0x00010524        0xc build/ftm_ic_driver.o
                0x00010524                FTM2_Ch6_Ch7_IRQHandler
 .text.FTM3_Ch0_Ch1_IRQHandler
                0x00010530        0xc build/ftm_ic_driver.o
                0x00010530                FTM3_Ch0_Ch1_IRQHandler
 .text.FTM3_Ch2_Ch3_IRQHandler
                0x0001053c        0xc build/ftm_ic_driver.o
                0x0001053c                FTM3_Ch2_Ch3_IRQHandler
 .text.FTM3_Ch4_Ch5_IRQHandler
                0x00010548        0xc build/ftm_ic_driver.o
                0x00010548                FTM3_Ch4_Ch5_IRQHandler
 .text.FTM3_Ch6_Ch7_IRQHandler
                0x00010554        0xc build/ftm_ic_driver.o
                0x00010554                FTM3_Ch6_Ch7_IRQHandler
 .text.FTM_DRV_UpdatePwmChannel
                0x00010560      0x184 build/ftm_pwm_driver.o
                0x00010560                FTM_DRV_UpdatePwmChannel
 .text.FTM_DRV_InitPwm
                0x000106e4      0x838 build/ftm_pwm_driver.o
                0x000106e4                FTM_DRV_InitPwm
 .text.FTM_DRV_ControlChannelOutput
                0x00010f1c       0x40 build/ftm_pwm_driver.o
                0x00010f1c                FTM_DRV_ControlChannelOutput
 .text.LPI2C_DRV_MasterQueueCmd
                0x00010f5c       0x46 build/lpi2c_driver.o
 .text.LPI2C_DRV_MasterSendAddress
                0x00010fa2       0x68 build/lpi2c_driver.o
 .text.LPI2C_DRV_MasterQueueData
                0x0001100a       0x5c build/lpi2c_driver.o
 .text.LPI2C_DRV_SlaveEndTransfer
                0x00011066       0x5c build/lpi2c_driver.o
 .text.LPI2C_DRV_MasterEndTransfer
                0x000110c2       0x72 build/lpi2c_driver.o
 .text.LPI2C_DRV_MasterCompleteDMATransfer
                0x00011134       0x8c build/lpi2c_driver.o
 .text.LPI2C_DRV_SlaveEndTransferHandler
                0x000111c0       0x3a build/lpi2c_driver.o
 *fill*         0x000111fa        0x2 
 .text.LPI2C_DRV_ConfigureDmaTransfer
                0x000111fc       0x60 build/lpi2c_driver.o
 .text.LPI2C_DRV_MasterStartDmaTransfer
                0x0001125c       0xec build/lpi2c_driver.o
 .text.LPI2C_DRV_SlaveStartDmaTransfer
                0x00011348       0x9c build/lpi2c_driver.o
 .text.LPI2C_DRV_MasterSetBaudRate
                0x000113e4      0x150 build/lpi2c_driver.o
                0x000113e4                LPI2C_DRV_MasterSetBaudRate
 .text.LPI2C_DRV_MasterSetSlaveAddr
                0x00011534       0x24 build/lpi2c_driver.o
                0x00011534                LPI2C_DRV_MasterSetSlaveAddr
 .text.LPI2C_DRV_MasterInit
                0x00011558       0xd8 build/lpi2c_driver.o
                0x00011558                LPI2C_DRV_MasterInit
 .text.LPI2C_DRV_MasterReinit
                0x00011630       0x5c build/lpi2c_driver.o
 .text.LPI2C_DRV_MasterWaitTransferEnd
                0x0001168c       0xc0 build/lpi2c_driver.o
 .text.LPI2C_DRV_MasterSendData
                0x0001174c       0x8c build/lpi2c_driver.o
                0x0001174c                LPI2C_DRV_MasterSendData
 .text.LPI2C_DRV_MasterSendDataBlocking
                0x000117d8       0x5c build/lpi2c_driver.o
                0x000117d8                LPI2C_DRV_MasterSendDataBlocking
 .text.LPI2C_DRV_MasterReceiveData
                0x00011834       0xe8 build/lpi2c_driver.o
                0x00011834                LPI2C_DRV_MasterReceiveData
 .text.LPI2C_DRV_MasterIRQHandler
                0x0001191c      0x268 build/lpi2c_driver.o
                0x0001191c                LPI2C_DRV_MasterIRQHandler
 .text.LPI2C_DRV_SlaveIRQHandler
                0x00011b84      0x1dc build/lpi2c_driver.o
                0x00011b84                LPI2C_DRV_SlaveIRQHandler
 .text.LPI2C_Init
                0x00011d60       0x1e build/lpi2c_hw_access.o
                0x00011d60                LPI2C_Init
 .text.LPI2C0_Master_IRQHandler
                0x00011d7e        0xa build/lpi2c_irq.o
                0x00011d7e                LPI2C0_Master_IRQHandler
 .text.LPI2C0_Slave_IRQHandler
                0x00011d88        0xa build/lpi2c_irq.o
                0x00011d88                LPI2C0_Slave_IRQHandler
 .text.lptmr_GetClkFreq
                0x00011d92       0x52 build/lptmr_driver.o
 .text.LPTMR_DRV_SetConfig
                0x00011de4      0x244 build/lptmr_driver.o
                0x00011de4                LPTMR_DRV_SetConfig
 .text.LPTMR_DRV_Init
                0x00012028       0x2c build/lptmr_driver.o
                0x00012028                LPTMR_DRV_Init
 .text.LPTMR_DRV_ClearCompareFlag
                0x00012054       0x18 build/lptmr_driver.o
                0x00012054                LPTMR_DRV_ClearCompareFlag
 .text.LPTMR_DRV_StartCounter
                0x0001206c       0x48 build/lptmr_driver.o
                0x0001206c                LPTMR_DRV_StartCounter
 .text.LPTMR_Init
                0x000120b4       0x18 build/lptmr_hw_access.o
                0x000120b4                LPTMR_Init
 .text.LPUART_DRV_StartSendDataUsingInt
                0x000120cc       0x7c build/lpuart_driver.o
 .text.LPUART_DRV_StartSendDataUsingDma
                0x00012148       0x94 build/lpuart_driver.o
 .text.LPUART_DRV_CompleteSendDataUsingInt
                0x000121dc       0x6c build/lpuart_driver.o
 .text.LPUART_DRV_StopTxDma
                0x00012248       0x64 build/lpuart_driver.o
 .text.LPUART_DRV_TxDmaCallback
                0x000122ac       0x74 build/lpuart_driver.o
 .text.LPUART_DRV_PutData
                0x00012320       0x44 build/lpuart_driver.o
 .text.LPUART_DRV_StartReceiveDataUsingInt
                0x00012364       0x84 build/lpuart_driver.o
 .text.LPUART_DRV_StartReceiveDataUsingDma
                0x000123e8       0xa8 build/lpuart_driver.o
 .text.LPUART_DRV_CompleteReceiveDataUsingInt
                0x00012490       0x68 build/lpuart_driver.o
 .text.LPUART_DRV_StopRxDma
                0x000124f8       0x64 build/lpuart_driver.o
 .text.LPUART_DRV_RxDmaCallback
                0x0001255c       0xa4 build/lpuart_driver.o
 .text.LPUART_DRV_GetData
                0x00012600       0x60 build/lpuart_driver.o
 .text.LPUART_DRV_InstallRxCallback
                0x00012660       0x1c build/lpuart_driver.o
                0x00012660                LPUART_DRV_InstallRxCallback
 .text.LPUART_DRV_SendData
                0x0001267c       0x3c build/lpuart_driver.o
                0x0001267c                LPUART_DRV_SendData
 .text.LPUART_DRV_GetTransmitStatus
                0x000126b8       0x40 build/lpuart_driver.o
                0x000126b8                LPUART_DRV_GetTransmitStatus
 .text.LPUART_DRV_ReceiveData
                0x000126f8       0x3c build/lpuart_driver.o
                0x000126f8                LPUART_DRV_ReceiveData
 .text.LPUART_DRV_SetBaudRate
                0x00012734      0x10c build/lpuart_driver.o
                0x00012734                LPUART_DRV_SetBaudRate
 .text.LPUART_DRV_Init
                0x00012840      0x138 build/lpuart_driver.o
                0x00012840                LPUART_DRV_Init
 .text.LPUART_DRV_IRQHandler
                0x00012978      0x274 build/lpuart_driver.o
                0x00012978                LPUART_DRV_IRQHandler
 .text.LPUART_Init
                0x00012bec       0x24 build/lpuart_hw_access.o
                0x00012bec                LPUART_Init
 .text.LPUART_SetBitCountPerChar
                0x00012c10       0x30 build/lpuart_hw_access.o
                0x00012c10                LPUART_SetBitCountPerChar
 .text.LPUART_SetParityMode
                0x00012c40       0x1e build/lpuart_hw_access.o
                0x00012c40                LPUART_SetParityMode
 .text.LPUART_Putchar9
                0x00012c5e       0x16 build/lpuart_hw_access.o
                0x00012c5e                LPUART_Putchar9
 .text.LPUART_Putchar10
                0x00012c74       0x22 build/lpuart_hw_access.o
                0x00012c74                LPUART_Putchar10
 .text.LPUART_Getchar9
                0x00012c96       0x1e build/lpuart_hw_access.o
                0x00012c96                LPUART_Getchar9
 .text.LPUART_Getchar10
                0x00012cb4       0x26 build/lpuart_hw_access.o
                0x00012cb4                LPUART_Getchar10
 .text.LPUART_SetIntMode
                0x00012cda       0x70 build/lpuart_hw_access.o
                0x00012cda                LPUART_SetIntMode
 .text.LPUART_GetIntMode
                0x00012d4a       0x4a build/lpuart_hw_access.o
                0x00012d4a                LPUART_GetIntMode
 .text.LPUART_GetStatusFlag
                0x00012d94       0x4a build/lpuart_hw_access.o
                0x00012d94                LPUART_GetStatusFlag
 *fill*         0x00012dde        0x2 
 .text.LPUART_SetErrorInterrupts
                0x00012de0       0x40 build/lpuart_hw_access.o
                0x00012de0                LPUART_SetErrorInterrupts
 .text.LPUART0_IrqHandler
                0x00012e20        0xa build/lpuart_irq.o
                0x00012e20                LPUART0_IrqHandler
 .text.LPUART1_IrqHandler
                0x00012e2a        0xa build/lpuart_irq.o
                0x00012e2a                LPUART1_IrqHandler
 .text.LPUART2_IrqHandler
                0x00012e34        0xa build/lpuart_irq.o
                0x00012e34                LPUART2_IrqHandler
 *fill*         0x00012e3e        0x2 
 .text.SysTick_Handler
                0x00012e40       0x10 build/osif_baremetal.o
                0x00012e40                SysTick_Handler
 .text.OSIF_TimeDelay
                0x00012e50       0x70 build/osif_baremetal.o
                0x00012e50                OSIF_TimeDelay
 .text.OSIF_GetMilliseconds
                0x00012ec0        0xc build/osif_baremetal.o
                0x00012ec0                OSIF_GetMilliseconds
 .text.OSIF_SemaWait
                0x00012ecc       0xa0 build/osif_baremetal.o
                0x00012ecc                OSIF_SemaWait
 .text.OSIF_SemaPost
                0x00012f6c       0x2c build/osif_baremetal.o
                0x00012f6c                OSIF_SemaPost
 .text.OSIF_SemaCreate
                0x00012f98       0x1a build/osif_baremetal.o
                0x00012f98                OSIF_SemaCreate
 .text.LPTMR0_IRQHandler
                0x00012fb2        0xe build/ancit_driver_timer.o
                0x00012fb2                LPTMR0_IRQHandler
 .text.ancit_dd_timer_init
                0x00012fc0        0x8 build/ancit_driver_timer.o
                0x00012fc0                ancit_dd_timer_init
 .text.ancit_dd_timer_EnableIRQ
                0x00012fc8        0x8 build/ancit_driver_timer.o
                0x00012fc8                ancit_dd_timer_EnableIRQ
 .text.ancit_dd_timer_StartCounter
                0x00012fd0        0x8 build/ancit_driver_timer.o
                0x00012fd0                ancit_dd_timer_StartCounter
 .text.ancit_driver_uart_Init
                0x00012fd8        0x8 build/ancit_driver_uart.o
                0x00012fd8                ancit_driver_uart_Init
 .text.ancit_driver_uart_InstallRxCallback
                0x00012fe0        0x8 build/ancit_driver_uart.o
                0x00012fe0                ancit_driver_uart_InstallRxCallback
 .text.ancit_driver_uart_SendData
                0x00012fe8        0x8 build/ancit_driver_uart.o
                0x00012fe8                ancit_driver_uart_SendData
 .text.ancit_driver_uart_GetTransmitStatus
                0x00012ff0        0x8 build/ancit_driver_uart.o
                0x00012ff0                ancit_driver_uart_GetTransmitStatus
 .text.ancit_driver_uart_ReceiveData
                0x00012ff8        0x8 build/ancit_driver_uart.o
                0x00012ff8                ancit_driver_uart_ReceiveData
 .text.fota_pre_process
                0x00013000       0x44 build/fota_uart.o
                0x00013000                fota_pre_process
 .text.fota_process_data
                0x00013044       0x3c build/fota_uart.o
                0x00013044                fota_process_data
 .text.hexToNibble
                0x00013080       0x32 build/fota_utils.o
 .text.asciiHexToBytes
                0x000130b2       0x2c build/fota_utils.o
                0x000130b2                asciiHexToBytes
 .text.asciiHexToUint32
                0x000130de       0x4a build/fota_utils.o
                0x000130de                asciiHexToUint32
 .text.asciiHexToByte
                0x00013128       0x68 build/fota_utils.o
                0x00013128                asciiHexToByte
 .text.ancit_PWM_Init
                0x00013190       0x48 build/ancit_pwm.o
                0x00013190                ancit_PWM_Init
 .text.ancit_PWM_UpdateDutyCycle
                0x000131d8       0x34 build/ancit_pwm.o
                0x000131d8                ancit_PWM_UpdateDutyCycle
 .text.ancit_PWM_EnableChannel
                0x0001320c        0xa build/ancit_pwm.o
                0x0001320c                ancit_PWM_EnableChannel
 .text.ancit_scheduler_initialize_tasks
                0x00013216        0x2 build/ancit_scheduler.o
                0x00013216                ancit_scheduler_initialize_tasks
 .text.ancit_scheduler_one_ms
                0x00013218       0x58 build/ancit_scheduler.o
                0x00013218                ancit_scheduler_one_ms
 .text.ancit_scheduler_main
                0x00013270       0x44 build/ancit_scheduler.o
                0x00013270                ancit_scheduler_main
 .text.ancit_base_timer_start
                0x000132b4       0x20 build/ancit_timer.o
                0x000132b4                ancit_base_timer_start
 .text.ancit_one_ms_handler
                0x000132d4       0x18 build/ancit_timer.o
                0x000132d4                ancit_one_ms_handler
 .text.ancit_GetTick
                0x000132ec        0xc build/ancit_timer.o
                0x000132ec                ancit_GetTick
 .text.ancit_uart_rx_byte_cb
                0x000132f8       0x64 build/ancit_uart_rte.o
                0x000132f8                ancit_uart_rx_byte_cb
 .text.ancit_uart_conn_EnqueueString
                0x0001335c       0x58 build/ancit_uart_rte.o
                0x0001335c                ancit_uart_conn_EnqueueString
 .text.ancit_uart_conn_DequeueString
                0x000133b4       0x58 build/ancit_uart_rte.o
                0x000133b4                ancit_uart_conn_DequeueString
 .text.ancit_uart_conn_sm
                0x0001340c       0x84 build/ancit_uart_rte.o
                0x0001340c                ancit_uart_conn_sm
 .text.ancit_uart_conn_start
                0x00013490       0x3c build/ancit_uart_rte.o
                0x00013490                ancit_uart_conn_start
 .text.ancit_uart_conn_main
                0x000134cc       0x24 build/ancit_uart_rte.o
                0x000134cc                ancit_uart_conn_main
 .text.callback_echo_received
                0x000134f0       0x10 build/ancit_ultrasonic.o
                0x000134f0                callback_echo_received
 .text.FTM2_Ovf_Reload_IRQHandler
                0x00013500       0x28 build/ancit_ultrasonic.o
                0x00013500                FTM2_Ovf_Reload_IRQHandler
 .text.ancit_ultrasonic_init
                0x00013528       0x6c build/ancit_ultrasonic.o
                0x00013528                ancit_ultrasonic_init
 .text.ancit_ultrasonic_one_ms
                0x00013594       0x28 build/ancit_ultrasonic.o
                0x00013594                ancit_ultrasonic_one_ms
 .text.ancit_ultrasonic_main
                0x000135bc      0x164 build/ancit_ultrasonic.o
                0x000135bc                ancit_ultrasonic_main
 .text.ancit_ultrasonic_get_distance_cm
                0x00013720        0xc build/ancit_ultrasonic.o
                0x00013720                ancit_ultrasonic_get_distance_cm
 .text.ancit_i2c_manager_init
                0x0001372c       0x2c build/ancit_i2c_manager.o
                0x0001372c                ancit_i2c_manager_init
 .text.ancit_i2c_manager_main
                0x00013758      0x228 build/ancit_i2c_manager.o
                0x00013758                ancit_i2c_manager_main
 .text.ancit_i2c_submit_request
                0x00013980       0x88 build/ancit_i2c_manager.o
                0x00013980                ancit_i2c_submit_request
 .text.ancit_i2c_configure_device
                0x00013a08       0x20 build/ancit_i2c_manager.o
                0x00013a08                ancit_i2c_configure_device
 .text.ancit_i2c_Callback
                0x00013a28       0x18 build/ancit_i2c_manager.o
                0x00013a28                ancit_i2c_Callback
 .text.oled_page_complete_callback
                0x00013a40       0x20 build/ancit_oled_driver.o
 .text.oled_error_callback
                0x00013a60        0xc build/ancit_oled_driver.o
 .text.oled_send_command_blocking
                0x00013a6c       0x2c build/ancit_oled_driver.o
 .text.ssd1306_Main
                0x00013a98       0xdc build/ancit_oled_driver.o
                0x00013a98                ssd1306_Main
 .text.ssd1306_UpdateScreen
                0x00013b74       0x1c build/ancit_oled_driver.o
                0x00013b74                ssd1306_UpdateScreen
 .text.ssd1306_IsBusy
                0x00013b90       0x10 build/ancit_oled_driver.o
                0x00013b90                ssd1306_IsBusy
 .text.ssd1306_UpdateScreenBlocking
                0x00013ba0       0x34 build/ancit_oled_driver.o
                0x00013ba0                ssd1306_UpdateScreenBlocking
 .text.ssd1306_Fill
                0x00013bd4       0x1c build/ancit_oled_driver.o
                0x00013bd4                ssd1306_Fill
 .text.ssd1306_Clear
                0x00013bf0        0xa build/ancit_oled_driver.o
                0x00013bf0                ssd1306_Clear
 .text.ssd1306_SetContrast
                0x00013bfa       0x12 build/ancit_oled_driver.o
                0x00013bfa                ssd1306_SetContrast
 .text.ssd1306_SetDisplayOn
                0x00013c0c       0x24 build/ancit_oled_driver.o
                0x00013c0c                ssd1306_SetDisplayOn
 .text.ssd1306_Init
                0x00013c30       0xd0 build/ancit_oled_driver.o
                0x00013c30                ssd1306_Init
 .text.ssd1306_WriteChar
                0x00013d00       0xdc build/ancit_oled_driver.o
                0x00013d00                ssd1306_WriteChar
 .text.ssd1306_WriteString
                0x00013ddc       0x50 build/ancit_oled_driver.o
                0x00013ddc                ssd1306_WriteString
 .text.clear_all_updated_flags
                0x00013e2c       0x28 build/ancit_oled_handler.o
 .text.ancit_oled_get_font
                0x00013e54       0x78 build/ancit_oled_handler.o
                0x00013e54                ancit_oled_get_font
 .text.ancit_oled_update_all_variables
                0x00013ecc       0x90 build/ancit_oled_handler.o
 .text.ancit_oled_handler_init
                0x00013f5c       0xdc build/ancit_oled_handler.o
                0x00013f5c                ancit_oled_handler_init
 .text.ancit_oled_handler_main
                0x00014038      0x168 build/ancit_oled_handler.o
                0x00014038                ancit_oled_handler_main
 .text.ACC_step
                0x000141a0      0x2a4 build/ACC.o
                0x000141a0                ACC_step
 *fill*         0x00014444        0x4 
 .text.ACC_initialize
                0x00014448       0xcc build/ACC.o
                0x00014448                ACC_initialize
 .text.ancit_smartkit_dc
                0x00014514       0xd8 build/SK_DC.o
                0x00014514                ancit_smartkit_dc
 .text.genx_global_init
                0x000145ec       0x18 build/genx_common.o
                0x000145ec                genx_global_init
 .text.genx_clock_init
                0x00014604       0x44 build/genx_common.o
                0x00014604                genx_clock_init
 .text.genx_i2c_manager_init
                0x00014648       0x1c build/genx_i2c_manager.o
                0x00014648                genx_i2c_manager_init
 .text.genx_i2c_manager_main
                0x00014664        0xc build/genx_i2c_manager.o
                0x00014664                genx_i2c_manager_main
 .text.OLED_Ultra_Distance_get_formatted_val
                0x00014670       0x18 build/genx_oled.o
                0x00014670                OLED_Ultra_Distance_get_formatted_val
 .text.OLED_Vset_get_formatted_val
                0x00014688       0x18 build/genx_oled.o
                0x00014688                OLED_Vset_get_formatted_val
 .text.OLED_Dmin_get_formatted_val
                0x000146a0       0x18 build/genx_oled.o
                0x000146a0                OLED_Dmin_get_formatted_val
 .text.OLED_PWM_get_formatted_val
                0x000146b8       0x18 build/genx_oled.o
                0x000146b8                OLED_PWM_get_formatted_val
 .text.genx_oled_init
                0x000146d0       0x18 build/genx_oled.o
                0x000146d0                genx_oled_init
 .text.genx_oled_main
                0x000146e8        0x8 build/genx_oled.o
                0x000146e8                genx_oled_main
 .text.genx_PWM_LFM_EnableOutput
                0x000146f0        0xc build/genx_pwm.o
                0x000146f0                genx_PWM_LFM_EnableOutput
 .text.genx_PWM_LFM_updateDutyCycle
                0x000146fc        0xe build/genx_pwm.o
                0x000146fc                genx_PWM_LFM_updateDutyCycle
 .text.genx_PWM_LBM_EnableOutput
                0x0001470a        0xc build/genx_pwm.o
                0x0001470a                genx_PWM_LBM_EnableOutput
 .text.genx_PWM_LBM_updateDutyCycle
                0x00014716        0xe build/genx_pwm.o
                0x00014716                genx_PWM_LBM_updateDutyCycle
 .text.genx_PWM_RFM_EnableOutput
                0x00014724        0xc build/genx_pwm.o
                0x00014724                genx_PWM_RFM_EnableOutput
 .text.genx_PWM_RFM_updateDutyCycle
                0x00014730        0xe build/genx_pwm.o
                0x00014730                genx_PWM_RFM_updateDutyCycle
 .text.genx_PWM_RBM_EnableOutput
                0x0001473e        0xc build/genx_pwm.o
                0x0001473e                genx_PWM_RBM_EnableOutput
 .text.genx_PWM_RBM_updateDutyCycle
                0x0001474a        0xe build/genx_pwm.o
                0x0001474a                genx_PWM_RBM_updateDutyCycle
 .text.genx_PWM_Init
                0x00014758       0x30 build/genx_pwm.o
                0x00014758                genx_PWM_Init
 .text.Task_OnStart
                0x00014788        0x8 build/genx_scheduler.o
                0x00014788                Task_OnStart
 .text.Task_1ms
                0x00014790       0x58 build/genx_scheduler.o
                0x00014790                Task_1ms
 .text.Task_10ms
                0x000147e8       0xf4 build/genx_scheduler.o
                0x000147e8                Task_10ms
 .text.Task_While
                0x000148dc       0x18 build/genx_scheduler.o
                0x000148dc                Task_While
 .text.genx_scheduler_init
                0x000148f4       0x18 build/genx_scheduler.o
                0x000148f4                genx_scheduler_init
 .text.ANCIT_App_Init
                0x0001490c        0x8 build/genx_simulink_bridge.o
                0x0001490c                ANCIT_App_Init
 .text.ANCIT_App_PreStep
                0x00014914       0x30 build/genx_simulink_bridge.o
                0x00014914                ANCIT_App_PreStep
 .text.ANCIT_App_PostStep
                0x00014944       0x1c build/genx_simulink_bridge.o
                0x00014944                ANCIT_App_PostStep
 .text.ancit_uart_message_setup
                0x00014960       0x64 build/genx_uart_rte.o
                0x00014960                ancit_uart_message_setup
 .text.main     0x000149c4       0x38 build/main.o
                0x000149c4                main
 .text.rt_GetSizeofDataType
                0x000149fc       0x4a build/rt_logging.o
 .text.rt_GetSizeofComplexType
                0x00014a46       0x48 build/rt_logging.o
 .text.rt_GetNonBoolMxIdFromDTypeId
                0x00014a8e       0x3a build/rt_logging.o
 .text.rt_DestroyLogVar
                0x00014ac8       0x78 build/rt_logging.o
 .text.rt_DestroyStructLogVar
                0x00014b40       0x7a build/rt_logging.o
 *fill*         0x00014bba        0x2 
 .text.rt_ReallocLogVar
                0x00014bbc      0x264 build/rt_logging.o
 .text.rt_LoadModifiedLogVarName
                0x00014e20       0x74 build/rt_logging.o
 *fill*         0x00014e94        0x4 
 .text.rt_GetDblValueFromOverSizedData
                0x00014e98      0x108 build/rt_logging.o
 .text.rt_GetMxIdFromDTypeId
                0x00014fa0       0x10 build/rt_logging.o
                0x00014fa0                rt_GetMxIdFromDTypeId
 .text.rt_UpdateLogVarWithDiscontiguousData
                0x00014fb0      0x20c build/rt_logging.o
                0x00014fb0                rt_UpdateLogVarWithDiscontiguousData
 *fill*         0x000151bc        0x4 
 .text.rt_CreateLogVarWithConvert
                0x000151c0      0x71c build/rt_logging.o
                0x000151c0                rt_CreateLogVarWithConvert
 .text.local_CreateStructLogVar
                0x000158dc      0xca8 build/rt_logging.o
 .text.rt_StartDataLoggingWithStartTime
                0x00016584      0x5d4 build/rt_logging.o
                0x00016584                rt_StartDataLoggingWithStartTime
 .text.rt_UpdateLogVar
                0x00016b58      0xc4c build/rt_logging.o
                0x00016b58                rt_UpdateLogVar
 .text.rt_getTempMemory
                0x000177a4       0x2c build/rt_logging.o
                0x000177a4                rt_getTempMemory
 .text.rt_preProcessAndLogDataWithIndex
                0x000177d0       0x58 build/rt_logging.o
                0x000177d0                rt_preProcessAndLogDataWithIndex
 .text.rt_UpdateTXXFYLogVars
                0x00017828      0x2ac build/rt_logging.o
                0x00017828                rt_UpdateTXXFYLogVars
 .text.rt_UpdateTXYLogVars
                0x00017ad4        0xa build/rt_logging.o
                0x00017ad4                rt_UpdateTXYLogVars
 *fill*         0x00017ade        0x2 
 .text.calloc   0x00017ae0       0x10 C:/NXP/S32DS.3.5/S32DS/build_tools/gcc_b1620/gcc-6.3-arm32-eabi/arm-none-eabi/newlib/lib/thumb/v7e-m/fpv4-sp/hard\libc.a(lib_a-calloc.o)
                0x00017ae0                calloc
 .text._calloc_r
                0x00017af0       0x5a C:/NXP/S32DS.3.5/S32DS/build_tools/gcc_b1620/gcc-6.3-arm32-eabi/arm-none-eabi/newlib/lib/thumb/v7e-m/fpv4-sp/hard\libc.a(lib_a-callocr.o)
                0x00017af0                _calloc_r
 *fill*         0x00017b4a        0x2 
 .text.exit     0x00017b4c       0x20 C:/NXP/S32DS.3.5/S32DS/build_tools/gcc_b1620/gcc-6.3-arm32-eabi/arm-none-eabi/newlib/lib/thumb/v7e-m/fpv4-sp/hard\libc.a(lib_a-exit.o)
                0x00017b4c                exit
 .text._fclose_r
                0x00017b6c       0x74 C:/NXP/S32DS.3.5/S32DS/build_tools/gcc_b1620/gcc-6.3-arm32-eabi/arm-none-eabi/newlib/lib/thumb/v7e-m/fpv4-sp/hard\libc.a(lib_a-fclose.o)
                0x00017b6c                _fclose_r
 .text.__sflush_r
                0x00017be0      0x124 C:/NXP/S32DS.3.5/S32DS/build_tools/gcc_b1620/gcc-6.3-arm32-eabi/arm-none-eabi/newlib/lib/thumb/v7e-m/fpv4-sp/hard\libc.a(lib_a-fflush.o)
                0x00017be0                __sflush_r
 .text._fflush_r
                0x00017d04       0x24 C:/NXP/S32DS.3.5/S32DS/build_tools/gcc_b1620/gcc-6.3-arm32-eabi/arm-none-eabi/newlib/lib/thumb/v7e-m/fpv4-sp/hard\libc.a(lib_a-fflush.o)
                0x00017d04                _fflush_r
 .text.std      0x00017d28       0x48 C:/NXP/S32DS.3.5/S32DS/build_tools/gcc_b1620/gcc-6.3-arm32-eabi/arm-none-eabi/newlib/lib/thumb/v7e-m/fpv4-sp/hard\libc.a(lib_a-findfp.o)
 .text._cleanup_r
                0x00017d70        0xc C:/NXP/S32DS.3.5/S32DS/build_tools/gcc_b1620/gcc-6.3-arm32-eabi/arm-none-eabi/newlib/lib/thumb/v7e-m/fpv4-sp/hard\libc.a(lib_a-findfp.o)
                0x00017d70                _cleanup_r
 .text.__sinit  0x00017d7c       0x44 C:/NXP/S32DS.3.5/S32DS/build_tools/gcc_b1620/gcc-6.3-arm32-eabi/arm-none-eabi/newlib/lib/thumb/v7e-m/fpv4-sp/hard\libc.a(lib_a-findfp.o)
                0x00017d7c                __sinit
 .text.fprintf  0x00017dc0       0x24 C:/NXP/S32DS.3.5/S32DS/build_tools/gcc_b1620/gcc-6.3-arm32-eabi/arm-none-eabi/newlib/lib/thumb/v7e-m/fpv4-sp/hard\libc.a(lib_a-fprintf.o)
                0x00017dc0                fprintf
 .text._malloc_trim_r
                0x00017de4       0xa0 C:/NXP/S32DS.3.5/S32DS/build_tools/gcc_b1620/gcc-6.3-arm32-eabi/arm-none-eabi/newlib/lib/thumb/v7e-m/fpv4-sp/hard\libc.a(lib_a-freer.o)
                0x00017de4                _malloc_trim_r
 .text._free_r  0x00017e84      0x178 C:/NXP/S32DS.3.5/S32DS/build_tools/gcc_b1620/gcc-6.3-arm32-eabi/arm-none-eabi/newlib/lib/thumb/v7e-m/fpv4-sp/hard\libc.a(lib_a-freer.o)
                0x00017e84                _free_r
 .text._fstat_r
                0x00017ffc       0x24 C:/NXP/S32DS.3.5/S32DS/build_tools/gcc_b1620/gcc-6.3-arm32-eabi/arm-none-eabi/newlib/lib/thumb/v7e-m/fpv4-sp/hard\libc.a(lib_a-fstatr.o)
                0x00017ffc                _fstat_r
 .text._fwalk_reent
                0x00018020       0x3c C:/NXP/S32DS.3.5/S32DS/build_tools/gcc_b1620/gcc-6.3-arm32-eabi/arm-none-eabi/newlib/lib/thumb/v7e-m/fpv4-sp/hard\libc.a(lib_a-fwalk.o)
                0x00018020                _fwalk_reent
 .text._fwrite_r
                0x0001805c       0x5c C:/NXP/S32DS.3.5/S32DS/build_tools/gcc_b1620/gcc-6.3-arm32-eabi/arm-none-eabi/newlib/lib/thumb/v7e-m/fpv4-sp/hard\libc.a(lib_a-fwrite.o)
                0x0001805c                _fwrite_r
 .text.fwrite   0x000180b8       0x1c C:/NXP/S32DS.3.5/S32DS/build_tools/gcc_b1620/gcc-6.3-arm32-eabi/arm-none-eabi/newlib/lib/thumb/v7e-m/fpv4-sp/hard\libc.a(lib_a-fwrite.o)
                0x000180b8                fwrite
 .text.__swhatbuf_r
                0x000180d4       0x56 C:/NXP/S32DS.3.5/S32DS/build_tools/gcc_b1620/gcc-6.3-arm32-eabi/arm-none-eabi/newlib/lib/thumb/v7e-m/fpv4-sp/hard\libc.a(lib_a-makebuf.o)
                0x000180d4                __swhatbuf_r
 *fill*         0x0001812a        0x2 
 .text.__smakebuf_r
                0x0001812c       0x80 C:/NXP/S32DS.3.5/S32DS/build_tools/gcc_b1620/gcc-6.3-arm32-eabi/arm-none-eabi/newlib/lib/thumb/v7e-m/fpv4-sp/hard\libc.a(lib_a-makebuf.o)
                0x0001812c                __smakebuf_r
 .text.malloc   0x000181ac       0x10 C:/NXP/S32DS.3.5/S32DS/build_tools/gcc_b1620/gcc-6.3-arm32-eabi/arm-none-eabi/newlib/lib/thumb/v7e-m/fpv4-sp/hard\libc.a(lib_a-malloc.o)
                0x000181ac                malloc
 .text.free     0x000181bc       0x10 C:/NXP/S32DS.3.5/S32DS/build_tools/gcc_b1620/gcc-6.3-arm32-eabi/arm-none-eabi/newlib/lib/thumb/v7e-m/fpv4-sp/hard\libc.a(lib_a-malloc.o)
                0x000181bc                free
 .text._malloc_r
                0x000181cc      0x454 C:/NXP/S32DS.3.5/S32DS/build_tools/gcc_b1620/gcc-6.3-arm32-eabi/arm-none-eabi/newlib/lib/thumb/v7e-m/fpv4-sp/hard\libc.a(lib_a-mallocr.o)
                0x000181cc                _malloc_r
 .text.memcpy   0x00018620       0x1c C:/NXP/S32DS.3.5/S32DS/build_tools/gcc_b1620/gcc-6.3-arm32-eabi/arm-none-eabi/newlib/lib/thumb/v7e-m/fpv4-sp/hard\libc.a(lib_a-memcpy-stub.o)
                0x00018620                memcpy
 .text.memmove  0x0001863c       0x34 C:/NXP/S32DS.3.5/S32DS/build_tools/gcc_b1620/gcc-6.3-arm32-eabi/arm-none-eabi/newlib/lib/thumb/v7e-m/fpv4-sp/hard\libc.a(lib_a-memmove.o)
                0x0001863c                memmove
 .text.memset   0x00018670       0x10 C:/NXP/S32DS.3.5/S32DS/build_tools/gcc_b1620/gcc-6.3-arm32-eabi/arm-none-eabi/newlib/lib/thumb/v7e-m/fpv4-sp/hard\libc.a(lib_a-memset.o)
                0x00018670                memset
 .text.__malloc_lock
                0x00018680        0x2 C:/NXP/S32DS.3.5/S32DS/build_tools/gcc_b1620/gcc-6.3-arm32-eabi/arm-none-eabi/newlib/lib/thumb/v7e-m/fpv4-sp/hard\libc.a(lib_a-mlock.o)
                0x00018680                __malloc_lock
 .text.__malloc_unlock
                0x00018682        0x2 C:/NXP/S32DS.3.5/S32DS/build_tools/gcc_b1620/gcc-6.3-arm32-eabi/arm-none-eabi/newlib/lib/thumb/v7e-m/fpv4-sp/hard\libc.a(lib_a-mlock.o)
                0x00018682                __malloc_unlock
 .text.realloc  0x00018684       0x10 C:/NXP/S32DS.3.5/S32DS/build_tools/gcc_b1620/gcc-6.3-arm32-eabi/arm-none-eabi/newlib/lib/thumb/v7e-m/fpv4-sp/hard\libc.a(lib_a-realloc.o)
                0x00018684                realloc
 .text._realloc_r
                0x00018694      0x300 C:/NXP/S32DS.3.5/S32DS/build_tools/gcc_b1620/gcc-6.3-arm32-eabi/arm-none-eabi/newlib/lib/thumb/v7e-m/fpv4-sp/hard\libc.a(lib_a-reallocr.o)
                0x00018694                _realloc_r
 .text._sbrk_r  0x00018994       0x20 C:/NXP/S32DS.3.5/S32DS/build_tools/gcc_b1620/gcc-6.3-arm32-eabi/arm-none-eabi/newlib/lib/thumb/v7e-m/fpv4-sp/hard\libc.a(lib_a-sbrkr.o)
                0x00018994                _sbrk_r
 .text.ldexp    0x000189b4       0x64 C:/NXP/S32DS.3.5/S32DS/build_tools/gcc_b1620/gcc-6.3-arm32-eabi/arm-none-eabi/newlib/lib/thumb/v7e-m/fpv4-sp/hard\libc.a(lib_a-s_ldexp.o)
                0x000189b4                ldexp
 .text.snprintf
                0x00018a18       0x68 C:/NXP/S32DS.3.5/S32DS/build_tools/gcc_b1620/gcc-6.3-arm32-eabi/arm-none-eabi/newlib/lib/thumb/v7e-m/fpv4-sp/hard\libc.a(lib_a-snprintf.o)
                0x00018a18                snprintf
 .text.sprintf  0x00018a80       0x48 C:/NXP/S32DS.3.5/S32DS/build_tools/gcc_b1620/gcc-6.3-arm32-eabi/arm-none-eabi/newlib/lib/thumb/v7e-m/fpv4-sp/hard\libc.a(lib_a-sprintf.o)
                0x00018a80                sprintf
 .text.scalbn   0x00018ac8      0x10c C:/NXP/S32DS.3.5/S32DS/build_tools/gcc_b1620/gcc-6.3-arm32-eabi/arm-none-eabi/newlib/lib/thumb/v7e-m/fpv4-sp/hard\libc.a(lib_a-s_scalbn.o)
                0x00018ac8                scalbn
 .text.sscanf   0x00018bd4       0x54 C:/NXP/S32DS.3.5/S32DS/build_tools/gcc_b1620/gcc-6.3-arm32-eabi/arm-none-eabi/newlib/lib/thumb/v7e-m/fpv4-sp/hard\libc.a(lib_a-sscanf.o)
                0x00018bd4                sscanf
 .text.__sread  0x00018c28       0x22 C:/NXP/S32DS.3.5/S32DS/build_tools/gcc_b1620/gcc-6.3-arm32-eabi/arm-none-eabi/newlib/lib/thumb/v7e-m/fpv4-sp/hard\libc.a(lib_a-stdio.o)
                0x00018c28                __sread
 .text.__seofread
                0x00018c4a        0x4 C:/NXP/S32DS.3.5/S32DS/build_tools/gcc_b1620/gcc-6.3-arm32-eabi/arm-none-eabi/newlib/lib/thumb/v7e-m/fpv4-sp/hard\libc.a(lib_a-stdio.o)
                0x00018c4a                __seofread
 .text.__swrite
                0x00018c4e       0x38 C:/NXP/S32DS.3.5/S32DS/build_tools/gcc_b1620/gcc-6.3-arm32-eabi/arm-none-eabi/newlib/lib/thumb/v7e-m/fpv4-sp/hard\libc.a(lib_a-stdio.o)
                0x00018c4e                __swrite
 .text.__sseek  0x00018c86       0x24 C:/NXP/S32DS.3.5/S32DS/build_tools/gcc_b1620/gcc-6.3-arm32-eabi/arm-none-eabi/newlib/lib/thumb/v7e-m/fpv4-sp/hard\libc.a(lib_a-stdio.o)
                0x00018c86                __sseek
 .text.__sclose
                0x00018caa        0x8 C:/NXP/S32DS.3.5/S32DS/build_tools/gcc_b1620/gcc-6.3-arm32-eabi/arm-none-eabi/newlib/lib/thumb/v7e-m/fpv4-sp/hard\libc.a(lib_a-stdio.o)
                0x00018caa                __sclose
 .text.strchr   0x00018cb2       0x1c C:/NXP/S32DS.3.5/S32DS/build_tools/gcc_b1620/gcc-6.3-arm32-eabi/arm-none-eabi/newlib/lib/thumb/v7e-m/fpv4-sp/hard\libc.a(lib_a-strchr.o)
                0x00018cb2                strchr
 .text.strncat  0x00018cce       0x28 C:/NXP/S32DS.3.5/S32DS/build_tools/gcc_b1620/gcc-6.3-arm32-eabi/arm-none-eabi/newlib/lib/thumb/v7e-m/fpv4-sp/hard\libc.a(lib_a-strncat.o)
                0x00018cce                strncat
 .text.strncpy  0x00018cf6       0x2a C:/NXP/S32DS.3.5/S32DS/build_tools/gcc_b1620/gcc-6.3-arm32-eabi/arm-none-eabi/newlib/lib/thumb/v7e-m/fpv4-sp/hard\libc.a(lib_a-strncpy.o)
                0x00018cf6                strncpy
 .text._svfprintf_r
                0x00018d20      0xfb4 C:/NXP/S32DS.3.5/S32DS/build_tools/gcc_b1620/gcc-6.3-arm32-eabi/arm-none-eabi/newlib/lib/thumb/v7e-m/fpv4-sp/hard\libc.a(lib_a-svfprintf.o)
                0x00018d20                _svfprintf_r
 .text.__ssvfscanf_r
                0x00019cd4      0xbe8 C:/NXP/S32DS.3.5/S32DS/build_tools/gcc_b1620/gcc-6.3-arm32-eabi/arm-none-eabi/newlib/lib/thumb/v7e-m/fpv4-sp/hard\libc.a(lib_a-svfscanf.o)
                0x00019cd4                __ssvfscanf_r
 *fill*         0x0001a8bc        0x4 
 .text._vfprintf_r
                0x0001a8c0      0xff0 C:/NXP/S32DS.3.5/S32DS/build_tools/gcc_b1620/gcc-6.3-arm32-eabi/arm-none-eabi/newlib/lib/thumb/v7e-m/fpv4-sp/hard\libc.a(lib_a-vfprintf.o)
                0x0001a8c0                _vfprintf_r
 .text.__sbprintf
                0x0001b8b0       0x6c C:/NXP/S32DS.3.5/S32DS/build_tools/gcc_b1620/gcc-6.3-arm32-eabi/arm-none-eabi/newlib/lib/thumb/v7e-m/fpv4-sp/hard\libc.a(lib_a-vfprintf.o)
 .text._write_r
                0x0001b91c       0x24 C:/NXP/S32DS.3.5/S32DS/build_tools/gcc_b1620/gcc-6.3-arm32-eabi/arm-none-eabi/newlib/lib/thumb/v7e-m/fpv4-sp/hard\libc.a(lib_a-writer.o)
                0x0001b91c                _write_r
 .text.__swsetup_r
                0x0001b940       0xb0 C:/NXP/S32DS.3.5/S32DS/build_tools/gcc_b1620/gcc-6.3-arm32-eabi/arm-none-eabi/newlib/lib/thumb/v7e-m/fpv4-sp/hard\libc.a(lib_a-wsetup.o)
                0x0001b940                __swsetup_r
 .text.__call_exitprocs
                0x0001b9f0       0x98 C:/NXP/S32DS.3.5/S32DS/build_tools/gcc_b1620/gcc-6.3-arm32-eabi/arm-none-eabi/newlib/lib/thumb/v7e-m/fpv4-sp/hard\libc.a(lib_a-__call_atexit.o)
                0x0001b9f0                __call_exitprocs
 .text._close_r
                0x0001ba88       0x20 C:/NXP/S32DS.3.5/S32DS/build_tools/gcc_b1620/gcc-6.3-arm32-eabi/arm-none-eabi/newlib/lib/thumb/v7e-m/fpv4-sp/hard\libc.a(lib_a-closer.o)
                0x0001ba88                _close_r
 .text.quorem   0x0001baa8      0x118 C:/NXP/S32DS.3.5/S32DS/build_tools/gcc_b1620/gcc-6.3-arm32-eabi/arm-none-eabi/newlib/lib/thumb/v7e-m/fpv4-sp/hard\libc.a(lib_a-dtoa.o)
 .text._dtoa_r  0x0001bbc0      0xb64 C:/NXP/S32DS.3.5/S32DS/build_tools/gcc_b1620/gcc-6.3-arm32-eabi/arm-none-eabi/newlib/lib/thumb/v7e-m/fpv4-sp/hard\libc.a(lib_a-dtoa.o)
                0x0001bbc0                _dtoa_r
 .text.__errno  0x0001c724        0xc C:/NXP/S32DS.3.5/S32DS/build_tools/gcc_b1620/gcc-6.3-arm32-eabi/arm-none-eabi/newlib/lib/thumb/v7e-m/fpv4-sp/hard\libc.a(lib_a-errno.o)
                0x0001c724                __errno
 .text.__sfvwrite_r
                0x0001c730      0x29c C:/NXP/S32DS.3.5/S32DS/build_tools/gcc_b1620/gcc-6.3-arm32-eabi/arm-none-eabi/newlib/lib/thumb/v7e-m/fpv4-sp/hard\libc.a(lib_a-fvwrite.o)
                0x0001c730                __sfvwrite_r
 .text._isatty_r
                0x0001c9cc       0x20 C:/NXP/S32DS.3.5/S32DS/build_tools/gcc_b1620/gcc-6.3-arm32-eabi/arm-none-eabi/newlib/lib/thumb/v7e-m/fpv4-sp/hard\libc.a(lib_a-isattyr.o)
                0x0001c9cc                _isatty_r
 .text.iswspace
                0x0001c9ec        0x6 C:/NXP/S32DS.3.5/S32DS/build_tools/gcc_b1620/gcc-6.3-arm32-eabi/arm-none-eabi/newlib/lib/thumb/v7e-m/fpv4-sp/hard\libc.a(lib_a-iswspace.o)
                0x0001c9ec                iswspace
 *fill*         0x0001c9f2        0x2 
 .text._localeconv_r
                0x0001c9f4        0x8 C:/NXP/S32DS.3.5/S32DS/build_tools/gcc_b1620/gcc-6.3-arm32-eabi/arm-none-eabi/newlib/lib/thumb/v7e-m/fpv4-sp/hard\libc.a(lib_a-localeconv.o)
                0x0001c9f4                _localeconv_r
 .text.__locale_mb_cur_max
                0x0001c9fc        0xc C:/NXP/S32DS.3.5/S32DS/build_tools/gcc_b1620/gcc-6.3-arm32-eabi/arm-none-eabi/newlib/lib/thumb/v7e-m/fpv4-sp/hard\libc.a(lib_a-locale.o)
                0x0001c9fc                __locale_mb_cur_max
 .text._lseek_r
                0x0001ca08       0x24 C:/NXP/S32DS.3.5/S32DS/build_tools/gcc_b1620/gcc-6.3-arm32-eabi/arm-none-eabi/newlib/lib/thumb/v7e-m/fpv4-sp/hard\libc.a(lib_a-lseekr.o)
                0x0001ca08                _lseek_r
 .text._mbrtowc_r
                0x0001ca2c       0x34 C:/NXP/S32DS.3.5/S32DS/build_tools/gcc_b1620/gcc-6.3-arm32-eabi/arm-none-eabi/newlib/lib/thumb/v7e-m/fpv4-sp/hard\libc.a(lib_a-mbrtowc.o)
                0x0001ca2c                _mbrtowc_r
 .text.__ascii_mbtowc
                0x0001ca60       0x24 C:/NXP/S32DS.3.5/S32DS/build_tools/gcc_b1620/gcc-6.3-arm32-eabi/arm-none-eabi/newlib/lib/thumb/v7e-m/fpv4-sp/hard\libc.a(lib_a-mbtowc_r.o)
                0x0001ca60                __ascii_mbtowc
 .text._Balloc  0x0001ca84       0x4a C:/NXP/S32DS.3.5/S32DS/build_tools/gcc_b1620/gcc-6.3-arm32-eabi/arm-none-eabi/newlib/lib/thumb/v7e-m/fpv4-sp/hard\libc.a(lib_a-mprec.o)
                0x0001ca84                _Balloc
 .text._Bfree   0x0001cace       0x12 C:/NXP/S32DS.3.5/S32DS/build_tools/gcc_b1620/gcc-6.3-arm32-eabi/arm-none-eabi/newlib/lib/thumb/v7e-m/fpv4-sp/hard\libc.a(lib_a-mprec.o)
                0x0001cace                _Bfree
 .text.__multadd
                0x0001cae0       0x76 C:/NXP/S32DS.3.5/S32DS/build_tools/gcc_b1620/gcc-6.3-arm32-eabi/arm-none-eabi/newlib/lib/thumb/v7e-m/fpv4-sp/hard\libc.a(lib_a-mprec.o)
                0x0001cae0                __multadd
 .text.__s2b    0x0001cb56       0x7c C:/NXP/S32DS.3.5/S32DS/build_tools/gcc_b1620/gcc-6.3-arm32-eabi/arm-none-eabi/newlib/lib/thumb/v7e-m/fpv4-sp/hard\libc.a(lib_a-mprec.o)
                0x0001cb56                __s2b
 .text.__hi0bits
                0x0001cbd2       0x3e C:/NXP/S32DS.3.5/S32DS/build_tools/gcc_b1620/gcc-6.3-arm32-eabi/arm-none-eabi/newlib/lib/thumb/v7e-m/fpv4-sp/hard\libc.a(lib_a-mprec.o)
                0x0001cbd2                __hi0bits
 .text.__lo0bits
                0x0001cc10       0x5e C:/NXP/S32DS.3.5/S32DS/build_tools/gcc_b1620/gcc-6.3-arm32-eabi/arm-none-eabi/newlib/lib/thumb/v7e-m/fpv4-sp/hard\libc.a(lib_a-mprec.o)
                0x0001cc10                __lo0bits
 .text.__i2b    0x0001cc6e       0x12 C:/NXP/S32DS.3.5/S32DS/build_tools/gcc_b1620/gcc-6.3-arm32-eabi/arm-none-eabi/newlib/lib/thumb/v7e-m/fpv4-sp/hard\libc.a(lib_a-mprec.o)
                0x0001cc6e                __i2b
 .text.__multiply
                0x0001cc80      0x11a C:/NXP/S32DS.3.5/S32DS/build_tools/gcc_b1620/gcc-6.3-arm32-eabi/arm-none-eabi/newlib/lib/thumb/v7e-m/fpv4-sp/hard\libc.a(lib_a-mprec.o)
                0x0001cc80                __multiply
 *fill*         0x0001cd9a        0x2 
 .text.__pow5mult
                0x0001cd9c       0x80 C:/NXP/S32DS.3.5/S32DS/build_tools/gcc_b1620/gcc-6.3-arm32-eabi/arm-none-eabi/newlib/lib/thumb/v7e-m/fpv4-sp/hard\libc.a(lib_a-mprec.o)
                0x0001cd9c                __pow5mult
 .text.__lshift
                0x0001ce1c       0xa2 C:/NXP/S32DS.3.5/S32DS/build_tools/gcc_b1620/gcc-6.3-arm32-eabi/arm-none-eabi/newlib/lib/thumb/v7e-m/fpv4-sp/hard\libc.a(lib_a-mprec.o)
                0x0001ce1c                __lshift
 .text.__mcmp   0x0001cebe       0x34 C:/NXP/S32DS.3.5/S32DS/build_tools/gcc_b1620/gcc-6.3-arm32-eabi/arm-none-eabi/newlib/lib/thumb/v7e-m/fpv4-sp/hard\libc.a(lib_a-mprec.o)
                0x0001cebe                __mcmp
 .text.__mdiff  0x0001cef2       0xbc C:/NXP/S32DS.3.5/S32DS/build_tools/gcc_b1620/gcc-6.3-arm32-eabi/arm-none-eabi/newlib/lib/thumb/v7e-m/fpv4-sp/hard\libc.a(lib_a-mprec.o)
                0x0001cef2                __mdiff
 *fill*         0x0001cfae        0x2 
 .text.__ulp    0x0001cfb0       0x50 C:/NXP/S32DS.3.5/S32DS/build_tools/gcc_b1620/gcc-6.3-arm32-eabi/arm-none-eabi/newlib/lib/thumb/v7e-m/fpv4-sp/hard\libc.a(lib_a-mprec.o)
                0x0001cfb0                __ulp
 .text.__b2d    0x0001d000       0x9c C:/NXP/S32DS.3.5/S32DS/build_tools/gcc_b1620/gcc-6.3-arm32-eabi/arm-none-eabi/newlib/lib/thumb/v7e-m/fpv4-sp/hard\libc.a(lib_a-mprec.o)
                0x0001d000                __b2d
 .text.__d2b    0x0001d09c       0x9e C:/NXP/S32DS.3.5/S32DS/build_tools/gcc_b1620/gcc-6.3-arm32-eabi/arm-none-eabi/newlib/lib/thumb/v7e-m/fpv4-sp/hard\libc.a(lib_a-mprec.o)
                0x0001d09c                __d2b
 .text.__ratio  0x0001d13a       0x58 C:/NXP/S32DS.3.5/S32DS/build_tools/gcc_b1620/gcc-6.3-arm32-eabi/arm-none-eabi/newlib/lib/thumb/v7e-m/fpv4-sp/hard\libc.a(lib_a-mprec.o)
                0x0001d13a                __ratio
 .text.__copybits
                0x0001d192       0x34 C:/NXP/S32DS.3.5/S32DS/build_tools/gcc_b1620/gcc-6.3-arm32-eabi/arm-none-eabi/newlib/lib/thumb/v7e-m/fpv4-sp/hard\libc.a(lib_a-mprec.o)
                0x0001d192                __copybits
 .text.__any_on
                0x0001d1c6       0x42 C:/NXP/S32DS.3.5/S32DS/build_tools/gcc_b1620/gcc-6.3-arm32-eabi/arm-none-eabi/newlib/lib/thumb/v7e-m/fpv4-sp/hard\libc.a(lib_a-mprec.o)
                0x0001d1c6                __any_on
 .text._read_r  0x0001d208       0x24 C:/NXP/S32DS.3.5/S32DS/build_tools/gcc_b1620/gcc-6.3-arm32-eabi/arm-none-eabi/newlib/lib/thumb/v7e-m/fpv4-sp/hard\libc.a(lib_a-readr.o)
                0x0001d208                _read_r
 .text.__sccl   0x0001d22c       0x60 C:/NXP/S32DS.3.5/S32DS/build_tools/gcc_b1620/gcc-6.3-arm32-eabi/arm-none-eabi/newlib/lib/thumb/v7e-m/fpv4-sp/hard\libc.a(lib_a-sccl.o)
                0x0001d22c                __sccl
 .text.finite   0x0001d28c       0x10 C:/NXP/S32DS.3.5/S32DS/build_tools/gcc_b1620/gcc-6.3-arm32-eabi/arm-none-eabi/newlib/lib/thumb/v7e-m/fpv4-sp/hard\libc.a(lib_a-s_finite.o)
                0x0001d28c                finite
 .text.nanf     0x0001d29c        0xc C:/NXP/S32DS.3.5/S32DS/build_tools/gcc_b1620/gcc-6.3-arm32-eabi/arm-none-eabi/newlib/lib/thumb/v7e-m/fpv4-sp/hard\libc.a(lib_a-sf_nan.o)
                0x0001d29c                nanf
 .text.unlikely.sulp
                0x0001d2a8       0x38 C:/NXP/S32DS.3.5/S32DS/build_tools/gcc_b1620/gcc-6.3-arm32-eabi/arm-none-eabi/newlib/lib/thumb/v7e-m/fpv4-sp/hard\libc.a(lib_a-strtod.o)
 .text._strtod_l
                0x0001d2e0      0xbe0 C:/NXP/S32DS.3.5/S32DS/build_tools/gcc_b1620/gcc-6.3-arm32-eabi/arm-none-eabi/newlib/lib/thumb/v7e-m/fpv4-sp/hard\libc.a(lib_a-strtod.o)
                0x0001d2e0                _strtod_l
 .text._strtod_r
                0x0001dec0        0xc C:/NXP/S32DS.3.5/S32DS/build_tools/gcc_b1620/gcc-6.3-arm32-eabi/arm-none-eabi/newlib/lib/thumb/v7e-m/fpv4-sp/hard\libc.a(lib_a-strtod.o)
                0x0001dec0                _strtod_r
 .text._strtoll_l.isra.0
                0x0001decc      0x144 C:/NXP/S32DS.3.5/S32DS/build_tools/gcc_b1620/gcc-6.3-arm32-eabi/arm-none-eabi/newlib/lib/thumb/v7e-m/fpv4-sp/hard\libc.a(lib_a-strtoll.o)
 .text._strtoll_r
                0x0001e010        0x4 C:/NXP/S32DS.3.5/S32DS/build_tools/gcc_b1620/gcc-6.3-arm32-eabi/arm-none-eabi/newlib/lib/thumb/v7e-m/fpv4-sp/hard\libc.a(lib_a-strtoll.o)
                0x0001e010                _strtoll_r
 .text._strtol_l.isra.0
                0x0001e014       0xf4 C:/NXP/S32DS.3.5/S32DS/build_tools/gcc_b1620/gcc-6.3-arm32-eabi/arm-none-eabi/newlib/lib/thumb/v7e-m/fpv4-sp/hard\libc.a(lib_a-strtol.o)
 .text._strtol_r
                0x0001e108        0x4 C:/NXP/S32DS.3.5/S32DS/build_tools/gcc_b1620/gcc-6.3-arm32-eabi/arm-none-eabi/newlib/lib/thumb/v7e-m/fpv4-sp/hard\libc.a(lib_a-strtol.o)
                0x0001e108                _strtol_r
 .text._strtoull_l.isra.0
                0x0001e10c      0x13c C:/NXP/S32DS.3.5/S32DS/build_tools/gcc_b1620/gcc-6.3-arm32-eabi/arm-none-eabi/newlib/lib/thumb/v7e-m/fpv4-sp/hard\libc.a(lib_a-strtoull.o)
 .text._strtoull_r
                0x0001e248        0x4 C:/NXP/S32DS.3.5/S32DS/build_tools/gcc_b1620/gcc-6.3-arm32-eabi/arm-none-eabi/newlib/lib/thumb/v7e-m/fpv4-sp/hard\libc.a(lib_a-strtoull.o)
                0x0001e248                _strtoull_r
 .text._strtoul_l.isra.0
                0x0001e24c       0xec C:/NXP/S32DS.3.5/S32DS/build_tools/gcc_b1620/gcc-6.3-arm32-eabi/arm-none-eabi/newlib/lib/thumb/v7e-m/fpv4-sp/hard\libc.a(lib_a-strtoul.o)
 .text._strtoul_r
                0x0001e338        0x4 C:/NXP/S32DS.3.5/S32DS/build_tools/gcc_b1620/gcc-6.3-arm32-eabi/arm-none-eabi/newlib/lib/thumb/v7e-m/fpv4-sp/hard\libc.a(lib_a-strtoul.o)
                0x0001e338                _strtoul_r
 .text.__ssprint_r
                0x0001e33c       0xf4 C:/NXP/S32DS.3.5/S32DS/build_tools/gcc_b1620/gcc-6.3-arm32-eabi/arm-none-eabi/newlib/lib/thumb/v7e-m/fpv4-sp/hard\libc.a(lib_a-svfiprintf.o)
                0x0001e33c                __ssprint_r
 .text._sungetc_r
                0x0001e430       0x7a C:/NXP/S32DS.3.5/S32DS/build_tools/gcc_b1620/gcc-6.3-arm32-eabi/arm-none-eabi/newlib/lib/thumb/v7e-m/fpv4-sp/hard\libc.a(lib_a-svfiscanf.o)
                0x0001e430                _sungetc_r
 .text.__ssrefill_r
                0x0001e4aa       0x3a C:/NXP/S32DS.3.5/S32DS/build_tools/gcc_b1620/gcc-6.3-arm32-eabi/arm-none-eabi/newlib/lib/thumb/v7e-m/fpv4-sp/hard\libc.a(lib_a-svfiscanf.o)
                0x0001e4aa                __ssrefill_r
 .text._sfread_r
                0x0001e4e4       0x6e C:/NXP/S32DS.3.5/S32DS/build_tools/gcc_b1620/gcc-6.3-arm32-eabi/arm-none-eabi/newlib/lib/thumb/v7e-m/fpv4-sp/hard\libc.a(lib_a-svfiscanf.o)
                0x0001e4e4                _sfread_r
 .text.__submore
                0x0001e552       0x76 C:/NXP/S32DS.3.5/S32DS/build_tools/gcc_b1620/gcc-6.3-arm32-eabi/arm-none-eabi/newlib/lib/thumb/v7e-m/fpv4-sp/hard\libc.a(lib_a-ungetc.o)
                0x0001e552                __submore
 .text.__sprint_r
                0x0001e5c8       0x6a C:/NXP/S32DS.3.5/S32DS/build_tools/gcc_b1620/gcc-6.3-arm32-eabi/arm-none-eabi/newlib/lib/thumb/v7e-m/fpv4-sp/hard\libc.a(lib_a-vfiprintf.o)
                0x0001e5c8                __sprint_r
 .text.__ascii_wctomb
                0x0001e632       0x1a C:/NXP/S32DS.3.5/S32DS/build_tools/gcc_b1620/gcc-6.3-arm32-eabi/arm-none-eabi/newlib/lib/thumb/v7e-m/fpv4-sp/hard\libc.a(lib_a-wctomb_r.o)
                0x0001e632                __ascii_wctomb
 .text.__fputwc
                0x0001e64c       0x82 C:/NXP/S32DS.3.5/S32DS/build_tools/gcc_b1620/gcc-6.3-arm32-eabi/arm-none-eabi/newlib/lib/thumb/v7e-m/fpv4-sp/hard\libc.a(lib_a-fputwc.o)
                0x0001e64c                __fputwc
 .text._fputwc_r
                0x0001e6ce       0x1c C:/NXP/S32DS.3.5/S32DS/build_tools/gcc_b1620/gcc-6.3-arm32-eabi/arm-none-eabi/newlib/lib/thumb/v7e-m/fpv4-sp/hard\libc.a(lib_a-fputwc.o)
                0x0001e6ce                _fputwc_r
 .text.rshift   0x0001e6ea       0x6a C:/NXP/S32DS.3.5/S32DS/build_tools/gcc_b1620/gcc-6.3-arm32-eabi/arm-none-eabi/newlib/lib/thumb/v7e-m/fpv4-sp/hard\libc.a(lib_a-gdtoa-gethex.o)
 .text.__hexdig_fun
                0x0001e754       0x2a C:/NXP/S32DS.3.5/S32DS/build_tools/gcc_b1620/gcc-6.3-arm32-eabi/arm-none-eabi/newlib/lib/thumb/v7e-m/fpv4-sp/hard\libc.a(lib_a-gdtoa-gethex.o)
                0x0001e754                __hexdig_fun
 *fill*         0x0001e77e        0x2 
 .text.__gethex
                0x0001e780      0x43c C:/NXP/S32DS.3.5/S32DS/build_tools/gcc_b1620/gcc-6.3-arm32-eabi/arm-none-eabi/newlib/lib/thumb/v7e-m/fpv4-sp/hard\libc.a(lib_a-gdtoa-gethex.o)
                0x0001e780                __gethex
 .text.L_shift  0x0001ebbc       0x24 C:/NXP/S32DS.3.5/S32DS/build_tools/gcc_b1620/gcc-6.3-arm32-eabi/arm-none-eabi/newlib/lib/thumb/v7e-m/fpv4-sp/hard\libc.a(lib_a-gdtoa-hexnan.o)
 .text.__match  0x0001ebe0       0x26 C:/NXP/S32DS.3.5/S32DS/build_tools/gcc_b1620/gcc-6.3-arm32-eabi/arm-none-eabi/newlib/lib/thumb/v7e-m/fpv4-sp/hard\libc.a(lib_a-gdtoa-hexnan.o)
                0x0001ebe0                __match
 .text.__hexnan
                0x0001ec06      0x120 C:/NXP/S32DS.3.5/S32DS/build_tools/gcc_b1620/gcc-6.3-arm32-eabi/arm-none-eabi/newlib/lib/thumb/v7e-m/fpv4-sp/hard\libc.a(lib_a-gdtoa-hexnan.o)
                0x0001ec06                __hexnan
 *fill*         0x0001ed26        0x2 
 .text.iswspace_l
                0x0001ed28       0x14 C:/NXP/S32DS.3.5/S32DS/build_tools/gcc_b1620/gcc-6.3-arm32-eabi/arm-none-eabi/newlib/lib/thumb/v7e-m/fpv4-sp/hard\libc.a(lib_a-iswspace_l.o)
                0x0001ed28                iswspace_l
 *fill*         0x0001ed3c        0x4 
 .text.nan      0x0001ed40       0x10 C:/NXP/S32DS.3.5/S32DS/build_tools/gcc_b1620/gcc-6.3-arm32-eabi/arm-none-eabi/newlib/lib/thumb/v7e-m/fpv4-sp/hard\libc.a(lib_a-s_nan.o)
                0x0001ed40                nan
 .text.strncmp  0x0001ed50       0x24 C:/NXP/S32DS.3.5/S32DS/build_tools/gcc_b1620/gcc-6.3-arm32-eabi/arm-none-eabi/newlib/lib/thumb/v7e-m/fpv4-sp/hard\libc.a(lib_a-strncmp.o)
                0x0001ed50                strncmp
 .text.__swbuf_r
                0x0001ed74       0x92 C:/NXP/S32DS.3.5/S32DS/build_tools/gcc_b1620/gcc-6.3-arm32-eabi/arm-none-eabi/newlib/lib/thumb/v7e-m/fpv4-sp/hard\libc.a(lib_a-wbuf.o)
                0x0001ed74                __swbuf_r
 *fill*         0x0001ee06        0x2 
 .text._wcrtomb_r
                0x0001ee08       0x2c C:/NXP/S32DS.3.5/S32DS/build_tools/gcc_b1620/gcc-6.3-arm32-eabi/arm-none-eabi/newlib/lib/thumb/v7e-m/fpv4-sp/hard\libc.a(lib_a-wcrtomb.o)
                0x0001ee08                _wcrtomb_r
 *fill*         0x0001ee34        0x4 
 .text.floor    0x0001ee38      0x108 C:/NXP/S32DS.3.5/S32DS/build_tools/gcc_b1620/gcc-6.3-arm32-eabi/arm-none-eabi/newlib/lib/thumb/v7e-m/fpv4-sp/hard\libm.a(lib_a-s_floor.o)
                0x0001ee38                floor
 .text._close   0x0001ef40       0x10 C:/NXP/S32DS.3.5/S32DS/build_tools/gcc_b1620/gcc-6.3-arm32-eabi/arm-none-eabi/newlib/lib/thumb/v7e-m/fpv4-sp/hard\libnosys.a(close.o)
                0x0001ef40                _close
 .text._fstat   0x0001ef50       0x10 C:/NXP/S32DS.3.5/S32DS/build_tools/gcc_b1620/gcc-6.3-arm32-eabi/arm-none-eabi/newlib/lib/thumb/v7e-m/fpv4-sp/hard\libnosys.a(fstat.o)
                0x0001ef50                _fstat
 .text._isatty  0x0001ef60       0x10 C:/NXP/S32DS.3.5/S32DS/build_tools/gcc_b1620/gcc-6.3-arm32-eabi/arm-none-eabi/newlib/lib/thumb/v7e-m/fpv4-sp/hard\libnosys.a(isatty.o)
                0x0001ef60                _isatty
 .text._lseek   0x0001ef70       0x10 C:/NXP/S32DS.3.5/S32DS/build_tools/gcc_b1620/gcc-6.3-arm32-eabi/arm-none-eabi/newlib/lib/thumb/v7e-m/fpv4-sp/hard\libnosys.a(lseek.o)
                0x0001ef70                _lseek
 .text._read    0x0001ef80       0x10 C:/NXP/S32DS.3.5/S32DS/build_tools/gcc_b1620/gcc-6.3-arm32-eabi/arm-none-eabi/newlib/lib/thumb/v7e-m/fpv4-sp/hard\libnosys.a(read.o)
                0x0001ef80                _read
 .text._sbrk    0x0001ef90       0x1c C:/NXP/S32DS.3.5/S32DS/build_tools/gcc_b1620/gcc-6.3-arm32-eabi/arm-none-eabi/newlib/lib/thumb/v7e-m/fpv4-sp/hard\libnosys.a(sbrk.o)
                0x0001ef90                _sbrk
 .text._write   0x0001efac       0x10 C:/NXP/S32DS.3.5/S32DS/build_tools/gcc_b1620/gcc-6.3-arm32-eabi/arm-none-eabi/newlib/lib/thumb/v7e-m/fpv4-sp/hard\libnosys.a(write.o)
                0x0001efac                _write
 .text._exit    0x0001efbc        0x2 C:/NXP/S32DS.3.5/S32DS/build_tools/gcc_b1620/gcc-6.3-arm32-eabi/arm-none-eabi/newlib/lib/thumb/v7e-m/fpv4-sp/hard\libnosys.a(_exit.o)
                0x0001efbc                _exit
 *(.rodata)
 *(.rodata*)
 *fill*         0x0001efbe        0x2 
 .rodata.clockNameMappings
                0x0001efc0       0x9e build/clock_S32K1xx.o
                0x0001efc0                clockNameMappings
 *fill*         0x0001f05e        0x2 
 .rodata.maxSysClksInHSRUN.7631
                0x0001f060       0x54 build/clock_S32K1xx.o
 .rodata.maxSysClksInRUN.7630
                0x0001f0b4       0x54 build/clock_S32K1xx.o
 .rodata.maxSysClksInVLPR.7629
                0x0001f108       0x54 build/clock_S32K1xx.o
 .rodata.peripheralFeaturesList
                0x0001f15c       0x4f build/clock_S32K1xx.o
                0x0001f15c                peripheralFeaturesList
 *fill*         0x0001f1ab        0x1 
 .rodata.g_flexcanBase
                0x0001f1ac        0xc build/flexcan_driver.o
 .rodata.g_ftmBase
                0x0001f1b8       0x10 build/ftm_common.o
                0x0001f1b8                g_ftmBase
 .rodata.g_ftmExtClockSel
                0x0001f1c8        0x4 build/ftm_common.o
 .rodata.g_ftmIrqId
                0x0001f1cc       0x20 build/ftm_common.o
                0x0001f1cc                g_ftmIrqId
 .rodata.g_ftmOverflowIrqId
                0x0001f1ec        0x4 build/ftm_common.o
                0x0001f1ec                g_ftmOverflowIrqId
 .rodata.g_lpi2cDMASrc
                0x0001f1f0        0x2 build/lpi2c_driver.o
 *fill*         0x0001f1f2        0x2 
 .rodata.s_lpuartBase
                0x0001f1f4        0xc build/lpuart_driver.o
 .rodata.s_lpuartClkNames
                0x0001f200        0x3 build/lpuart_driver.o
 *fill*         0x0001f203        0x1 
 .rodata.s_lpuartRxTxIrqId
                0x0001f204        0x3 build/lpuart_driver.o
 *fill*         0x0001f207        0x1 
 .rodata.Font11x18
                0x0001f208      0xd5c build/ssd1306_fonts.o
 .rodata.Font16x15
                0x0001ff64      0xb22 build/ssd1306_fonts.o
 *fill*         0x00020a86        0x2 
 .rodata.Font16x24
                0x00020a88     0x11d0 build/ssd1306_fonts.o
 .rodata.Font16x26
                0x00021c58     0x134c build/ssd1306_fonts.o
 .rodata.Font6x8
                0x00022fa4      0x5f0 build/ssd1306_fonts.o
 .rodata.Font7x10
                0x00023594      0x76c build/ssd1306_fonts.o
 .rodata.Font_11x18
                0x00023d00        0xc build/ssd1306_fonts.o
                0x00023d00                Font_11x18
 .rodata.Font_16x15
                0x00023d0c        0xc build/ssd1306_fonts.o
                0x00023d0c                Font_16x15
 .rodata.Font_16x24
                0x00023d18        0xc build/ssd1306_fonts.o
                0x00023d18                Font_16x24
 .rodata.Font_16x26
                0x00023d24        0xc build/ssd1306_fonts.o
                0x00023d24                Font_16x26
 .rodata.Font_6x8
                0x00023d30        0xc build/ssd1306_fonts.o
                0x00023d30                Font_6x8
 .rodata.Font_7x10
                0x00023d3c        0xc build/ssd1306_fonts.o
                0x00023d3c                Font_7x10
 .rodata.char_width
                0x00023d48       0x5f build/ssd1306_fonts.o
 *fill*         0x00023da7        0x1 
 .rodata.lptmr_1_config0
                0x00023da8       0x10 build/peripherals_lptmr_1.o
                0x00023da8                lptmr_1_config0
 .rodata.ACC_initialize.str1.4
                0x00023db8        0xc build/ACC.o
                                 0x10 (size before relaxing)
 .rodata.ACC_step.str1.4
                0x00023dc4       0x14 build/ACC.o
 .rodata.OLED_Ultra_Distance_get_formatted_val.str1.4
                0x00023dd8        0x4 build/genx_oled.o
 .rodata.str1.4
                0x00023ddc       0x24 build/genx_oled.o
 .rodata.Task_10ms.str1.4
                0x00023e00        0xc build/genx_scheduler.o
 .rodata.ancit_uart_message_setup.str1.4
                0x00023e0c       0x31 build/genx_uart_rte.o
 *fill*         0x00023e3d        0x3 
 .rodata.local_CreateStructLogVar.str1.4
                0x00023e40       0x68 build/rt_logging.o
 .rodata.rtGlobalLoggingSignalsStructFieldNames
                0x00023ea8      0x1c1 build/rt_logging.o
 *fill*         0x00024069        0x3 
 .rodata.rtGlobalLoggingSignalsStructFieldNames_noValDims
                0x0002406c      0x181 build/rt_logging.o
 *fill*         0x000241ed        0x3 
 .rodata.rtLocalLoggingSignalsStructFieldNames
                0x000241f0      0x181 build/rt_logging.o
 *fill*         0x00024371        0x3 
 .rodata.rtLocalLoggingSignalsStructFieldNames_noValDims
                0x00024374      0x141 build/rt_logging.o
 *fill*         0x000244b5        0x3 
 .rodata.rtMemAllocError
                0x000244b8       0x18 build/rt_logging.o
 .rodata.rtStructLogVarFieldNames
                0x000244d0       0xc1 build/rt_logging.o
 *fill*         0x00024591        0x3 
 .rodata.rt_CreateLogVarWithConvert.str1.4
                0x00024594      0x2e2 build/rt_logging.o
 *fill*         0x00024876        0x2 
 .rodata.rt_LoadModifiedLogVarName.str1.4
                0x00024878        0x5 build/rt_logging.o
 *fill*         0x0002487d        0x3 
 .rodata.rt_ReallocLogVar.str1.4
                0x00024880      0x231 build/rt_logging.o
                                0x235 (size before relaxing)
 *fill*         0x00024ab1        0x3 
 .rodata.rt_StartDataLoggingWithStartTime.str1.4
                0x00024ab4       0x31 build/rt_logging.o
 *fill*         0x00024ae5        0x3 
 .rodata.rt_UpdateLogVarWithDiscontiguousData.str1.4
                0x00024ae8       0x30 build/rt_logging.o
                                 0x2d (size before relaxing)
 .rodata._global_impure_ptr
                0x00024b18        0x4 C:/NXP/S32DS.3.5/S32DS/build_tools/gcc_b1620/gcc-6.3-arm32-eabi/arm-none-eabi/newlib/lib/thumb/v7e-m/fpv4-sp/hard\libc.a(lib_a-impure.o)
                0x00024b18                _global_impure_ptr
 .rodata._svfprintf_r.str1.1